Component: ARM Compiler 5.06 update 5 (build 528) Tool: armlink [4d35e2]

==============================================================================

Section Cross References

    cs32f0xx_int.o(i.SysTick_Handler) refers to main.o(i.timing_delay_decrement) for timing_delay_decrement
    sys.o(i.Init_system_clock) refers to cs32f0xx_rcu.o(i.rcu_def_init) for rcu_def_init
    sys.o(i.Init_system_clock) refers to cs32f0xx_rcu.o(i.rcu_hclk_config) for rcu_hclk_config
    sys.o(i.Init_system_clock) refers to cs32f0xx_rcu.o(i.rcu_pclk_config) for rcu_pclk_config
    sys.o(i.Init_system_clock) refers to cs32f0xx_rcu.o(i.rcu_pll_config) for rcu_pll_config
    sys.o(i.Init_system_clock) refers to cs32f0xx_rcu.o(i.rcu_sysclk_config) for rcu_sysclk_config
    sys.o(i.Init_system_clock) refers to cs32f0xx_rcu.o(i.rcu_hrc_calibration_adjust) for rcu_hrc_calibration_adjust
    sys.o(i.waiting_ms) refers to sys.o(i.FWDT_Clear) for FWDT_Clear
    sys.o(i.waiting_ms) refers to sys.o(.data) for time_ms
    main.o(i.delay) refers to main.o(.data) for timing_delay
    main.o(i.main) refers to sys.o(i.Init_system_clock) for Init_system_clock
    main.o(i.main) refers to gpio.o(i.Init_Gpio) for Init_Gpio
    main.o(i.main) refers to timer.o(i.Init_Timer6) for Init_Timer6
    main.o(i.main) refers to iic.o(i.init_iic_m) for init_iic_m
    main.o(i.main) refers to iic.o(i.Read_CH224A) for Read_CH224A
    main.o(i.main) refers to sys.o(i.waiting_ms) for waiting_ms
    main.o(i.main) refers to iic.o(i.Write_CH224A) for Write_CH224A
    main.o(i.main) refers to iic.o(i.CH224A_Set_Voltage) for CH224A_Set_Voltage
    main.o(i.main) refers to sys.o(i.FWDT_Clear) for FWDT_Clear
    main.o(i.main) refers to main.o(.data) for readreg
    main.o(i.timing_delay_decrement) refers to main.o(.data) for timing_delay
    gpio.o(i.Init_Gpio) refers to cs32f0xx_gpio.o(i.gpio_mode_set) for gpio_mode_set
    gpio.o(i.cover_detec) refers to sys.o(.data) for Un_Flag1
    gpio.o(i.cover_detec) refers to gpio.o(.data) for cover_ms
    gpio.o(i.input_detection) refers to gpio.o(i.key_switch_fan) for key_switch_fan
    gpio.o(i.input_detection) refers to gpio.o(i.key_fan_detec) for key_fan_detec
    gpio.o(i.input_detection) refers to gpio.o(i.key_pump_detec) for key_pump_detec
    gpio.o(i.input_detection) refers to gpio.o(i.water_level_detec) for water_level_detec
    gpio.o(i.input_detection) refers to gpio.o(i.cover_detec) for cover_detec
    gpio.o(i.key_fan_detec) refers to timer.o(i.Fan_Pwm) for Fan_Pwm
    gpio.o(i.key_fan_detec) refers to gpio.o(i.led_fan) for led_fan
    gpio.o(i.key_fan_detec) refers to sys.o(.data) for Un_Flag0
    gpio.o(i.key_fan_detec) refers to gpio.o(.data) for key_fan_ms
    gpio.o(i.key_pump_detec) refers to gpio.o(i.user_switch_pump) for user_switch_pump
    gpio.o(i.key_pump_detec) refers to sys.o(.data) for Un_Flag0
    gpio.o(i.key_pump_detec) refers to gpio.o(.data) for key_pump_ms
    gpio.o(i.key_switch_fan) refers to timer.o(i.Fan_Open) for Fan_Open
    gpio.o(i.key_switch_fan) refers to timer.o(i.Fan_Off) for Fan_Off
    gpio.o(i.key_switch_fan) refers to sys.o(.data) for Un_Flag0
    gpio.o(i.key_switch_fan) refers to gpio.o(.data) for key_power_ms
    gpio.o(i.pump_wait_off) refers to gpio.o(i.user_switch_pump) for user_switch_pump
    gpio.o(i.pump_wait_off) refers to sys.o(.data) for Un_Flag1
    gpio.o(i.user_switch_pump) refers to sys.o(.data) for Un_Flag1
    gpio.o(i.water_level_detec) refers to sys.o(.data) for Un_Flag1
    gpio.o(i.water_level_detec) refers to gpio.o(.data) for water_level_ms
    timer.o(i.Fan_Off) refers to cs32f0xx_gpio.o(i.gpio_mode_set) for gpio_mode_set
    timer.o(i.Fan_Off) refers to sys.o(.data) for Un_Flag1
    timer.o(i.Fan_Open) refers to timer.o(i.Init_Timer1) for Init_Timer1
    timer.o(i.Fan_Open) refers to gpio.o(i.led_fan) for led_fan
    timer.o(i.Fan_Open) refers to sys.o(.data) for fan_pwm_set
    timer.o(i.Init_Timer1) refers to cs32f0xx_gpio.o(i.gpio_mf_config) for gpio_mf_config
    timer.o(i.Init_Timer1) refers to cs32f0xx_gpio.o(i.gpio_mode_set) for gpio_mode_set
    timer.o(i.Init_Timer1) refers to cs32f0xx_tim.o(i.tim_base_init) for tim_base_init
    timer.o(i.Init_Timer1) refers to cs32f0xx_tim.o(i.tim_choc_init) for tim_choc_init
    timer.o(i.Init_Timer3) refers to cs32f0xx_gpio.o(i.gpio_mf_config) for gpio_mf_config
    timer.o(i.Init_Timer3) refers to cs32f0xx_gpio.o(i.gpio_mode_set) for gpio_mode_set
    timer.o(i.Init_Timer3) refers to cs32f0xx_tim.o(i.tim_chic_init) for tim_chic_init
    timer.o(i.Init_Timer3) refers to cs32f0xx_misc.o(i.nvic_init) for nvic_init
    timer.o(i.Init_Timer6) refers to cs32f0xx_tim.o(i.tim_base_init) for tim_base_init
    timer.o(i.Init_Timer6) refers to cs32f0xx_tim.o(i.tim_prescaler_set) for tim_prescaler_set
    timer.o(i.Init_Timer6) refers to cs32f0xx_misc.o(i.nvic_init) for nvic_init
    timer.o(i.TIM3_IRQHandler) refers to uidiv.o(.text) for __aeabi_uidivmod
    timer.o(i.TIM3_IRQHandler) refers to dfltui.o(.text) for __aeabi_ui2d
    timer.o(i.TIM3_IRQHandler) refers to ddiv.o(.text) for __aeabi_ddiv
    timer.o(i.TIM3_IRQHandler) refers to dmul.o(.text) for __aeabi_dmul
    timer.o(i.TIM3_IRQHandler) refers to dfixui.o(.text) for __aeabi_d2uiz
    timer.o(i.TIM3_IRQHandler) refers to timer.o(.data) for capture_flag
    timer.o(i.TIM6_IRQHandler) refers to gpio.o(i.input_detection) for input_detection
    timer.o(i.TIM6_IRQHandler) refers to gpio.o(i.pump_wait_off) for pump_wait_off
    timer.o(i.TIM6_IRQHandler) refers to sys.o(.data) for time_ms
    uart.o(i.Init_Uart1) refers to memseta.o(.text) for __aeabi_memclr4
    uart.o(i.Init_Uart1) refers to cs32f0xx_gpio.o(i.gpio_mf_config) for gpio_mf_config
    uart.o(i.Init_Uart1) refers to cs32f0xx_gpio.o(i.gpio_mode_set) for gpio_mode_set
    uart.o(i.Init_Uart1) refers to cs32f0xx_usart.o(i.usart_init) for usart_init
    iic.o(i.CH224A_Set_Voltage) refers to iic.o(i.iic_master_write) for iic_master_write
    iic.o(i.CH224A_Set_Voltage) refers to sys.o(i.waiting_ms) for waiting_ms
    iic.o(i.Init_IIC) refers to cs32f0xx_gpio.o(i.gpio_mf_config) for gpio_mf_config
    iic.o(i.Init_IIC) refers to cs32f0xx_gpio.o(i.gpio_mode_set) for gpio_mode_set
    iic.o(i.Init_IIC) refers to iic.o(i.iic_master_config) for iic_master_config
    iic.o(i.Reack) refers to cs32f0xx_gpio.o(i.gpio_mode_set) for gpio_mode_set
    iic.o(i.Reack) refers to iic.o(i.delay_us) for delay_us
    iic.o(i.ReadByte) refers to cs32f0xx_gpio.o(i.gpio_mode_set) for gpio_mode_set
    iic.o(i.ReadByte) refers to iic.o(i.delay_us) for delay_us
    iic.o(i.Read_CH224A) refers to iic.o(i.delay_us) for delay_us
    iic.o(i.Read_CH224A) refers to iic.o(i.Start) for Start
    iic.o(i.Read_CH224A) refers to iic.o(i.WriteByte) for WriteByte
    iic.o(i.Read_CH224A) refers to iic.o(i.Reack) for Reack
    iic.o(i.Read_CH224A) refers to iic.o(i.ReadByte) for ReadByte
    iic.o(i.Read_CH224A) refers to iic.o(i.Stop) for Stop
    iic.o(i.Start) refers to iic.o(i.delay_us) for delay_us
    iic.o(i.Stop) refers to iic.o(i.delay_us) for delay_us
    iic.o(i.WriteByte) refers to iic.o(i.delay_us) for delay_us
    iic.o(i.Write_CH224A) refers to iic.o(i.delay_us) for delay_us
    iic.o(i.Write_CH224A) refers to iic.o(i.Start) for Start
    iic.o(i.Write_CH224A) refers to iic.o(i.WriteByte) for WriteByte
    iic.o(i.Write_CH224A) refers to iic.o(i.Reack) for Reack
    iic.o(i.Write_CH224A) refers to iic.o(i.Stop) for Stop
    iic.o(i.iic_master_config) refers to cs32f0xx_i2c.o(i.i2c_init) for i2c_init
    iic.o(i.iic_master_read) refers to cs32f0xx_i2c.o(i.i2c_slave_address_config) for i2c_slave_address_config
    iic.o(i.iic_master_read) refers to cs32f0xx_i2c.o(i.i2c_request_direction_config) for i2c_request_direction_config
    iic.o(i.iic_master_read) refers to cs32f0xx_i2c.o(i.i2c_bytes_number_config) for i2c_bytes_number_config
    iic.o(i.iic_master_read) refers to sys.o(.data) for time_ms
    iic.o(i.iic_master_write) refers to cs32f0xx_i2c.o(i.i2c_slave_address_config) for i2c_slave_address_config
    iic.o(i.iic_master_write) refers to cs32f0xx_i2c.o(i.i2c_request_direction_config) for i2c_request_direction_config
    iic.o(i.iic_master_write) refers to cs32f0xx_i2c.o(i.i2c_bytes_number_config) for i2c_bytes_number_config
    iic.o(i.iic_master_write) refers to sys.o(.data) for time_ms
    iic.o(i.init_iic_m) refers to cs32f0xx_gpio.o(i.gpio_mode_set) for gpio_mode_set
    adc.o(i.Init_Adc) refers to cs32f0xx_gpio.o(i.gpio_mode_set) for gpio_mode_set
    adc.o(i.Init_Adc) refers to cs32f0xx_adc.o(i.adc_def_init) for adc_def_init
    adc.o(i.Init_Adc) refers to cs32f0xx_adc.o(i.adc_config_struct_init) for adc_config_struct_init
    adc.o(i.Init_Adc) refers to cs32f0xx_adc.o(i.adc_init) for adc_init
    adc.o(i.Init_Adc) refers to cs32f0xx_adc.o(i.adc_channel_config) for adc_channel_config
    adc.o(i.Init_Adc) refers to cs32f0xx_adc.o(i.adc_calibration_value_get) for adc_calibration_value_get
    adc.o(i.Init_Adc) refers to cs32f0xx_adc.o(i.adc_conversion_start) for adc_conversion_start
    cs32f0xx_dma.o(i.dma_def_init) refers to uidiv.o(.text) for __aeabi_uidivmod
    cs32f0xx_dma.o(i.dma_transfer_config) refers to uidiv.o(.text) for __aeabi_uidivmod
    cs32f0xx_flash.o(i.flash_all_pages_erase) refers to cs32f0xx_flash.o(i.flash_operation_wait) for flash_operation_wait
    cs32f0xx_flash.o(i.flash_half_word_program) refers to cs32f0xx_flash.o(i.flash_operation_wait) for flash_operation_wait
    cs32f0xx_flash.o(i.flash_option_bytes_erase) refers to cs32f0xx_flash.o(i.flash_operation_wait) for flash_operation_wait
    cs32f0xx_flash.o(i.flash_option_bytes_read_protect_config) refers to cs32f0xx_flash.o(i.flash_option_bytes_set) for flash_option_bytes_set
    cs32f0xx_flash.o(i.flash_option_bytes_set) refers to cs32f0xx_flash.o(i.flash_operation_wait) for flash_operation_wait
    cs32f0xx_flash.o(i.flash_option_bytes_user_set) refers to cs32f0xx_flash.o(i.flash_option_bytes_set) for flash_option_bytes_set
    cs32f0xx_flash.o(i.flash_option_bytes_write_protect_enable) refers to cs32f0xx_flash.o(i.flash_option_bytes_set) for flash_option_bytes_set
    cs32f0xx_flash.o(i.flash_page_erase) refers to cs32f0xx_flash.o(i.flash_operation_wait) for flash_operation_wait
    cs32f0xx_flash.o(i.flash_word_program) refers to cs32f0xx_flash.o(i.flash_operation_wait) for flash_operation_wait
    cs32f0xx_rcu.o(i.rcu_clk_freq_get) refers to uidiv.o(.text) for __aeabi_uidivmod
    cs32f0xx_rcu.o(i.rcu_clk_freq_get) refers to cs32f0xx_rcu.o(.data) for APBAHBPrescTable
    cs32f0xx_rtc.o(i.rtc_adj_register_config) refers to cs32f0xx_rtc.o(i.rtc_synchro_wait) for rtc_synchro_wait
    cs32f0xx_rtc.o(i.rtc_alarm_get) refers to cs32f0xx_rtc.o(i.rtc_bcd_convert_byte) for rtc_bcd_convert_byte
    cs32f0xx_rtc.o(i.rtc_alarm_set) refers to cs32f0xx_rtc.o(i.rtc_bcd_convert_byte) for rtc_bcd_convert_byte
    cs32f0xx_rtc.o(i.rtc_alarm_set) refers to cs32f0xx_rtc.o(i.rtc_byte_convert_bcd) for rtc_byte_convert_bcd
    cs32f0xx_rtc.o(i.rtc_date_get) refers to cs32f0xx_rtc.o(i.rtc_bcd_convert_byte) for rtc_bcd_convert_byte
    cs32f0xx_rtc.o(i.rtc_date_set) refers to cs32f0xx_rtc.o(i.rtc_bcd_convert_byte) for rtc_bcd_convert_byte
    cs32f0xx_rtc.o(i.rtc_date_set) refers to cs32f0xx_rtc.o(i.rtc_byte_convert_bcd) for rtc_byte_convert_bcd
    cs32f0xx_rtc.o(i.rtc_date_set) refers to cs32f0xx_rtc.o(i.rtc_init_mode_enter) for rtc_init_mode_enter
    cs32f0xx_rtc.o(i.rtc_date_set) refers to cs32f0xx_rtc.o(i.rtc_synchro_wait) for rtc_synchro_wait
    cs32f0xx_rtc.o(i.rtc_def_init) refers to cs32f0xx_rtc.o(i.rtc_init_mode_enter) for rtc_init_mode_enter
    cs32f0xx_rtc.o(i.rtc_def_init) refers to cs32f0xx_rtc.o(i.rtc_synchro_wait) for rtc_synchro_wait
    cs32f0xx_rtc.o(i.rtc_init) refers to cs32f0xx_rtc.o(i.rtc_init_mode_enter) for rtc_init_mode_enter
    cs32f0xx_rtc.o(i.rtc_outside_clock_enable_ctrl) refers to cs32f0xx_rtc.o(i.rtc_init_mode_enter) for rtc_init_mode_enter
    cs32f0xx_rtc.o(i.rtc_time_get) refers to cs32f0xx_rtc.o(i.rtc_bcd_convert_byte) for rtc_bcd_convert_byte
    cs32f0xx_rtc.o(i.rtc_time_recording_get) refers to cs32f0xx_rtc.o(i.rtc_bcd_convert_byte) for rtc_bcd_convert_byte
    cs32f0xx_rtc.o(i.rtc_time_set) refers to cs32f0xx_rtc.o(i.rtc_bcd_convert_byte) for rtc_bcd_convert_byte
    cs32f0xx_rtc.o(i.rtc_time_set) refers to cs32f0xx_rtc.o(i.rtc_byte_convert_bcd) for rtc_byte_convert_bcd
    cs32f0xx_rtc.o(i.rtc_time_set) refers to cs32f0xx_rtc.o(i.rtc_init_mode_enter) for rtc_init_mode_enter
    cs32f0xx_rtc.o(i.rtc_time_set) refers to cs32f0xx_rtc.o(i.rtc_synchro_wait) for rtc_synchro_wait
    cs32f0xx_spi.o(i.i2s_init) refers to cs32f0xx_rcu.o(i.rcu_clk_freq_get) for rcu_clk_freq_get
    cs32f0xx_spi.o(i.i2s_init) refers to uidiv.o(.text) for __aeabi_uidivmod
    cs32f0xx_tim.o(i.tim_chic_init) refers to cs32f0xx_tim.o(i.tim_chic_config) for tim_chic_config
    cs32f0xx_tim.o(i.tim_chic_init) refers to cs32f0xx_tim.o(i.tim_chic_predivider_set) for tim_chic_predivider_set
    cs32f0xx_tim.o(i.tim_external_clock_mode1_config) refers to cs32f0xx_tim.o(i.tim_external_trigger_config) for tim_external_trigger_config
    cs32f0xx_tim.o(i.tim_external_clock_mode2_config) refers to cs32f0xx_tim.o(i.tim_external_trigger_config) for tim_external_trigger_config
    cs32f0xx_tim.o(i.tim_internal_trigger_external_clock_config) refers to cs32f0xx_tim.o(i.tim_input_trigger_set) for tim_input_trigger_set
    cs32f0xx_tim.o(i.tim_pwmi_config) refers to cs32f0xx_tim.o(i.tim_chic_config) for tim_chic_config
    cs32f0xx_tim.o(i.tim_pwmi_config) refers to cs32f0xx_tim.o(i.tim_chic_predivider_set) for tim_chic_predivider_set
    cs32f0xx_tim.o(i.tim_ti_external_clock_config) refers to cs32f0xx_tim.o(i.tim_chic_config) for tim_chic_config
    cs32f0xx_tim.o(i.tim_ti_external_clock_config) refers to cs32f0xx_tim.o(i.tim_input_trigger_set) for tim_input_trigger_set
    cs32f0xx_usart.o(i.usart_init) refers to cs32f0xx_rcu.o(i.rcu_clk_freq_get) for rcu_clk_freq_get
    cs32f0xx_usart.o(i.usart_init) refers to uidiv.o(.text) for __aeabi_uidivmod
    startup_cs32f030.o(RESET) refers to startup_cs32f030.o(STACK) for __initial_sp
    startup_cs32f030.o(RESET) refers to startup_cs32f030.o(.text) for Reset_Handler
    startup_cs32f030.o(RESET) refers to cs32f0xx_int.o(i.NMI_Handler) for NMI_Handler
    startup_cs32f030.o(RESET) refers to cs32f0xx_int.o(i.HardFault_Handler) for HardFault_Handler
    startup_cs32f030.o(RESET) refers to cs32f0xx_int.o(i.SVC_Handler) for SVC_Handler
    startup_cs32f030.o(RESET) refers to cs32f0xx_int.o(i.PendSV_Handler) for PendSV_Handler
    startup_cs32f030.o(RESET) refers to cs32f0xx_int.o(i.SysTick_Handler) for SysTick_Handler
    startup_cs32f030.o(RESET) refers to timer.o(i.TIM3_IRQHandler) for TIM3_IRQHandler
    startup_cs32f030.o(RESET) refers to timer.o(i.TIM6_IRQHandler) for TIM6_IRQHandler
    startup_cs32f030.o(.text) refers to system_cs32f0xx.o(i.SystemInit) for SystemInit
    startup_cs32f030.o(.text) refers to entry.o(.ARM.Collect$$$$00000000) for __main
    system_cs32f0xx.o(i.SystemCoreClockUpdate) refers to uidiv.o(.text) for __aeabi_uidivmod
    system_cs32f0xx.o(i.SystemCoreClockUpdate) refers to system_cs32f0xx.o(.data) for SystemCoreClock
    system_cs32f0xx.o(i.SystemInit) refers to system_cs32f0xx.o(i.SetSysClock) for SetSysClock
    entry.o(.ARM.Collect$$$$00000000) refers (Special) to entry10a.o(.ARM.Collect$$$$0000000D) for __rt_final_cpp
    entry.o(.ARM.Collect$$$$00000000) refers (Special) to entry11a.o(.ARM.Collect$$$$0000000F) for __rt_final_exit
    entry.o(.ARM.Collect$$$$00000000) refers (Special) to entry7b.o(.ARM.Collect$$$$00000008) for _main_clock
    entry.o(.ARM.Collect$$$$00000000) refers (Special) to entry8b.o(.ARM.Collect$$$$0000000A) for _main_cpp_init
    entry.o(.ARM.Collect$$$$00000000) refers (Special) to entry9a.o(.ARM.Collect$$$$0000000B) for _main_init
    entry.o(.ARM.Collect$$$$00000000) refers (Special) to entry5.o(.ARM.Collect$$$$00000004) for _main_scatterload
    entry.o(.ARM.Collect$$$$00000000) refers (Special) to entry2.o(.ARM.Collect$$$$00000001) for _main_stk
    dmul.o(.text) refers (Special) to iusefp.o(.text) for __I$use$fp
    dmul.o(.text) refers to depilogue.o(.text) for _double_epilogue
    ddiv.o(.text) refers (Special) to iusefp.o(.text) for __I$use$fp
    ddiv.o(.text) refers to depilogue.o(.text) for _double_round
    dfltui.o(.text) refers (Special) to iusefp.o(.text) for __I$use$fp
    dfltui.o(.text) refers to depilogue.o(.text) for _double_epilogue
    dfixui.o(.text) refers (Special) to iusefp.o(.text) for __I$use$fp
    dfixui.o(.text) refers to llushr.o(.text) for __aeabi_llsr
    entry2.o(.ARM.Collect$$$$00000001) refers to entry2.o(.ARM.Collect$$$$00002712) for __lit__00000000
    entry2.o(.ARM.Collect$$$$00002712) refers to startup_cs32f030.o(STACK) for __initial_sp
    entry2.o(__vectab_stack_and_reset_area) refers to startup_cs32f030.o(STACK) for __initial_sp
    entry2.o(__vectab_stack_and_reset_area) refers to entry.o(.ARM.Collect$$$$00000000) for __main
    entry5.o(.ARM.Collect$$$$00000004) refers to init.o(.text) for __scatterload
    entry9a.o(.ARM.Collect$$$$0000000B) refers to main.o(i.main) for main
    entry9b.o(.ARM.Collect$$$$0000000C) refers to main.o(i.main) for main
    depilogue.o(.text) refers to depilogue.o(i.__ARM_clz) for __ARM_clz
    depilogue.o(.text) refers to llshl.o(.text) for __aeabi_llsl
    depilogue.o(.text) refers to llushr.o(.text) for __aeabi_llsr
    init.o(.text) refers to entry5.o(.ARM.Collect$$$$00000004) for __main_after_scatterload


==============================================================================

Removing Unused input sections from the image.

    Removing cs32f0xx_int.o(.rev16_text), (4 bytes).
    Removing cs32f0xx_int.o(.revsh_text), (4 bytes).
    Removing sys.o(.rev16_text), (4 bytes).
    Removing sys.o(.revsh_text), (4 bytes).
    Removing sys.o(i.Init_FWDT), (68 bytes).
    Removing main.o(.rev16_text), (4 bytes).
    Removing main.o(.revsh_text), (4 bytes).
    Removing main.o(i.delay), (24 bytes).
    Removing gpio.o(.rev16_text), (4 bytes).
    Removing gpio.o(.revsh_text), (4 bytes).
    Removing timer.o(.rev16_text), (4 bytes).
    Removing timer.o(.revsh_text), (4 bytes).
    Removing timer.o(i.Init_Timer15), (2 bytes).
    Removing timer.o(i.Init_Timer3), (116 bytes).
    Removing uart.o(.rev16_text), (4 bytes).
    Removing uart.o(.revsh_text), (4 bytes).
    Removing uart.o(i.Init_Uart1), (148 bytes).
    Removing uart.o(i.fputc), (32 bytes).
    Removing iic.o(.rev16_text), (4 bytes).
    Removing iic.o(.revsh_text), (4 bytes).
    Removing iic.o(i.Init_IIC), (76 bytes).
    Removing iic.o(i.iic_master_config), (60 bytes).
    Removing iic.o(i.iic_master_read), (224 bytes).
    Removing adc.o(.rev16_text), (4 bytes).
    Removing adc.o(.revsh_text), (4 bytes).
    Removing adc.o(i.Init_Adc), (140 bytes).
    Removing adc.o(i.get_adc_value), (52 bytes).
    Removing cs32f0xx_adc.o(.rev16_text), (4 bytes).
    Removing cs32f0xx_adc.o(.revsh_text), (4 bytes).
    Removing cs32f0xx_adc.o(i.adc_calibration_value_get), (60 bytes).
    Removing cs32f0xx_adc.o(i.adc_channel_config), (10 bytes).
    Removing cs32f0xx_adc.o(i.adc_config_struct_init), (16 bytes).
    Removing cs32f0xx_adc.o(i.adc_conversion_start), (18 bytes).
    Removing cs32f0xx_adc.o(i.adc_conversion_stop), (10 bytes).
    Removing cs32f0xx_adc.o(i.adc_def_init), (72 bytes).
    Removing cs32f0xx_adc.o(i.adc_dma_mode_set), (12 bytes).
    Removing cs32f0xx_adc.o(i.adc_init), (44 bytes).
    Removing cs32f0xx_adc.o(i.adc_watchdog_channel_select), (14 bytes).
    Removing cs32f0xx_crc.o(.rev16_text), (4 bytes).
    Removing cs32f0xx_crc.o(.revsh_text), (4 bytes).
    Removing cs32f0xx_crc.o(i.crc_crc16_calc), (16 bytes).
    Removing cs32f0xx_crc.o(i.crc_crc32_calc), (16 bytes).
    Removing cs32f0xx_crc.o(i.crc_crc8_calc), (16 bytes).
    Removing cs32f0xx_crc.o(i.crc_data_buffer_calc), (36 bytes).
    Removing cs32f0xx_crc.o(i.crc_def_init), (28 bytes).
    Removing cs32f0xx_crc.o(i.crc_input_data_reverse), (20 bytes).
    Removing cs32f0xx_debug.o(.rev16_text), (4 bytes).
    Removing cs32f0xx_debug.o(.revsh_text), (4 bytes).
    Removing cs32f0xx_dma.o(.rev16_text), (4 bytes).
    Removing cs32f0xx_dma.o(.revsh_text), (4 bytes).
    Removing cs32f0xx_dma.o(i.dma_def_init), (64 bytes).
    Removing cs32f0xx_dma.o(i.dma_init), (92 bytes).
    Removing cs32f0xx_dma.o(i.dma_struct_config), (26 bytes).
    Removing cs32f0xx_dma.o(i.dma_transfer_config), (52 bytes).
    Removing cs32f0xx_exti.o(.rev16_text), (4 bytes).
    Removing cs32f0xx_exti.o(.revsh_text), (4 bytes).
    Removing cs32f0xx_exti.o(i.exti_def_init), (28 bytes).
    Removing cs32f0xx_flash.o(.rev16_text), (4 bytes).
    Removing cs32f0xx_flash.o(.revsh_text), (4 bytes).
    Removing cs32f0xx_flash.o(i.flash_all_pages_erase), (60 bytes).
    Removing cs32f0xx_flash.o(i.flash_half_word_program), (52 bytes).
    Removing cs32f0xx_flash.o(i.flash_lock), (20 bytes).
    Removing cs32f0xx_flash.o(i.flash_operation_wait), (56 bytes).
    Removing cs32f0xx_flash.o(i.flash_option_bytes_erase), (152 bytes).
    Removing cs32f0xx_flash.o(i.flash_option_bytes_lock), (20 bytes).
    Removing cs32f0xx_flash.o(i.flash_option_bytes_read_protect_config), (24 bytes).
    Removing cs32f0xx_flash.o(i.flash_option_bytes_set), (204 bytes).
    Removing cs32f0xx_flash.o(i.flash_option_bytes_unlock), (40 bytes).
    Removing cs32f0xx_flash.o(i.flash_option_bytes_user_set), (24 bytes).
    Removing cs32f0xx_flash.o(i.flash_option_bytes_write_protect_enable), (52 bytes).
    Removing cs32f0xx_flash.o(i.flash_page_erase), (76 bytes).
    Removing cs32f0xx_flash.o(i.flash_unlock), (36 bytes).
    Removing cs32f0xx_flash.o(i.flash_wait_counter_set), (20 bytes).
    Removing cs32f0xx_flash.o(i.flash_word_program), (64 bytes).
    Removing cs32f0xx_fwdt.o(.rev16_text), (4 bytes).
    Removing cs32f0xx_fwdt.o(.revsh_text), (4 bytes).
    Removing cs32f0xx_gpio.o(.rev16_text), (4 bytes).
    Removing cs32f0xx_gpio.o(.revsh_text), (4 bytes).
    Removing cs32f0xx_gpio.o(i.gpio_pin_lock_config), (30 bytes).
    Removing cs32f0xx_i2c.o(.rev16_text), (4 bytes).
    Removing cs32f0xx_i2c.o(.revsh_text), (4 bytes).
    Removing cs32f0xx_i2c.o(i.i2c_init), (104 bytes).
    Removing cs32f0xx_i2c.o(i.i2c_overtime_a_config), (16 bytes).
    Removing cs32f0xx_i2c.o(i.i2c_overtime_b_config), (28 bytes).
    Removing cs32f0xx_i2c.o(i.i2c_pec_enable_ctrl), (60 bytes).
    Removing cs32f0xx_i2c.o(i.i2c_slave_address2_config), (32 bytes).
    Removing cs32f0xx_i2c.o(i.i2c_software_reset), (20 bytes).
    Removing cs32f0xx_i2c.o(i.i2c_struct_init), (24 bytes).
    Removing cs32f0xx_i2c.o(i.i2c_transfer_handle), (68 bytes).
    Removing cs32f0xx_misc.o(.rev16_text), (4 bytes).
    Removing cs32f0xx_misc.o(.revsh_text), (4 bytes).
    Removing cs32f0xx_misc.o(i.systick_clock_config), (20 bytes).
    Removing cs32f0xx_pmu.o(.rev16_text), (4 bytes).
    Removing cs32f0xx_pmu.o(.revsh_text), (4 bytes).
    Removing cs32f0xx_pmu.o(i.pmu_deep_sleep_mode_enter), (88 bytes).
    Removing cs32f0xx_pmu.o(i.pmu_low_vol_detector_config), (20 bytes).
    Removing cs32f0xx_pmu.o(i.pmu_power_down_enter), (60 bytes).
    Removing cs32f0xx_pmu.o(i.pmu_sleep_mode_set), (32 bytes).
    Removing cs32f0xx_rcu.o(.rev16_text), (4 bytes).
    Removing cs32f0xx_rcu.o(.revsh_text), (4 bytes).
    Removing cs32f0xx_rcu.o(i.rcu_clk_freq_get), (292 bytes).
    Removing cs32f0xx_rcu.o(i.rcu_clkout_config), (24 bytes).
    Removing cs32f0xx_rcu.o(i.rcu_hrc14_calibration_adjust), (24 bytes).
    Removing cs32f0xx_rcu.o(i.rcu_hxt_drive_config), (24 bytes).
    Removing cs32f0xx_rcu.o(i.rcu_hxt_stabilization_wait), (72 bytes).
    Removing cs32f0xx_rcu.o(i.rcu_i2cclk_config), (20 bytes).
    Removing cs32f0xx_rcu.o(i.rcu_lxt_drive_config), (20 bytes).
    Removing cs32f0xx_rcu.o(i.rcu_rtcclk_config), (16 bytes).
    Removing cs32f0xx_rcu.o(i.rcu_usartclk_config), (20 bytes).
    Removing cs32f0xx_rcu.o(.data), (16 bytes).
    Removing cs32f0xx_rtc.o(.rev16_text), (4 bytes).
    Removing cs32f0xx_rtc.o(.revsh_text), (4 bytes).
    Removing cs32f0xx_rtc.o(i.rtc_adj_register_config), (108 bytes).
    Removing cs32f0xx_rtc.o(i.rtc_alarm_enable_ctrl), (104 bytes).
    Removing cs32f0xx_rtc.o(i.rtc_alarm_get), (120 bytes).
    Removing cs32f0xx_rtc.o(i.rtc_alarm_set), (200 bytes).
    Removing cs32f0xx_rtc.o(i.rtc_alarm_struct_init), (22 bytes).
    Removing cs32f0xx_rtc.o(i.rtc_bcd_convert_byte), (26 bytes).
    Removing cs32f0xx_rtc.o(i.rtc_byte_convert_bcd), (28 bytes).
    Removing cs32f0xx_rtc.o(i.rtc_cali_output_config), (24 bytes).
    Removing cs32f0xx_rtc.o(i.rtc_date_get), (96 bytes).
    Removing cs32f0xx_rtc.o(i.rtc_date_set), (200 bytes).
    Removing cs32f0xx_rtc.o(i.rtc_date_struct_init), (14 bytes).
    Removing cs32f0xx_rtc.o(i.rtc_daylight_saving_config), (28 bytes).
    Removing cs32f0xx_rtc.o(i.rtc_def_init), (92 bytes).
    Removing cs32f0xx_rtc.o(i.rtc_inbreak_filter_config), (24 bytes).
    Removing cs32f0xx_rtc.o(i.rtc_inbreak_precharge_duration), (24 bytes).
    Removing cs32f0xx_rtc.o(i.rtc_inbreak_sample_freq_config), (24 bytes).
    Removing cs32f0xx_rtc.o(i.rtc_init), (68 bytes).
    Removing cs32f0xx_rtc.o(i.rtc_init_mode_enter), (88 bytes).
    Removing cs32f0xx_rtc.o(i.rtc_output_config), (28 bytes).
    Removing cs32f0xx_rtc.o(i.rtc_output_type_config), (24 bytes).
    Removing cs32f0xx_rtc.o(i.rtc_outside_clock_enable_ctrl), (68 bytes).
    Removing cs32f0xx_rtc.o(i.rtc_struct_init), (14 bytes).
    Removing cs32f0xx_rtc.o(i.rtc_subsecond_get), (16 bytes).
    Removing cs32f0xx_rtc.o(i.rtc_swallow_config), (84 bytes).
    Removing cs32f0xx_rtc.o(i.rtc_synchro_wait), (92 bytes).
    Removing cs32f0xx_rtc.o(i.rtc_time_get), (92 bytes).
    Removing cs32f0xx_rtc.o(i.rtc_time_recording_config), (52 bytes).
    Removing cs32f0xx_rtc.o(i.rtc_time_recording_get), (164 bytes).
    Removing cs32f0xx_rtc.o(i.rtc_time_set), (208 bytes).
    Removing cs32f0xx_rtc.o(i.rtc_time_struct_init), (12 bytes).
    Removing cs32f0xx_spi.o(.rev16_text), (4 bytes).
    Removing cs32f0xx_spi.o(.revsh_text), (4 bytes).
    Removing cs32f0xx_spi.o(i.i2s_config_struct_init), (20 bytes).
    Removing cs32f0xx_spi.o(i.i2s_init), (224 bytes).
    Removing cs32f0xx_spi.o(i.spi_config_struct_init), (30 bytes).
    Removing cs32f0xx_spi.o(i.spi_crc_length_set), (14 bytes).
    Removing cs32f0xx_spi.o(i.spi_data_width_set), (14 bytes).
    Removing cs32f0xx_spi.o(i.spi_dma_odd_even_set), (14 bytes).
    Removing cs32f0xx_spi.o(i.spi_fifo_recv_threshold_set), (14 bytes).
    Removing cs32f0xx_spi.o(i.spi_init), (84 bytes).
    Removing cs32f0xx_spi.o(i.spi_software_nss_config), (14 bytes).
    Removing cs32f0xx_spi.o(i.spi_transmit_direct_set), (14 bytes).
    Removing cs32f0xx_syscfg.o(.rev16_text), (4 bytes).
    Removing cs32f0xx_syscfg.o(.revsh_text), (4 bytes).
    Removing cs32f0xx_syscfg.o(i.syscfg_def_init), (44 bytes).
    Removing cs32f0xx_syscfg.o(i.syscfg_exti_line_config), (44 bytes).
    Removing cs32f0xx_syscfg.o(i.syscfg_gpio_vth_config), (36 bytes).
    Removing cs32f0xx_syscfg.o(i.syscfg_memory_remap_set), (20 bytes).
    Removing cs32f0xx_tim.o(.rev16_text), (4 bytes).
    Removing cs32f0xx_tim.o(.revsh_text), (4 bytes).
    Removing cs32f0xx_tim.o(i.tim_base_struct_init), (18 bytes).
    Removing cs32f0xx_tim.o(i.tim_chcc_enable_ctrl), (24 bytes).
    Removing cs32f0xx_tim.o(i.tim_chcc_polarity_set), (24 bytes).
    Removing cs32f0xx_tim.o(i.tim_chic_config), (86 bytes).
    Removing cs32f0xx_tim.o(i.tim_chic_init), (34 bytes).
    Removing cs32f0xx_tim.o(i.tim_chic_predivider_set), (44 bytes).
    Removing cs32f0xx_tim.o(i.tim_chic_struct_init), (18 bytes).
    Removing cs32f0xx_tim.o(i.tim_chncc_enable_ctrl), (24 bytes).
    Removing cs32f0xx_tim.o(i.tim_chncc_polarity_set), (24 bytes).
    Removing cs32f0xx_tim.o(i.tim_choc_clear_set), (44 bytes).
    Removing cs32f0xx_tim.o(i.tim_choc_fast_set), (44 bytes).
    Removing cs32f0xx_tim.o(i.tim_choc_forced_set), (44 bytes).
    Removing cs32f0xx_tim.o(i.tim_choc_mode_set), (56 bytes).
    Removing cs32f0xx_tim.o(i.tim_choc_preload_set), (44 bytes).
    Removing cs32f0xx_tim.o(i.tim_choc_struct_init), (20 bytes).
    Removing cs32f0xx_tim.o(i.tim_clock_division_set), (14 bytes).
    Removing cs32f0xx_tim.o(i.tim_count_pattern_set), (12 bytes).
    Removing cs32f0xx_tim.o(i.tim_dma_access_config), (8 bytes).
    Removing cs32f0xx_tim.o(i.tim_encoder_interface_set), (44 bytes).
    Removing cs32f0xx_tim.o(i.tim_external_clock_mode1_config), (34 bytes).
    Removing cs32f0xx_tim.o(i.tim_external_clock_mode2_config), (34 bytes).
    Removing cs32f0xx_tim.o(i.tim_external_trigger_config), (24 bytes).
    Removing cs32f0xx_tim.o(i.tim_input_trigger_set), (12 bytes).
    Removing cs32f0xx_tim.o(i.tim_internal_clock_config), (10 bytes).
    Removing cs32f0xx_tim.o(i.tim_internal_trigger_external_clock_config), (24 bytes).
    Removing cs32f0xx_tim.o(i.tim_master_slave_set), (12 bytes).
    Removing cs32f0xx_tim.o(i.tim_protect_config), (30 bytes).
    Removing cs32f0xx_tim.o(i.tim_protect_struct_init), (18 bytes).
    Removing cs32f0xx_tim.o(i.tim_pulse_mode_set), (12 bytes).
    Removing cs32f0xx_tim.o(i.tim_pwmi_config), (148 bytes).
    Removing cs32f0xx_tim.o(i.tim_slave_mode_set), (12 bytes).
    Removing cs32f0xx_tim.o(i.tim_ti_external_clock_config), (62 bytes).
    Removing cs32f0xx_tim.o(i.tim_trigger_output_set), (12 bytes).
    Removing cs32f0xx_tim.o(i.tim_update_request_set), (12 bytes).
    Removing cs32f0xx_usart.o(.rev16_text), (4 bytes).
    Removing cs32f0xx_usart.o(.revsh_text), (4 bytes).
    Removing cs32f0xx_usart.o(i.usart_addr_detect_set), (12 bytes).
    Removing cs32f0xx_usart.o(i.usart_address_set), (14 bytes).
    Removing cs32f0xx_usart.o(i.usart_auto_baud_rate_config), (14 bytes).
    Removing cs32f0xx_usart.o(i.usart_auto_retry_times_set), (16 bytes).
    Removing cs32f0xx_usart.o(i.usart_block_value_set), (14 bytes).
    Removing cs32f0xx_usart.o(i.usart_clock_init), (30 bytes).
    Removing cs32f0xx_usart.o(i.usart_clock_struct_init), (12 bytes).
    Removing cs32f0xx_usart.o(i.usart_config_struct_init), (24 bytes).
    Removing cs32f0xx_usart.o(i.usart_driver_enable_polarity_config), (14 bytes).
    Removing cs32f0xx_usart.o(i.usart_driver_enable_posactive_time_set), (16 bytes).
    Removing cs32f0xx_usart.o(i.usart_driver_enable_preactive_time_set), (16 bytes).
    Removing cs32f0xx_usart.o(i.usart_guard_time_set), (16 bytes).
    Removing cs32f0xx_usart.o(i.usart_init), (204 bytes).
    Removing cs32f0xx_usart.o(i.usart_irda_config), (12 bytes).
    Removing cs32f0xx_usart.o(i.usart_lin_break_detect_set), (12 bytes).
    Removing cs32f0xx_usart.o(i.usart_prescaler_set), (12 bytes).
    Removing cs32f0xx_usart.o(i.usart_recv_overtime_set), (12 bytes).
    Removing cs32f0xx_usart.o(i.usart_recv_wakeup_config), (14 bytes).
    Removing cs32f0xx_usart.o(i.usart_stop_mode_wakeup_config), (14 bytes).
    Removing cs32f0xx_wwdt.o(.rev16_text), (4 bytes).
    Removing cs32f0xx_wwdt.o(.revsh_text), (4 bytes).
    Removing cs32f0xx_wwdt.o(i.wwdt_prescaler_set), (24 bytes).
    Removing cs32f0xx_wwdt.o(i.wwdt_window_value_set), (24 bytes).
    Removing startup_cs32f030.o(HEAP), (512 bytes).
    Removing system_cs32f0xx.o(.rev16_text), (4 bytes).
    Removing system_cs32f0xx.o(.revsh_text), (4 bytes).
    Removing system_cs32f0xx.o(i.SystemCoreClockUpdate), (176 bytes).
    Removing system_cs32f0xx.o(.data), (20 bytes).

226 unused section(s) (total 8884 bytes) removed from the image.

==============================================================================

Image Symbol Table

    Local Symbols

    Symbol Name                              Value     Ov Type        Size  Object(Section)

    ../clib/microlib/division.c              0x00000000   Number         0  uidiv.o ABSOLUTE
    ../clib/microlib/init/entry.s            0x00000000   Number         0  entry8b.o ABSOLUTE
    ../clib/microlib/init/entry.s            0x00000000   Number         0  entry10a.o ABSOLUTE
    ../clib/microlib/init/entry.s            0x00000000   Number         0  entry9a.o ABSOLUTE
    ../clib/microlib/init/entry.s            0x00000000   Number         0  entry.o ABSOLUTE
    ../clib/microlib/init/entry.s            0x00000000   Number         0  entry8a.o ABSOLUTE
    ../clib/microlib/init/entry.s            0x00000000   Number         0  entry7b.o ABSOLUTE
    ../clib/microlib/init/entry.s            0x00000000   Number         0  entry7a.o ABSOLUTE
    ../clib/microlib/init/entry.s            0x00000000   Number         0  entry5.o ABSOLUTE
    ../clib/microlib/init/entry.s            0x00000000   Number         0  entry11b.o ABSOLUTE
    ../clib/microlib/init/entry.s            0x00000000   Number         0  entry11a.o ABSOLUTE
    ../clib/microlib/init/entry.s            0x00000000   Number         0  entry10b.o ABSOLUTE
    ../clib/microlib/init/entry.s            0x00000000   Number         0  entry2.o ABSOLUTE
    ../clib/microlib/init/entry.s            0x00000000   Number         0  entry9b.o ABSOLUTE
    ../clib/microlib/longlong.c              0x00000000   Number         0  llshl.o ABSOLUTE
    ../clib/microlib/longlong.c              0x00000000   Number         0  llushr.o ABSOLUTE
    ../clib/microlib/string/memset.c         0x00000000   Number         0  memseta.o ABSOLUTE
    ../clib/microlib/stubs.s                 0x00000000   Number         0  iusefp.o ABSOLUTE
    ../fplib/microlib/fpdiv.c                0x00000000   Number         0  ddiv.o ABSOLUTE
    ../fplib/microlib/fpepilogue.c           0x00000000   Number         0  depilogue.o ABSOLUTE
    ../fplib/microlib/fpfix.c                0x00000000   Number         0  dfixui.o ABSOLUTE
    ../fplib/microlib/fpflt.c                0x00000000   Number         0  dfltui.o ABSOLUTE
    ../fplib/microlib/fpmul.c                0x00000000   Number         0  dmul.o ABSOLUTE
    ..\User\Src\adc.c                        0x00000000   Number         0  adc.o ABSOLUTE
    ..\User\Src\cs32f0xx_int.c               0x00000000   Number         0  cs32f0xx_int.o ABSOLUTE
    ..\User\Src\gpio.c                       0x00000000   Number         0  gpio.o ABSOLUTE
    ..\User\Src\iic.c                        0x00000000   Number         0  iic.o ABSOLUTE
    ..\User\Src\main.c                       0x00000000   Number         0  main.o ABSOLUTE
    ..\User\Src\sys.c                        0x00000000   Number         0  sys.o ABSOLUTE
    ..\User\Src\timer.c                      0x00000000   Number         0  timer.o ABSOLUTE
    ..\User\Src\uart.c                       0x00000000   Number         0  uart.o ABSOLUTE
    ..\\User\\Src\\adc.c                     0x00000000   Number         0  adc.o ABSOLUTE
    ..\\User\\Src\\cs32f0xx_int.c            0x00000000   Number         0  cs32f0xx_int.o ABSOLUTE
    ..\\User\\Src\\gpio.c                    0x00000000   Number         0  gpio.o ABSOLUTE
    ..\\User\\Src\\iic.c                     0x00000000   Number         0  iic.o ABSOLUTE
    ..\\User\\Src\\main.c                    0x00000000   Number         0  main.o ABSOLUTE
    ..\\User\\Src\\sys.c                     0x00000000   Number         0  sys.o ABSOLUTE
    ..\\User\\Src\\timer.c                   0x00000000   Number         0  timer.o ABSOLUTE
    ..\\User\\Src\\uart.c                    0x00000000   Number         0  uart.o ABSOLUTE
    D:\Keil_v5.23\ARM\PACK\Chipsea\CS32F03x_DFP\2.0.5\Device\HAL_Driver\src\cs32f0xx_adc.c 0x00000000   Number         0  cs32f0xx_adc.o ABSOLUTE
    D:\Keil_v5.23\ARM\PACK\Chipsea\CS32F03x_DFP\2.0.5\Device\HAL_Driver\src\cs32f0xx_crc.c 0x00000000   Number         0  cs32f0xx_crc.o ABSOLUTE
    D:\Keil_v5.23\ARM\PACK\Chipsea\CS32F03x_DFP\2.0.5\Device\HAL_Driver\src\cs32f0xx_debug.c 0x00000000   Number         0  cs32f0xx_debug.o ABSOLUTE
    D:\Keil_v5.23\ARM\PACK\Chipsea\CS32F03x_DFP\2.0.5\Device\HAL_Driver\src\cs32f0xx_dma.c 0x00000000   Number         0  cs32f0xx_dma.o ABSOLUTE
    D:\Keil_v5.23\ARM\PACK\Chipsea\CS32F03x_DFP\2.0.5\Device\HAL_Driver\src\cs32f0xx_exti.c 0x00000000   Number         0  cs32f0xx_exti.o ABSOLUTE
    D:\Keil_v5.23\ARM\PACK\Chipsea\CS32F03x_DFP\2.0.5\Device\HAL_Driver\src\cs32f0xx_flash.c 0x00000000   Number         0  cs32f0xx_flash.o ABSOLUTE
    D:\Keil_v5.23\ARM\PACK\Chipsea\CS32F03x_DFP\2.0.5\Device\HAL_Driver\src\cs32f0xx_fwdt.c 0x00000000   Number         0  cs32f0xx_fwdt.o ABSOLUTE
    D:\Keil_v5.23\ARM\PACK\Chipsea\CS32F03x_DFP\2.0.5\Device\HAL_Driver\src\cs32f0xx_gpio.c 0x00000000   Number         0  cs32f0xx_gpio.o ABSOLUTE
    D:\Keil_v5.23\ARM\PACK\Chipsea\CS32F03x_DFP\2.0.5\Device\HAL_Driver\src\cs32f0xx_i2c.c 0x00000000   Number         0  cs32f0xx_i2c.o ABSOLUTE
    D:\Keil_v5.23\ARM\PACK\Chipsea\CS32F03x_DFP\2.0.5\Device\HAL_Driver\src\cs32f0xx_misc.c 0x00000000   Number         0  cs32f0xx_misc.o ABSOLUTE
    D:\Keil_v5.23\ARM\PACK\Chipsea\CS32F03x_DFP\2.0.5\Device\HAL_Driver\src\cs32f0xx_pmu.c 0x00000000   Number         0  cs32f0xx_pmu.o ABSOLUTE
    D:\Keil_v5.23\ARM\PACK\Chipsea\CS32F03x_DFP\2.0.5\Device\HAL_Driver\src\cs32f0xx_rcu.c 0x00000000   Number         0  cs32f0xx_rcu.o ABSOLUTE
    D:\Keil_v5.23\ARM\PACK\Chipsea\CS32F03x_DFP\2.0.5\Device\HAL_Driver\src\cs32f0xx_rtc.c 0x00000000   Number         0  cs32f0xx_rtc.o ABSOLUTE
    D:\Keil_v5.23\ARM\PACK\Chipsea\CS32F03x_DFP\2.0.5\Device\HAL_Driver\src\cs32f0xx_spi.c 0x00000000   Number         0  cs32f0xx_spi.o ABSOLUTE
    D:\Keil_v5.23\ARM\PACK\Chipsea\CS32F03x_DFP\2.0.5\Device\HAL_Driver\src\cs32f0xx_syscfg.c 0x00000000   Number         0  cs32f0xx_syscfg.o ABSOLUTE
    D:\Keil_v5.23\ARM\PACK\Chipsea\CS32F03x_DFP\2.0.5\Device\HAL_Driver\src\cs32f0xx_tim.c 0x00000000   Number         0  cs32f0xx_tim.o ABSOLUTE
    D:\Keil_v5.23\ARM\PACK\Chipsea\CS32F03x_DFP\2.0.5\Device\HAL_Driver\src\cs32f0xx_usart.c 0x00000000   Number         0  cs32f0xx_usart.o ABSOLUTE
    D:\Keil_v5.23\ARM\PACK\Chipsea\CS32F03x_DFP\2.0.5\Device\HAL_Driver\src\cs32f0xx_wwdt.c 0x00000000   Number         0  cs32f0xx_wwdt.o ABSOLUTE
    D:\\Keil_v5.23\\ARM\\PACK\\Chipsea\\CS32F03x_DFP\\2.0.5\\Device\\HAL_Driver\\src\\cs32f0xx_adc.c 0x00000000   Number         0  cs32f0xx_adc.o ABSOLUTE
    D:\\Keil_v5.23\\ARM\\PACK\\Chipsea\\CS32F03x_DFP\\2.0.5\\Device\\HAL_Driver\\src\\cs32f0xx_crc.c 0x00000000   Number         0  cs32f0xx_crc.o ABSOLUTE
    D:\\Keil_v5.23\\ARM\\PACK\\Chipsea\\CS32F03x_DFP\\2.0.5\\Device\\HAL_Driver\\src\\cs32f0xx_debug.c 0x00000000   Number         0  cs32f0xx_debug.o ABSOLUTE
    D:\\Keil_v5.23\\ARM\\PACK\\Chipsea\\CS32F03x_DFP\\2.0.5\\Device\\HAL_Driver\\src\\cs32f0xx_dma.c 0x00000000   Number         0  cs32f0xx_dma.o ABSOLUTE
    D:\\Keil_v5.23\\ARM\\PACK\\Chipsea\\CS32F03x_DFP\\2.0.5\\Device\\HAL_Driver\\src\\cs32f0xx_exti.c 0x00000000   Number         0  cs32f0xx_exti.o ABSOLUTE
    D:\\Keil_v5.23\\ARM\\PACK\\Chipsea\\CS32F03x_DFP\\2.0.5\\Device\\HAL_Driver\\src\\cs32f0xx_flash.c 0x00000000   Number         0  cs32f0xx_flash.o ABSOLUTE
    D:\\Keil_v5.23\\ARM\\PACK\\Chipsea\\CS32F03x_DFP\\2.0.5\\Device\\HAL_Driver\\src\\cs32f0xx_fwdt.c 0x00000000   Number         0  cs32f0xx_fwdt.o ABSOLUTE
    D:\\Keil_v5.23\\ARM\\PACK\\Chipsea\\CS32F03x_DFP\\2.0.5\\Device\\HAL_Driver\\src\\cs32f0xx_gpio.c 0x00000000   Number         0  cs32f0xx_gpio.o ABSOLUTE
    D:\\Keil_v5.23\\ARM\\PACK\\Chipsea\\CS32F03x_DFP\\2.0.5\\Device\\HAL_Driver\\src\\cs32f0xx_i2c.c 0x00000000   Number         0  cs32f0xx_i2c.o ABSOLUTE
    D:\\Keil_v5.23\\ARM\\PACK\\Chipsea\\CS32F03x_DFP\\2.0.5\\Device\\HAL_Driver\\src\\cs32f0xx_misc.c 0x00000000   Number         0  cs32f0xx_misc.o ABSOLUTE
    D:\\Keil_v5.23\\ARM\\PACK\\Chipsea\\CS32F03x_DFP\\2.0.5\\Device\\HAL_Driver\\src\\cs32f0xx_pmu.c 0x00000000   Number         0  cs32f0xx_pmu.o ABSOLUTE
    D:\\Keil_v5.23\\ARM\\PACK\\Chipsea\\CS32F03x_DFP\\2.0.5\\Device\\HAL_Driver\\src\\cs32f0xx_rcu.c 0x00000000   Number         0  cs32f0xx_rcu.o ABSOLUTE
    D:\\Keil_v5.23\\ARM\\PACK\\Chipsea\\CS32F03x_DFP\\2.0.5\\Device\\HAL_Driver\\src\\cs32f0xx_rtc.c 0x00000000   Number         0  cs32f0xx_rtc.o ABSOLUTE
    D:\\Keil_v5.23\\ARM\\PACK\\Chipsea\\CS32F03x_DFP\\2.0.5\\Device\\HAL_Driver\\src\\cs32f0xx_spi.c 0x00000000   Number         0  cs32f0xx_spi.o ABSOLUTE
    D:\\Keil_v5.23\\ARM\\PACK\\Chipsea\\CS32F03x_DFP\\2.0.5\\Device\\HAL_Driver\\src\\cs32f0xx_syscfg.c 0x00000000   Number         0  cs32f0xx_syscfg.o ABSOLUTE
    D:\\Keil_v5.23\\ARM\\PACK\\Chipsea\\CS32F03x_DFP\\2.0.5\\Device\\HAL_Driver\\src\\cs32f0xx_tim.c 0x00000000   Number         0  cs32f0xx_tim.o ABSOLUTE
    D:\\Keil_v5.23\\ARM\\PACK\\Chipsea\\CS32F03x_DFP\\2.0.5\\Device\\HAL_Driver\\src\\cs32f0xx_usart.c 0x00000000   Number         0  cs32f0xx_usart.o ABSOLUTE
    D:\\Keil_v5.23\\ARM\\PACK\\Chipsea\\CS32F03x_DFP\\2.0.5\\Device\\HAL_Driver\\src\\cs32f0xx_wwdt.c 0x00000000   Number         0  cs32f0xx_wwdt.o ABSOLUTE
    RTE\Device\CS32F030C8T6\startup_cs32f030.S 0x00000000   Number         0  startup_cs32f030.o ABSOLUTE
    RTE\Device\CS32F030C8T6\system_cs32f0xx.c 0x00000000   Number         0  system_cs32f0xx.o ABSOLUTE
    RTE\\Device\\CS32F030C8T6\\system_cs32f0xx.c 0x00000000   Number         0  system_cs32f0xx.o ABSOLUTE
    dc.s                                     0x00000000   Number         0  dc.o ABSOLUTE
    handlers.s                               0x00000000   Number         0  handlers.o ABSOLUTE
    init.s                                   0x00000000   Number         0  init.o ABSOLUTE
    RESET                                    0x08000000   Section      184  startup_cs32f030.o(RESET)
    .ARM.Collect$$$$00000000                 0x080000b8   Section        0  entry.o(.ARM.Collect$$$$00000000)
    .ARM.Collect$$$$00000001                 0x080000b8   Section        4  entry2.o(.ARM.Collect$$$$00000001)
    .ARM.Collect$$$$00000004                 0x080000bc   Section        4  entry5.o(.ARM.Collect$$$$00000004)
    .ARM.Collect$$$$00000008                 0x080000c0   Section        0  entry7b.o(.ARM.Collect$$$$00000008)
    .ARM.Collect$$$$0000000A                 0x080000c0   Section        0  entry8b.o(.ARM.Collect$$$$0000000A)
    .ARM.Collect$$$$0000000B                 0x080000c0   Section        8  entry9a.o(.ARM.Collect$$$$0000000B)
    .ARM.Collect$$$$0000000D                 0x080000c8   Section        0  entry10a.o(.ARM.Collect$$$$0000000D)
    .ARM.Collect$$$$0000000F                 0x080000c8   Section        0  entry11a.o(.ARM.Collect$$$$0000000F)
    .ARM.Collect$$$$00002712                 0x080000c8   Section        4  entry2.o(.ARM.Collect$$$$00002712)
    __lit__00000000                          0x080000c8   Data           4  entry2.o(.ARM.Collect$$$$00002712)
    .text                                    0x080000cc   Section       28  startup_cs32f030.o(.text)
    .text                                    0x080000e8   Section        0  uidiv.o(.text)
    .text                                    0x08000114   Section        0  dmul.o(.text)
    .text                                    0x080001e4   Section        0  ddiv.o(.text)
    .text                                    0x080002d4   Section        0  dfltui.o(.text)
    .text                                    0x080002f0   Section        0  dfixui.o(.text)
    .text                                    0x0800032c   Section        0  llushr.o(.text)
    .text                                    0x0800034e   Section        0  iusefp.o(.text)
    .text                                    0x0800034e   Section        0  depilogue.o(.text)
    .text                                    0x0800040c   Section       36  init.o(.text)
    .text                                    0x08000430   Section        0  llshl.o(.text)
    i.CH224A_Set_Voltage                     0x08000450   Section        0  iic.o(i.CH224A_Set_Voltage)
    i.FWDT_Clear                             0x080004f4   Section        0  sys.o(i.FWDT_Clear)
    i.Fan_Off                                0x08000504   Section        0  timer.o(i.Fan_Off)
    i.Fan_Open                               0x08000564   Section        0  timer.o(i.Fan_Open)
    i.Fan_Pwm                                0x080005b0   Section        0  timer.o(i.Fan_Pwm)
    i.HardFault_Handler                      0x080005bc   Section        0  cs32f0xx_int.o(i.HardFault_Handler)
    i.Init_Gpio                              0x080005c0   Section        0  gpio.o(i.Init_Gpio)
    i.Init_Timer1                            0x080006d8   Section        0  timer.o(i.Init_Timer1)
    i.Init_Timer6                            0x0800075c   Section        0  timer.o(i.Init_Timer6)
    i.Init_system_clock                      0x080007c4   Section        0  sys.o(i.Init_system_clock)
    i.NMI_Handler                            0x08000844   Section        0  cs32f0xx_int.o(i.NMI_Handler)
    i.PendSV_Handler                         0x08000878   Section        0  cs32f0xx_int.o(i.PendSV_Handler)
    i.Reack                                  0x0800087c   Section        0  iic.o(i.Reack)
    i.ReadByte                               0x080008d8   Section        0  iic.o(i.ReadByte)
    i.Read_CH224A                            0x08000950   Section        0  iic.o(i.Read_CH224A)
    i.SVC_Handler                            0x0800098e   Section        0  cs32f0xx_int.o(i.SVC_Handler)
    i.SetSysClock                            0x08000990   Section        0  system_cs32f0xx.o(i.SetSysClock)
    SetSysClock                              0x08000991   Thumb Code   118  system_cs32f0xx.o(i.SetSysClock)
    i.Start                                  0x08000a10   Section        0  iic.o(i.Start)
    i.Stop                                   0x08000a44   Section        0  iic.o(i.Stop)
    i.SysTick_Handler                        0x08000a74   Section        0  cs32f0xx_int.o(i.SysTick_Handler)
    i.SystemInit                             0x08000a7c   Section        0  system_cs32f0xx.o(i.SystemInit)
    i.TIM3_IRQHandler                        0x08000af8   Section        0  timer.o(i.TIM3_IRQHandler)
    i.TIM6_IRQHandler                        0x08000c3c   Section        0  timer.o(i.TIM6_IRQHandler)
    i.WriteByte                              0x08000ca4   Section        0  iic.o(i.WriteByte)
    i.Write_CH224A                           0x08000d10   Section        0  iic.o(i.Write_CH224A)
    i.__ARM_clz                              0x08000d44   Section        0  depilogue.o(i.__ARM_clz)
    i.__scatterload_copy                     0x08000d72   Section       14  handlers.o(i.__scatterload_copy)
    i.__scatterload_null                     0x08000d80   Section        2  handlers.o(i.__scatterload_null)
    i.__scatterload_zeroinit                 0x08000d82   Section       14  handlers.o(i.__scatterload_zeroinit)
    i.cover_detec                            0x08000d90   Section        0  gpio.o(i.cover_detec)
    i.delay_us                               0x08000e4c   Section        0  iic.o(i.delay_us)
    i.gpio_mf_config                         0x08000e5c   Section        0  cs32f0xx_gpio.o(i.gpio_mf_config)
    i.gpio_mode_set                          0x08000ec2   Section        0  cs32f0xx_gpio.o(i.gpio_mode_set)
    i.i2c_bytes_number_config                0x08000f66   Section        0  cs32f0xx_i2c.o(i.i2c_bytes_number_config)
    i.i2c_request_direction_config           0x08000f7e   Section        0  cs32f0xx_i2c.o(i.i2c_request_direction_config)
    i.i2c_slave_address_config               0x08000f8c   Section        0  cs32f0xx_i2c.o(i.i2c_slave_address_config)
    i.iic_master_write                       0x08000f9c   Section        0  iic.o(i.iic_master_write)
    i.init_iic_m                             0x0800107c   Section        0  iic.o(i.init_iic_m)
    i.input_detection                        0x080010b0   Section        0  gpio.o(i.input_detection)
    i.key_fan_detec                          0x080010c8   Section        0  gpio.o(i.key_fan_detec)
    i.key_pump_detec                         0x080011e8   Section        0  gpio.o(i.key_pump_detec)
    i.key_switch_fan                         0x0800128c   Section        0  gpio.o(i.key_switch_fan)
    i.led_fan                                0x08001320   Section        0  gpio.o(i.led_fan)
    i.main                                   0x08001398   Section        0  main.o(i.main)
    i.nvic_init                              0x080013f8   Section        0  cs32f0xx_misc.o(i.nvic_init)
    i.pump_wait_off                          0x08001460   Section        0  gpio.o(i.pump_wait_off)
    i.rcu_def_init                           0x08001488   Section        0  cs32f0xx_rcu.o(i.rcu_def_init)
    i.rcu_hclk_config                        0x080014fc   Section        0  cs32f0xx_rcu.o(i.rcu_hclk_config)
    i.rcu_hrc_calibration_adjust             0x08001510   Section        0  cs32f0xx_rcu.o(i.rcu_hrc_calibration_adjust)
    i.rcu_pclk_config                        0x08001528   Section        0  cs32f0xx_rcu.o(i.rcu_pclk_config)
    i.rcu_pll_config                         0x08001540   Section        0  cs32f0xx_rcu.o(i.rcu_pll_config)
    i.rcu_sysclk_config                      0x08001570   Section        0  cs32f0xx_rcu.o(i.rcu_sysclk_config)
    i.tim_base_init                          0x08001584   Section        0  cs32f0xx_tim.o(i.tim_base_init)
    i.tim_choc_init                          0x08001608   Section        0  cs32f0xx_tim.o(i.tim_choc_init)
    i.tim_prescaler_set                      0x080016dc   Section        0  cs32f0xx_tim.o(i.tim_prescaler_set)
    i.timing_delay_decrement                 0x080016e4   Section        0  main.o(i.timing_delay_decrement)
    i.user_switch_pump                       0x080016fc   Section        0  gpio.o(i.user_switch_pump)
    i.waiting_ms                             0x08001768   Section        0  sys.o(i.waiting_ms)
    i.water_level_detec                      0x08001784   Section        0  gpio.o(i.water_level_detec)
    .data                                    0x20000000   Section       16  sys.o(.data)
    .data                                    0x20000010   Section        7  main.o(.data)
    timing_delay                             0x20000010   Data           4  main.o(.data)
    .data                                    0x20000017   Section        5  gpio.o(.data)
    .data                                    0x20000020   Section       37  timer.o(.data)
    STACK                                    0x20000048   Section     1024  startup_cs32f030.o(STACK)

    Global Symbols

    Symbol Name                              Value     Ov Type        Size  Object(Section)

    BuildAttributes$$THM_ISAv3M$S$PE$A:L22$X:L11$S22$IEEE1$IW$USESV6$~STKCKD$USESV7$~SHL$OSPACE$ROPI$EBA8$MICROLIB$REQ8$PRES8$EABIv2 0x00000000   Number         0  anon$$obj.o ABSOLUTE
    __ARM_use_no_argv                        0x00000000   Number         0  main.o ABSOLUTE
    __cpp_initialize__aeabi_                  - Undefined Weak Reference
    __cxa_finalize                            - Undefined Weak Reference
    __decompress                              - Undefined Weak Reference
    _clock_init                               - Undefined Weak Reference
    _microlib_exit                            - Undefined Weak Reference
    __Vectors_Size                           0x000000b8   Number         0  startup_cs32f030.o ABSOLUTE
    __Vectors                                0x08000000   Data           4  startup_cs32f030.o(RESET)
    __Vectors_End                            0x080000b8   Data           0  startup_cs32f030.o(RESET)
    __main                                   0x080000b9   Thumb Code     0  entry.o(.ARM.Collect$$$$00000000)
    _main_stk                                0x080000b9   Thumb Code     0  entry2.o(.ARM.Collect$$$$00000001)
    _main_scatterload                        0x080000bd   Thumb Code     0  entry5.o(.ARM.Collect$$$$00000004)
    __main_after_scatterload                 0x080000c1   Thumb Code     0  entry5.o(.ARM.Collect$$$$00000004)
    _main_clock                              0x080000c1   Thumb Code     0  entry7b.o(.ARM.Collect$$$$00000008)
    _main_cpp_init                           0x080000c1   Thumb Code     0  entry8b.o(.ARM.Collect$$$$0000000A)
    _main_init                               0x080000c1   Thumb Code     0  entry9a.o(.ARM.Collect$$$$0000000B)
    __rt_final_cpp                           0x080000c9   Thumb Code     0  entry10a.o(.ARM.Collect$$$$0000000D)
    __rt_final_exit                          0x080000c9   Thumb Code     0  entry11a.o(.ARM.Collect$$$$0000000F)
    Reset_Handler                            0x080000cd   Thumb Code     8  startup_cs32f030.o(.text)
    ADC1_IRQHandler                          0x080000df   Thumb Code     0  startup_cs32f030.o(.text)
    DMA1_Channel1_IRQHandler                 0x080000df   Thumb Code     0  startup_cs32f030.o(.text)
    DMA1_Channel2_3_IRQHandler               0x080000df   Thumb Code     0  startup_cs32f030.o(.text)
    DMA1_Channel4_5_IRQHandler               0x080000df   Thumb Code     0  startup_cs32f030.o(.text)
    EXTI0_1_IRQHandler                       0x080000df   Thumb Code     0  startup_cs32f030.o(.text)
    EXTI2_3_IRQHandler                       0x080000df   Thumb Code     0  startup_cs32f030.o(.text)
    EXTI4_15_IRQHandler                      0x080000df   Thumb Code     0  startup_cs32f030.o(.text)
    FLASH_IRQHandler                         0x080000df   Thumb Code     0  startup_cs32f030.o(.text)
    I2C1_IRQHandler                          0x080000df   Thumb Code     0  startup_cs32f030.o(.text)
    I2C2_IRQHandler                          0x080000df   Thumb Code     0  startup_cs32f030.o(.text)
    RCU_IRQHandler                           0x080000df   Thumb Code     0  startup_cs32f030.o(.text)
    RTC_IRQHandler                           0x080000df   Thumb Code     0  startup_cs32f030.o(.text)
    SPI1_IRQHandler                          0x080000df   Thumb Code     0  startup_cs32f030.o(.text)
    SPI2_IRQHandler                          0x080000df   Thumb Code     0  startup_cs32f030.o(.text)
    TIM14_IRQHandler                         0x080000df   Thumb Code     0  startup_cs32f030.o(.text)
    TIM15_IRQHandler                         0x080000df   Thumb Code     0  startup_cs32f030.o(.text)
    TIM16_IRQHandler                         0x080000df   Thumb Code     0  startup_cs32f030.o(.text)
    TIM17_IRQHandler                         0x080000df   Thumb Code     0  startup_cs32f030.o(.text)
    TIM1_BRK_UP_TRG_COM_IRQHandler           0x080000df   Thumb Code     0  startup_cs32f030.o(.text)
    TIM1_CC_IRQHandler                       0x080000df   Thumb Code     0  startup_cs32f030.o(.text)
    USART1_IRQHandler                        0x080000df   Thumb Code     0  startup_cs32f030.o(.text)
    USART2_IRQHandler                        0x080000df   Thumb Code     0  startup_cs32f030.o(.text)
    USART6_8_IRQHandler                      0x080000df   Thumb Code     0  startup_cs32f030.o(.text)
    WWDT_IRQHandler                          0x080000df   Thumb Code     0  startup_cs32f030.o(.text)
    __aeabi_uidiv                            0x080000e9   Thumb Code     0  uidiv.o(.text)
    __aeabi_uidivmod                         0x080000e9   Thumb Code    44  uidiv.o(.text)
    __aeabi_dmul                             0x08000115   Thumb Code   202  dmul.o(.text)
    __aeabi_ddiv                             0x080001e5   Thumb Code   234  ddiv.o(.text)
    __aeabi_ui2d                             0x080002d5   Thumb Code    24  dfltui.o(.text)
    __aeabi_d2uiz                            0x080002f1   Thumb Code    50  dfixui.o(.text)
    __aeabi_llsr                             0x0800032d   Thumb Code    34  llushr.o(.text)
    _ll_ushift_r                             0x0800032d   Thumb Code     0  llushr.o(.text)
    __I$use$fp                               0x0800034f   Thumb Code     0  iusefp.o(.text)
    _double_round                            0x0800034f   Thumb Code    26  depilogue.o(.text)
    _double_epilogue                         0x08000369   Thumb Code   164  depilogue.o(.text)
    __scatterload                            0x0800040d   Thumb Code    28  init.o(.text)
    __scatterload_rt2                        0x0800040d   Thumb Code     0  init.o(.text)
    __aeabi_llsl                             0x08000431   Thumb Code    32  llshl.o(.text)
    _ll_shift_l                              0x08000431   Thumb Code     0  llshl.o(.text)
    CH224A_Set_Voltage                       0x08000451   Thumb Code   162  iic.o(i.CH224A_Set_Voltage)
    FWDT_Clear                               0x080004f5   Thumb Code     8  sys.o(i.FWDT_Clear)
    Fan_Off                                  0x08000505   Thumb Code    82  timer.o(i.Fan_Off)
    Fan_Open                                 0x08000565   Thumb Code    64  timer.o(i.Fan_Open)
    Fan_Pwm                                  0x080005b1   Thumb Code     6  timer.o(i.Fan_Pwm)
    HardFault_Handler                        0x080005bd   Thumb Code     4  cs32f0xx_int.o(i.HardFault_Handler)
    Init_Gpio                                0x080005c1   Thumb Code   262  gpio.o(i.Init_Gpio)
    Init_Timer1                              0x080006d9   Thumb Code   124  timer.o(i.Init_Timer1)
    Init_Timer6                              0x0800075d   Thumb Code    90  timer.o(i.Init_Timer6)
    Init_system_clock                        0x080007c5   Thumb Code   120  sys.o(i.Init_system_clock)
    NMI_Handler                              0x08000845   Thumb Code    48  cs32f0xx_int.o(i.NMI_Handler)
    PendSV_Handler                           0x08000879   Thumb Code     2  cs32f0xx_int.o(i.PendSV_Handler)
    Reack                                    0x0800087d   Thumb Code    86  iic.o(i.Reack)
    ReadByte                                 0x080008d9   Thumb Code   114  iic.o(i.ReadByte)
    Read_CH224A                              0x08000951   Thumb Code    62  iic.o(i.Read_CH224A)
    SVC_Handler                              0x0800098f   Thumb Code     2  cs32f0xx_int.o(i.SVC_Handler)
    Start                                    0x08000a11   Thumb Code    48  iic.o(i.Start)
    Stop                                     0x08000a45   Thumb Code    42  iic.o(i.Stop)
    SysTick_Handler                          0x08000a75   Thumb Code     8  cs32f0xx_int.o(i.SysTick_Handler)
    SystemInit                               0x08000a7d   Thumb Code   110  system_cs32f0xx.o(i.SystemInit)
    TIM3_IRQHandler                          0x08000af9   Thumb Code   266  timer.o(i.TIM3_IRQHandler)
    TIM6_IRQHandler                          0x08000c3d   Thumb Code    84  timer.o(i.TIM6_IRQHandler)
    WriteByte                                0x08000ca5   Thumb Code   102  iic.o(i.WriteByte)
    Write_CH224A                             0x08000d11   Thumb Code    52  iic.o(i.Write_CH224A)
    __ARM_clz                                0x08000d45   Thumb Code    46  depilogue.o(i.__ARM_clz)
    __scatterload_copy                       0x08000d73   Thumb Code    14  handlers.o(i.__scatterload_copy)
    __scatterload_null                       0x08000d81   Thumb Code     2  handlers.o(i.__scatterload_null)
    __scatterload_zeroinit                   0x08000d83   Thumb Code    14  handlers.o(i.__scatterload_zeroinit)
    cover_detec                              0x08000d91   Thumb Code   176  gpio.o(i.cover_detec)
    delay_us                                 0x08000e4d   Thumb Code    16  iic.o(i.delay_us)
    gpio_mf_config                           0x08000e5d   Thumb Code   102  cs32f0xx_gpio.o(i.gpio_mf_config)
    gpio_mode_set                            0x08000ec3   Thumb Code   164  cs32f0xx_gpio.o(i.gpio_mode_set)
    i2c_bytes_number_config                  0x08000f67   Thumb Code    24  cs32f0xx_i2c.o(i.i2c_bytes_number_config)
    i2c_request_direction_config             0x08000f7f   Thumb Code    14  cs32f0xx_i2c.o(i.i2c_request_direction_config)
    i2c_slave_address_config                 0x08000f8d   Thumb Code    16  cs32f0xx_i2c.o(i.i2c_slave_address_config)
    iic_master_write                         0x08000f9d   Thumb Code   214  iic.o(i.iic_master_write)
    init_iic_m                               0x0800107d   Thumb Code    44  iic.o(i.init_iic_m)
    input_detection                          0x080010b1   Thumb Code    24  gpio.o(i.input_detection)
    key_fan_detec                            0x080010c9   Thumb Code   268  gpio.o(i.key_fan_detec)
    key_pump_detec                           0x080011e9   Thumb Code   146  gpio.o(i.key_pump_detec)
    key_switch_fan                           0x0800128d   Thumb Code   136  gpio.o(i.key_switch_fan)
    led_fan                                  0x08001321   Thumb Code   114  gpio.o(i.led_fan)
    main                                     0x08001399   Thumb Code    88  main.o(i.main)
    nvic_init                                0x080013f9   Thumb Code   100  cs32f0xx_misc.o(i.nvic_init)
    pump_wait_off                            0x08001461   Thumb Code    32  gpio.o(i.pump_wait_off)
    rcu_def_init                             0x08001489   Thumb Code   102  cs32f0xx_rcu.o(i.rcu_def_init)
    rcu_hclk_config                          0x080014fd   Thumb Code    16  cs32f0xx_rcu.o(i.rcu_hclk_config)
    rcu_hrc_calibration_adjust               0x08001511   Thumb Code    18  cs32f0xx_rcu.o(i.rcu_hrc_calibration_adjust)
    rcu_pclk_config                          0x08001529   Thumb Code    18  cs32f0xx_rcu.o(i.rcu_pclk_config)
    rcu_pll_config                           0x08001541   Thumb Code    44  cs32f0xx_rcu.o(i.rcu_pll_config)
    rcu_sysclk_config                        0x08001571   Thumb Code    16  cs32f0xx_rcu.o(i.rcu_sysclk_config)
    tim_base_init                            0x08001585   Thumb Code   108  cs32f0xx_tim.o(i.tim_base_init)
    tim_choc_init                            0x08001609   Thumb Code   196  cs32f0xx_tim.o(i.tim_choc_init)
    tim_prescaler_set                        0x080016dd   Thumb Code     6  cs32f0xx_tim.o(i.tim_prescaler_set)
    timing_delay_decrement                   0x080016e5   Thumb Code    20  main.o(i.timing_delay_decrement)
    user_switch_pump                         0x080016fd   Thumb Code    84  gpio.o(i.user_switch_pump)
    waiting_ms                               0x08001769   Thumb Code    24  sys.o(i.waiting_ms)
    water_level_detec                        0x08001785   Thumb Code   176  gpio.o(i.water_level_detec)
    Region$$Table$$Base                      0x08001840   Number         0  anon$$obj.o(Region$$Table)
    Region$$Table$$Limit                     0x08001860   Number         0  anon$$obj.o(Region$$Table)
    fan_pwm_set                              0x20000000   Data           2  sys.o(.data)
    fan_speed_set                            0x20000002   Data           1  sys.o(.data)
    Un_Flag0                                 0x20000003   Data           1  sys.o(.data)
    Un_Flag1                                 0x20000004   Data           1  sys.o(.data)
    time_ms                                  0x20000006   Data           2  sys.o(.data)
    time_pump                                0x20000008   Data           4  sys.o(.data)
    time_run                                 0x2000000c   Data           4  sys.o(.data)
    readreg                                  0x20000014   Data           1  main.o(.data)
    setvol                                   0x20000015   Data           1  main.o(.data)
    ret                                      0x20000016   Data           1  main.o(.data)
    key_power_ms                             0x20000017   Data           1  gpio.o(.data)
    key_fan_ms                               0x20000018   Data           1  gpio.o(.data)
    key_pump_ms                              0x20000019   Data           1  gpio.o(.data)
    water_level_ms                           0x2000001a   Data           1  gpio.o(.data)
    cover_ms                                 0x2000001b   Data           1  gpio.o(.data)
    read_value1                              0x20000020   Data           4  timer.o(.data)
    read_value2                              0x20000024   Data           4  timer.o(.data)
    capture                                  0x20000028   Data           4  timer.o(.data)
    c_freq1                                  0x2000002c   Data           4  timer.o(.data)
    c_freq2                                  0x20000030   Data           4  timer.o(.data)
    capture_flag                             0x20000034   Data           1  timer.o(.data)
    C_T                                      0x20000038   Data           8  timer.o(.data)
    fan_rpm                                  0x20000040   Data           4  timer.o(.data)
    c_cnt                                    0x20000044   Data           1  timer.o(.data)
    __initial_sp                             0x20000448   Data           0  startup_cs32f030.o(STACK)



==============================================================================

Memory Map of the image

  Image Entry point : 0x080000b9

  Load Region LR_IROM1 (Base: 0x08000000, Size: 0x000018a8, Max: 0x00010000, ABSOLUTE)

    Execution Region ER_IROM1 (Exec base: 0x08000000, Load base: 0x08000000, Size: 0x00001860, Max: 0x00010000, ABSOLUTE)

    Exec Addr    Load Addr    Size         Type   Attr      Idx    E Section Name        Object

    0x08000000   0x08000000   0x000000b8   Data   RO         1862    RESET               startup_cs32f030.o
    0x080000b8   0x080000b8   0x00000000   Code   RO         1913  * .ARM.Collect$$$$00000000  mc_p.l(entry.o)
    0x080000b8   0x080000b8   0x00000004   Code   RO         1928    .ARM.Collect$$$$00000001  mc_p.l(entry2.o)
    0x080000bc   0x080000bc   0x00000004   Code   RO         1931    .ARM.Collect$$$$00000004  mc_p.l(entry5.o)
    0x080000c0   0x080000c0   0x00000000   Code   RO         1933    .ARM.Collect$$$$00000008  mc_p.l(entry7b.o)
    0x080000c0   0x080000c0   0x00000000   Code   RO         1935    .ARM.Collect$$$$0000000A  mc_p.l(entry8b.o)
    0x080000c0   0x080000c0   0x00000008   Code   RO         1936    .ARM.Collect$$$$0000000B  mc_p.l(entry9a.o)
    0x080000c8   0x080000c8   0x00000000   Code   RO         1938    .ARM.Collect$$$$0000000D  mc_p.l(entry10a.o)
    0x080000c8   0x080000c8   0x00000000   Code   RO         1940    .ARM.Collect$$$$0000000F  mc_p.l(entry11a.o)
    0x080000c8   0x080000c8   0x00000004   Code   RO         1929    .ARM.Collect$$$$00002712  mc_p.l(entry2.o)
    0x080000cc   0x080000cc   0x0000001c   Code   RO         1863    .text               startup_cs32f030.o
    0x080000e8   0x080000e8   0x0000002c   Code   RO         1916    .text               mc_p.l(uidiv.o)
    0x08000114   0x08000114   0x000000d0   Code   RO         1920    .text               mf_p.l(dmul.o)
    0x080001e4   0x080001e4   0x000000f0   Code   RO         1922    .text               mf_p.l(ddiv.o)
    0x080002d4   0x080002d4   0x0000001c   Code   RO         1924    .text               mf_p.l(dfltui.o)
    0x080002f0   0x080002f0   0x0000003c   Code   RO         1926    .text               mf_p.l(dfixui.o)
    0x0800032c   0x0800032c   0x00000022   Code   RO         1942    .text               mc_p.l(llushr.o)
    0x0800034e   0x0800034e   0x00000000   Code   RO         1944    .text               mc_p.l(iusefp.o)
    0x0800034e   0x0800034e   0x000000be   Code   RO         1945    .text               mf_p.l(depilogue.o)
    0x0800040c   0x0800040c   0x00000024   Code   RO         1949    .text               mc_p.l(init.o)
    0x08000430   0x08000430   0x00000020   Code   RO         1951    .text               mc_p.l(llshl.o)
    0x08000450   0x08000450   0x000000a2   Code   RO          444    i.CH224A_Set_Voltage  iic.o
    0x080004f2   0x080004f2   0x00000002   PAD
    0x080004f4   0x080004f4   0x00000010   Code   RO          139    i.FWDT_Clear        sys.o
    0x08000504   0x08000504   0x00000060   Code   RO          336    i.Fan_Off           timer.o
    0x08000564   0x08000564   0x0000004c   Code   RO          337    i.Fan_Open          timer.o
    0x080005b0   0x080005b0   0x0000000c   Code   RO          338    i.Fan_Pwm           timer.o
    0x080005bc   0x080005bc   0x00000004   Code   RO            3    i.HardFault_Handler  cs32f0xx_int.o
    0x080005c0   0x080005c0   0x00000118   Code   RO          247    i.Init_Gpio         gpio.o
    0x080006d8   0x080006d8   0x00000084   Code   RO          339    i.Init_Timer1       timer.o
    0x0800075c   0x0800075c   0x00000068   Code   RO          342    i.Init_Timer6       timer.o
    0x080007c4   0x080007c4   0x00000080   Code   RO          141    i.Init_system_clock  sys.o
    0x08000844   0x08000844   0x00000034   Code   RO            4    i.NMI_Handler       cs32f0xx_int.o
    0x08000878   0x08000878   0x00000002   Code   RO            5    i.PendSV_Handler    cs32f0xx_int.o
    0x0800087a   0x0800087a   0x00000002   PAD
    0x0800087c   0x0800087c   0x0000005c   Code   RO          446    i.Reack             iic.o
    0x080008d8   0x080008d8   0x00000078   Code   RO          447    i.ReadByte          iic.o
    0x08000950   0x08000950   0x0000003e   Code   RO          448    i.Read_CH224A       iic.o
    0x0800098e   0x0800098e   0x00000002   Code   RO            6    i.SVC_Handler       cs32f0xx_int.o
    0x08000990   0x08000990   0x00000080   Code   RO         1869    i.SetSysClock       system_cs32f0xx.o
    0x08000a10   0x08000a10   0x00000034   Code   RO          449    i.Start             iic.o
    0x08000a44   0x08000a44   0x00000030   Code   RO          450    i.Stop              iic.o
    0x08000a74   0x08000a74   0x00000008   Code   RO            7    i.SysTick_Handler   cs32f0xx_int.o
    0x08000a7c   0x08000a7c   0x0000007c   Code   RO         1871    i.SystemInit        system_cs32f0xx.o
    0x08000af8   0x08000af8   0x00000144   Code   RO          343    i.TIM3_IRQHandler   timer.o
    0x08000c3c   0x08000c3c   0x00000068   Code   RO          344    i.TIM6_IRQHandler   timer.o
    0x08000ca4   0x08000ca4   0x0000006c   Code   RO          451    i.WriteByte         iic.o
    0x08000d10   0x08000d10   0x00000034   Code   RO          452    i.Write_CH224A      iic.o
    0x08000d44   0x08000d44   0x0000002e   Code   RO         1947    i.__ARM_clz         mf_p.l(depilogue.o)
    0x08000d72   0x08000d72   0x0000000e   Code   RO         1955    i.__scatterload_copy  mc_p.l(handlers.o)
    0x08000d80   0x08000d80   0x00000002   Code   RO         1956    i.__scatterload_null  mc_p.l(handlers.o)
    0x08000d82   0x08000d82   0x0000000e   Code   RO         1957    i.__scatterload_zeroinit  mc_p.l(handlers.o)
    0x08000d90   0x08000d90   0x000000bc   Code   RO          248    i.cover_detec       gpio.o
    0x08000e4c   0x08000e4c   0x00000010   Code   RO          453    i.delay_us          iic.o
    0x08000e5c   0x08000e5c   0x00000066   Code   RO          887    i.gpio_mf_config    cs32f0xx_gpio.o
    0x08000ec2   0x08000ec2   0x000000a4   Code   RO          888    i.gpio_mode_set     cs32f0xx_gpio.o
    0x08000f66   0x08000f66   0x00000018   Code   RO          919    i.i2c_bytes_number_config  cs32f0xx_i2c.o
    0x08000f7e   0x08000f7e   0x0000000e   Code   RO          924    i.i2c_request_direction_config  cs32f0xx_i2c.o
    0x08000f8c   0x08000f8c   0x00000010   Code   RO          926    i.i2c_slave_address_config  cs32f0xx_i2c.o
    0x08000f9c   0x08000f9c   0x000000e0   Code   RO          456    i.iic_master_write  iic.o
    0x0800107c   0x0800107c   0x00000034   Code   RO          457    i.init_iic_m        iic.o
    0x080010b0   0x080010b0   0x00000018   Code   RO          249    i.input_detection   gpio.o
    0x080010c8   0x080010c8   0x00000120   Code   RO          250    i.key_fan_detec     gpio.o
    0x080011e8   0x080011e8   0x000000a4   Code   RO          251    i.key_pump_detec    gpio.o
    0x0800128c   0x0800128c   0x00000094   Code   RO          252    i.key_switch_fan    gpio.o
    0x08001320   0x08001320   0x00000078   Code   RO          253    i.led_fan           gpio.o
    0x08001398   0x08001398   0x00000060   Code   RO          195    i.main              main.o
    0x080013f8   0x080013f8   0x00000068   Code   RO          999    i.nvic_init         cs32f0xx_misc.o
    0x08001460   0x08001460   0x00000028   Code   RO          254    i.pump_wait_off     gpio.o
    0x08001488   0x08001488   0x00000074   Code   RO         1065    i.rcu_def_init      cs32f0xx_rcu.o
    0x080014fc   0x080014fc   0x00000014   Code   RO         1066    i.rcu_hclk_config   cs32f0xx_rcu.o
    0x08001510   0x08001510   0x00000018   Code   RO         1068    i.rcu_hrc_calibration_adjust  cs32f0xx_rcu.o
    0x08001528   0x08001528   0x00000018   Code   RO         1073    i.rcu_pclk_config   cs32f0xx_rcu.o
    0x08001540   0x08001540   0x00000030   Code   RO         1074    i.rcu_pll_config    cs32f0xx_rcu.o
    0x08001570   0x08001570   0x00000014   Code   RO         1076    i.rcu_sysclk_config  cs32f0xx_rcu.o
    0x08001584   0x08001584   0x00000084   Code   RO         1473    i.tim_base_init     cs32f0xx_tim.o
    0x08001608   0x08001608   0x000000d4   Code   RO         1486    i.tim_choc_init     cs32f0xx_tim.o
    0x080016dc   0x080016dc   0x00000006   Code   RO         1501    i.tim_prescaler_set  cs32f0xx_tim.o
    0x080016e2   0x080016e2   0x00000002   PAD
    0x080016e4   0x080016e4   0x00000018   Code   RO          196    i.timing_delay_decrement  main.o
    0x080016fc   0x080016fc   0x0000006c   Code   RO          255    i.user_switch_pump  gpio.o
    0x08001768   0x08001768   0x0000001c   Code   RO          142    i.waiting_ms        sys.o
    0x08001784   0x08001784   0x000000bc   Code   RO          256    i.water_level_detec  gpio.o
    0x08001840   0x08001840   0x00000020   Data   RO         1953    Region$$Table       anon$$obj.o


    Execution Region RW_IRAM1 (Exec base: 0x20000000, Load base: 0x08001860, Size: 0x00000448, Max: 0x00002000, ABSOLUTE)

    Exec Addr    Load Addr    Size         Type   Attr      Idx    E Section Name        Object

    0x20000000   0x08001860   0x00000010   Data   RW          143    .data               sys.o
    0x20000010   0x08001870   0x00000007   Data   RW          197    .data               main.o
    0x20000017   0x08001877   0x00000005   Data   RW          257    .data               gpio.o
    0x2000001c   0x0800187c   0x00000004   PAD
    0x20000020   0x08001880   0x00000025   Data   RW          345    .data               timer.o
    0x20000045   0x080018a5   0x00000003   PAD
    0x20000048        -       0x00000400   Zero   RW         1860    STACK               startup_cs32f030.o


==============================================================================

Image component sizes


      Code (inc. data)   RO Data    RW Data    ZI Data      Debug   Object Name

       266          0          0          0          0       2269   cs32f0xx_gpio.o
        54          0          0          0          0       2360   cs32f0xx_i2c.o
        68          4          0          0          0     117441   cs32f0xx_int.o
       104          4          0          0          0       1024   cs32f0xx_misc.o
       252         38          0          0          0       3193   cs32f0xx_rcu.o
       350         40          0          0          0       2664   cs32f0xx_tim.o
      1548        130          0          5          0       6518   gpio.o
       988         46          0          0          0       6211   iic.o
       120         12          0          7          0       2874   main.o
        28          8        184          0       1024        636   startup_cs32f030.o
       172         20          0         16          0       2787   sys.o
       252         24          0          0          0        961   system_cs32f0xx.o
       848        132          0         37          0       3992   timer.o

    ----------------------------------------------------------------------
      5056        458        216         72       1024     152930   Object Totals
         0          0         32          0          0          0   (incl. Generated)
         6          0          0          7          0          0   (incl. Padding)

    ----------------------------------------------------------------------

      Code (inc. data)   RO Data    RW Data    ZI Data      Debug   Library Member Name

         0          0          0          0          0          0   entry.o
         0          0          0          0          0          0   entry10a.o
         0          0          0          0          0          0   entry11a.o
         8          4          0          0          0          0   entry2.o
         4          0          0          0          0          0   entry5.o
         0          0          0          0          0          0   entry7b.o
         0          0          0          0          0          0   entry8b.o
         8          4          0          0          0          0   entry9a.o
        30          0          0          0          0          0   handlers.o
        36          8          0          0          0         68   init.o
         0          0          0          0          0          0   iusefp.o
        32          0          0          0          0         68   llshl.o
        34          0          0          0          0         68   llushr.o
        44          0          0          0          0         72   uidiv.o
       240          6          0          0          0         84   ddiv.o
       236          0          0          0          0        216   depilogue.o
        60         10          0          0          0         68   dfixui.o
        28          4          0          0          0         68   dfltui.o
       208          6          0          0          0         88   dmul.o

    ----------------------------------------------------------------------
       968         42          0          0          0        800   Library Totals
         0          0          0          0          0          0   (incl. Padding)

    ----------------------------------------------------------------------

      Code (inc. data)   RO Data    RW Data    ZI Data      Debug   Library Name

       196         16          0          0          0        276   mc_p.l
       772         26          0          0          0        524   mf_p.l

    ----------------------------------------------------------------------
       968         42          0          0          0        800   Library Totals

    ----------------------------------------------------------------------

==============================================================================


      Code (inc. data)   RO Data    RW Data    ZI Data      Debug   

      6024        500        216         72       1024     151242   Grand Totals
      6024        500        216         72       1024     151242   ELF Image Totals
      6024        500        216         72          0          0   ROM Totals

==============================================================================

    Total RO  Size (Code + RO Data)                 6240 (   6.09kB)
    Total RW  Size (RW Data + ZI Data)              1096 (   1.07kB)
    Total ROM Size (Code + RO Data + RW Data)       6312 (   6.16kB)

==============================================================================

