Component: ARM Compiler 6.6 Tool: armlink [5c77f400]

==============================================================================

Section Cross References

    cs32f0xx_int.o(.ARM.exidx.text.NMI_Handler) refers to cs32f0xx_int.o(.text.NMI_Handler) for [Anonymous Symbol]
    cs32f0xx_int.o(.ARM.exidx.text.HardFault_Handler) refers to cs32f0xx_int.o(.text.HardFault_Handler) for [Anonymous Symbol]
    cs32f0xx_int.o(.ARM.exidx.text.SVC_Handler) refers to cs32f0xx_int.o(.text.SVC_Handler) for [Anonymous Symbol]
    cs32f0xx_int.o(.ARM.exidx.text.PendSV_Handler) refers to cs32f0xx_int.o(.text.PendSV_Handler) for [Anonymous Symbol]
    cs32f0xx_int.o(.text.SysTick_Handler) refers to main.o(.text.timing_delay_decrement) for timing_delay_decrement
    cs32f0xx_int.o(.ARM.exidx.text.SysTick_Handler) refers to cs32f0xx_int.o(.text.SysTick_Handler) for [Anonymous Symbol]
    main.o(.text.main) refers to main.o(.text.set_sys_clock) for set_sys_clock
    main.o(.text.main) refers to uidiv.o(.text) for __aeabi_uidiv
    main.o(.text.main) refers to main.o(.text.SysTick_Config) for SysTick_Config
    main.o(.text.main) refers to printfa.o(i.__0printf) for printf
    main.o(.text.main) refers to cs32f0xx_rcu.o(.text.rcu_hrc_calibration_adjust) for rcu_hrc_calibration_adjust
    main.o(.text.main) refers to cs32f0xx_rcu.o(.text.rcu_clk_freq_get) for rcu_clk_freq_get
    main.o(.text.main) refers to cs32f0xx_gpio.o(.text.gpio_mode_set) for gpio_mode_set
    main.o(.text.main) refers to cs32f0xx_gpio.o(.text.gpio_mf_config) for gpio_mf_config
    main.o(.text.main) refers to cs32f0xx_rcu.o(.text.rcu_clkout_config) for rcu_clkout_config
    main.o(.text.main) refers to main.o(.text.delay) for delay
    main.o(.text.main) refers to system_cs32f0xx.o(.data.SystemCoreClock) for SystemCoreClock
    main.o(.text.main) refers to main.o(.rodata.str1.1) for .L.str
    main.o(.ARM.exidx.text.main) refers to main.o(.text.main) for [Anonymous Symbol]
    main.o(.text.set_sys_clock) refers to cs32f0xx_rcu.o(.text.rcu_def_init) for rcu_def_init
    main.o(.text.set_sys_clock) refers to cs32f0xx_rcu.o(.text.rcu_hclk_config) for rcu_hclk_config
    main.o(.text.set_sys_clock) refers to cs32f0xx_rcu.o(.text.rcu_pclk_config) for rcu_pclk_config
    main.o(.text.set_sys_clock) refers to cs32f0xx_rcu.o(.text.rcu_pll_config) for rcu_pll_config
    main.o(.text.set_sys_clock) refers to cs32f0xx_rcu.o(.text.rcu_sysclk_config) for rcu_sysclk_config
    main.o(.ARM.exidx.text.set_sys_clock) refers to main.o(.text.set_sys_clock) for [Anonymous Symbol]
    main.o(.text.SysTick_Config) refers to main.o(.text.__NVIC_SetPriority) for __NVIC_SetPriority
    main.o(.ARM.exidx.text.SysTick_Config) refers to main.o(.text.SysTick_Config) for [Anonymous Symbol]
    main.o(.text.delay) refers to main.o(.bss.timing_delay) for [Anonymous Symbol]
    main.o(.ARM.exidx.text.delay) refers to main.o(.text.delay) for [Anonymous Symbol]
    main.o(.text.timing_delay_decrement) refers to main.o(.bss.timing_delay) for [Anonymous Symbol]
    main.o(.ARM.exidx.text.timing_delay_decrement) refers to main.o(.text.timing_delay_decrement) for [Anonymous Symbol]
    main.o(.ARM.exidx.text.__NVIC_SetPriority) refers to main.o(.text.__NVIC_SetPriority) for [Anonymous Symbol]
    cs32f0xx_adc.o(.ARM.exidx.text.adc_def_init) refers to cs32f0xx_adc.o(.text.adc_def_init) for [Anonymous Symbol]
    cs32f0xx_adc.o(.ARM.exidx.text.adc_init) refers to cs32f0xx_adc.o(.text.adc_init) for [Anonymous Symbol]
    cs32f0xx_adc.o(.ARM.exidx.text.adc_config_struct_init) refers to cs32f0xx_adc.o(.text.adc_config_struct_init) for [Anonymous Symbol]
    cs32f0xx_adc.o(.ARM.exidx.text.adc_watchdog_channel_select) refers to cs32f0xx_adc.o(.text.adc_watchdog_channel_select) for [Anonymous Symbol]
    cs32f0xx_adc.o(.ARM.exidx.text.adc_channel_config) refers to cs32f0xx_adc.o(.text.adc_channel_config) for [Anonymous Symbol]
    cs32f0xx_adc.o(.ARM.exidx.text.adc_calibration_value_get) refers to cs32f0xx_adc.o(.text.adc_calibration_value_get) for [Anonymous Symbol]
    cs32f0xx_adc.o(.ARM.exidx.text.adc_conversion_start) refers to cs32f0xx_adc.o(.text.adc_conversion_start) for [Anonymous Symbol]
    cs32f0xx_adc.o(.ARM.exidx.text.adc_conversion_stop) refers to cs32f0xx_adc.o(.text.adc_conversion_stop) for [Anonymous Symbol]
    cs32f0xx_adc.o(.ARM.exidx.text.adc_dma_mode_set) refers to cs32f0xx_adc.o(.text.adc_dma_mode_set) for [Anonymous Symbol]
    cs32f0xx_crc.o(.ARM.exidx.text.crc_def_init) refers to cs32f0xx_crc.o(.text.crc_def_init) for [Anonymous Symbol]
    cs32f0xx_crc.o(.ARM.exidx.text.crc_input_data_reverse) refers to cs32f0xx_crc.o(.text.crc_input_data_reverse) for [Anonymous Symbol]
    cs32f0xx_crc.o(.ARM.exidx.text.crc_crc32_calc) refers to cs32f0xx_crc.o(.text.crc_crc32_calc) for [Anonymous Symbol]
    cs32f0xx_crc.o(.ARM.exidx.text.crc_crc16_calc) refers to cs32f0xx_crc.o(.text.crc_crc16_calc) for [Anonymous Symbol]
[...]
    cs32f0xx_rcu.o(.ARM.exidx.text.rcu_pclk_config) refers to cs32f0xx_rcu.o(.text.rcu_pclk_config) for [Anonymous Symbol]
    cs32f0xx_rcu.o(.ARM.exidx.text.rcu_i2cclk_config) refers to cs32f0xx_rcu.o(.text.rcu_i2cclk_config) for [Anonymous Symbol]
    cs32f0xx_rcu.o(.ARM.exidx.text.rcu_usartclk_config) refers to cs32f0xx_rcu.o(.text.rcu_usartclk_config) for [Anonymous Symbol]
    cs32f0xx_rcu.o(.ARM.exidx.text.rcu_rtcclk_config) refers to cs32f0xx_rcu.o(.text.rcu_rtcclk_config) for [Anonymous Symbol]
    cs32f0xx_rcu.o(.text.rcu_clk_freq_get) refers to uidiv.o(.text) for __aeabi_uidiv
    cs32f0xx_rcu.o(.text.rcu_clk_freq_get) refers to cs32f0xx_rcu.o(.rodata.APBAHBPrescTable) for [Anonymous Symbol]
    cs32f0xx_rcu.o(.ARM.exidx.text.rcu_clk_freq_get) refers to cs32f0xx_rcu.o(.text.rcu_clk_freq_get) for [Anonymous Symbol]
    cs32f0xx_rtc.o(.text.rtc_def_init) refers to cs32f0xx_rtc.o(.text.rtc_init_mode_enter) for rtc_init_mode_enter
    cs32f0xx_rtc.o(.text.rtc_def_init) refers to cs32f0xx_rtc.o(.text.rtc_synchro_wait) for rtc_synchro_wait
    cs32f0xx_rtc.o(.ARM.exidx.text.rtc_def_init) refers to cs32f0xx_rtc.o(.text.rtc_def_init) for [Anonymous Symbol]
    cs32f0xx_rtc.o(.ARM.exidx.text.rtc_init_mode_enter) refers to cs32f0xx_rtc.o(.text.rtc_init_mode_enter) for [Anonymous Symbol]
    cs32f0xx_rtc.o(.ARM.exidx.text.rtc_synchro_wait) refers to cs32f0xx_rtc.o(.text.rtc_synchro_wait) for [Anonymous Symbol]
    cs32f0xx_rtc.o(.text.rtc_init) refers to cs32f0xx_rtc.o(.text.rtc_init_mode_enter) for rtc_init_mode_enter
    cs32f0xx_rtc.o(.ARM.exidx.text.rtc_init) refers to cs32f0xx_rtc.o(.text.rtc_init) for [Anonymous Symbol]
    cs32f0xx_rtc.o(.ARM.exidx.text.rtc_struct_init) refers to cs32f0xx_rtc.o(.text.rtc_struct_init) for [Anonymous Symbol]
    cs32f0xx_rtc.o(.text.rtc_outside_clock_enable_ctrl) refers to cs32f0xx_rtc.o(.text.rtc_init_mode_enter) for rtc_init_mode_enter
    cs32f0xx_rtc.o(.ARM.exidx.text.rtc_outside_clock_enable_ctrl) refers to cs32f0xx_rtc.o(.text.rtc_outside_clock_enable_ctrl) for [Anonymous Symbol]
    cs32f0xx_rtc.o(.text.rtc_time_set) refers to cs32f0xx_rtc.o(.text.rtc_bcd_convert_byte) for rtc_bcd_convert_byte
    cs32f0xx_rtc.o(.text.rtc_time_set) refers to cs32f0xx_rtc.o(.text.rtc_byte_convert_bcd) for rtc_byte_convert_bcd
    cs32f0xx_rtc.o(.text.rtc_time_set) refers to cs32f0xx_rtc.o(.text.rtc_init_mode_enter) for rtc_init_mode_enter
    cs32f0xx_rtc.o(.text.rtc_time_set) refers to cs32f0xx_rtc.o(.text.rtc_synchro_wait) for rtc_synchro_wait
    cs32f0xx_rtc.o(.ARM.exidx.text.rtc_time_set) refers to cs32f0xx_rtc.o(.text.rtc_time_set) for [Anonymous Symbol]
    cs32f0xx_rtc.o(.ARM.exidx.text.rtc_bcd_convert_byte) refers to cs32f0xx_rtc.o(.text.rtc_bcd_convert_byte) for [Anonymous Symbol]
    cs32f0xx_rtc.o(.ARM.exidx.text.rtc_byte_convert_bcd) refers to cs32f0xx_rtc.o(.text.rtc_byte_convert_bcd) for [Anonymous Symbol]
    cs32f0xx_rtc.o(.ARM.exidx.text.rtc_time_struct_init) refers to cs32f0xx_rtc.o(.text.rtc_time_struct_init) for [Anonymous Symbol]
    cs32f0xx_rtc.o(.text.rtc_time_get) refers to cs32f0xx_rtc.o(.text.rtc_bcd_convert_byte) for rtc_bcd_convert_byte
    cs32f0xx_rtc.o(.ARM.exidx.text.rtc_time_get) refers to cs32f0xx_rtc.o(.text.rtc_time_get) for [Anonymous Symbol]
    cs32f0xx_rtc.o(.ARM.exidx.text.rtc_subsecond_get) refers to cs32f0xx_rtc.o(.text.rtc_subsecond_get) for [Anonymous Symbol]
    cs32f0xx_rtc.o(.text.rtc_date_set) refers to cs32f0xx_rtc.o(.text.rtc_bcd_convert_byte) for rtc_bcd_convert_byte
    cs32f0xx_rtc.o(.text.rtc_date_set) refers to cs32f0xx_rtc.o(.text.rtc_byte_convert_bcd) for rtc_byte_convert_bcd
    cs32f0xx_rtc.o(.text.rtc_date_set) refers to cs32f0xx_rtc.o(.text.rtc_init_mode_enter) for rtc_init_mode_enter
    cs32f0xx_rtc.o(.text.rtc_date_set) refers to cs32f0xx_rtc.o(.text.rtc_synchro_wait) for rtc_synchro_wait
    cs32f0xx_rtc.o(.ARM.exidx.text.rtc_date_set) refers to cs32f0xx_rtc.o(.text.rtc_date_set) for [Anonymous Symbol]
    cs32f0xx_rtc.o(.ARM.exidx.text.rtc_date_struct_init) refers to cs32f0xx_rtc.o(.text.rtc_date_struct_init) for [Anonymous Symbol]
    cs32f0xx_rtc.o(.text.rtc_date_get) refers to cs32f0xx_rtc.o(.text.rtc_bcd_convert_byte) for rtc_bcd_convert_byte
    cs32f0xx_rtc.o(.ARM.exidx.text.rtc_date_get) refers to cs32f0xx_rtc.o(.text.rtc_date_get) for [Anonymous Symbol]
    cs32f0xx_rtc.o(.text.rtc_alarm_set) refers to cs32f0xx_rtc.o(.text.rtc_bcd_convert_byte) for rtc_bcd_convert_byte
    cs32f0xx_rtc.o(.text.rtc_alarm_set) refers to cs32f0xx_rtc.o(.text.rtc_byte_convert_bcd) for rtc_byte_convert_bcd
    cs32f0xx_rtc.o(.ARM.exidx.text.rtc_alarm_set) refers to cs32f0xx_rtc.o(.text.rtc_alarm_set) for [Anonymous Symbol]
    cs32f0xx_rtc.o(.ARM.exidx.text.rtc_alarm_struct_init) refers to cs32f0xx_rtc.o(.text.rtc_alarm_struct_init) for [Anonymous Symbol]
    cs32f0xx_rtc.o(.text.rtc_alarm_get) refers to cs32f0xx_rtc.o(.text.rtc_bcd_convert_byte) for rtc_bcd_convert_byte
    cs32f0xx_rtc.o(.ARM.exidx.text.rtc_alarm_get) refers to cs32f0xx_rtc.o(.text.rtc_alarm_get) for [Anonymous Symbol]
    cs32f0xx_rtc.o(.ARM.exidx.text.rtc_alarm_enable_ctrl) refers to cs32f0xx_rtc.o(.text.rtc_alarm_enable_ctrl) for [Anonymous Symbol]
    cs32f0xx_rtc.o(.ARM.exidx.text.rtc_daylight_saving_config) refers to cs32f0xx_rtc.o(.text.rtc_daylight_saving_config) for [Anonymous Symbol]
    cs32f0xx_rtc.o(.ARM.exidx.text.rtc_output_config) refers to cs32f0xx_rtc.o(.text.rtc_output_config) for [Anonymous Symbol]
    cs32f0xx_rtc.o(.ARM.exidx.text.rtc_cali_output_config) refers to cs32f0xx_rtc.o(.text.rtc_cali_output_config) for [Anonymous Symbol]
    cs32f0xx_rtc.o(.ARM.exidx.text.rtc_swallow_config) refers to cs32f0xx_rtc.o(.text.rtc_swallow_config) for [Anonymous Symbol]
    cs32f0xx_rtc.o(.ARM.exidx.text.rtc_time_recording_config) refers to cs32f0xx_rtc.o(.text.rtc_time_recording_config) for [Anonymous Symbol]
    cs32f0xx_rtc.o(.text.rtc_time_recording_get) refers to cs32f0xx_rtc.o(.text.rtc_bcd_convert_byte) for rtc_bcd_convert_byte
    cs32f0xx_rtc.o(.ARM.exidx.text.rtc_time_recording_get) refers to cs32f0xx_rtc.o(.text.rtc_time_recording_get) for [Anonymous Symbol]
    cs32f0xx_rtc.o(.ARM.exidx.text.rtc_inbreak_filter_config) refers to cs32f0xx_rtc.o(.text.rtc_inbreak_filter_config) for [Anonymous Symbol]
    cs32f0xx_rtc.o(.ARM.exidx.text.rtc_inbreak_sample_freq_config) refers to cs32f0xx_rtc.o(.text.rtc_inbreak_sample_freq_config) for [Anonymous Symbol]
    cs32f0xx_rtc.o(.ARM.exidx.text.rtc_inbreak_precharge_duration) refers to cs32f0xx_rtc.o(.text.rtc_inbreak_precharge_duration) for [Anonymous Symbol]
    cs32f0xx_rtc.o(.ARM.exidx.text.rtc_output_type_config) refers to cs32f0xx_rtc.o(.text.rtc_output_type_config) for [Anonymous Symbol]
    cs32f0xx_rtc.o(.text.rtc_adj_register_config) refers to cs32f0xx_rtc.o(.text.rtc_synchro_wait) for rtc_synchro_wait
    cs32f0xx_rtc.o(.ARM.exidx.text.rtc_adj_register_config) refers to cs32f0xx_rtc.o(.text.rtc_adj_register_config) for [Anonymous Symbol]
    cs32f0xx_spi.o(.ARM.exidx.text.spi_config_struct_init) refers to cs32f0xx_spi.o(.text.spi_config_struct_init) for [Anonymous Symbol]
    cs32f0xx_spi.o(.ARM.exidx.text.spi_init) refers to cs32f0xx_spi.o(.text.spi_init) for [Anonymous Symbol]
    cs32f0xx_spi.o(.ARM.exidx.text.i2s_config_struct_init) refers to cs32f0xx_spi.o(.text.i2s_config_struct_init) for [Anonymous Symbol]
    cs32f0xx_spi.o(.text.i2s_init) refers to cs32f0xx_rcu.o(.text.rcu_clk_freq_get) for rcu_clk_freq_get
    cs32f0xx_spi.o(.text.i2s_init) refers to uidiv.o(.text) for __aeabi_uidiv
    cs32f0xx_spi.o(.ARM.exidx.text.i2s_init) refers to cs32f0xx_spi.o(.text.i2s_init) for [Anonymous Symbol]
    cs32f0xx_spi.o(.ARM.exidx.text.spi_data_width_set) refers to cs32f0xx_spi.o(.text.spi_data_width_set) for [Anonymous Symbol]
    cs32f0xx_spi.o(.ARM.exidx.text.spi_fifo_recv_threshold_set) refers to cs32f0xx_spi.o(.text.spi_fifo_recv_threshold_set) for [Anonymous Symbol]
    cs32f0xx_spi.o(.ARM.exidx.text.spi_transmit_direct_set) refers to cs32f0xx_spi.o(.text.spi_transmit_direct_set) for [Anonymous Symbol]
    cs32f0xx_spi.o(.ARM.exidx.text.spi_software_nss_config) refers to cs32f0xx_spi.o(.text.spi_software_nss_config) for [Anonymous Symbol]
    cs32f0xx_spi.o(.ARM.exidx.text.spi_crc_length_set) refers to cs32f0xx_spi.o(.text.spi_crc_length_set) for [Anonymous Symbol]
    cs32f0xx_spi.o(.ARM.exidx.text.spi_dma_odd_even_set) refers to cs32f0xx_spi.o(.text.spi_dma_odd_even_set) for [Anonymous Symbol]
    cs32f0xx_syscfg.o(.ARM.exidx.text.syscfg_def_init) refers to cs32f0xx_syscfg.o(.text.syscfg_def_init) for [Anonymous Symbol]
    cs32f0xx_syscfg.o(.ARM.exidx.text.syscfg_memory_remap_set) refers to cs32f0xx_syscfg.o(.text.syscfg_memory_remap_set) for [Anonymous Symbol]
    cs32f0xx_syscfg.o(.ARM.exidx.text.syscfg_exti_line_config) refers to cs32f0xx_syscfg.o(.text.syscfg_exti_line_config) for [Anonymous Symbol]
    cs32f0xx_syscfg.o(.ARM.exidx.text.syscfg_gpio_vth_config) refers to cs32f0xx_syscfg.o(.text.syscfg_gpio_vth_config) for [Anonymous Symbol]
    cs32f0xx_tim.o(.ARM.exidx.text.tim_base_init) refers to cs32f0xx_tim.o(.text.tim_base_init) for [Anonymous Symbol]
    cs32f0xx_tim.o(.ARM.exidx.text.tim_base_struct_init) refers to cs32f0xx_tim.o(.text.tim_base_struct_init) for [Anonymous Symbol]
    cs32f0xx_tim.o(.ARM.exidx.text.tim_prescaler_set) refers to cs32f0xx_tim.o(.text.tim_prescaler_set) for [Anonymous Symbol]
    cs32f0xx_tim.o(.ARM.exidx.text.tim_count_pattern_set) refers to cs32f0xx_tim.o(.text.tim_count_pattern_set) for [Anonymous Symbol]
    cs32f0xx_tim.o(.ARM.exidx.text.tim_update_request_set) refers to cs32f0xx_tim.o(.text.tim_update_request_set) for [Anonymous Symbol]
    cs32f0xx_tim.o(.ARM.exidx.text.tim_pulse_mode_set) refers to cs32f0xx_tim.o(.text.tim_pulse_mode_set) for [Anonymous Symbol]
    cs32f0xx_tim.o(.ARM.exidx.text.tim_clock_division_set) refers to cs32f0xx_tim.o(.text.tim_clock_division_set) for [Anonymous Symbol]
    cs32f0xx_tim.o(.ARM.exidx.text.tim_protect_config) refers to cs32f0xx_tim.o(.text.tim_protect_config) for [Anonymous Symbol]
    cs32f0xx_tim.o(.ARM.exidx.text.tim_protect_struct_init) refers to cs32f0xx_tim.o(.text.tim_protect_struct_init) for [Anonymous Symbol]
    cs32f0xx_tim.o(.ARM.exidx.text.tim_choc_init) refers to cs32f0xx_tim.o(.text.tim_choc_init) for [Anonymous Symbol]
    cs32f0xx_tim.o(.ARM.exidx.text.tim_choc_struct_init) refers to cs32f0xx_tim.o(.text.tim_choc_struct_init) for [Anonymous Symbol]
    cs32f0xx_tim.o(.ARM.exidx.text.tim_choc_mode_set) refers to cs32f0xx_tim.o(.text.tim_choc_mode_set) for [Anonymous Symbol]
    cs32f0xx_tim.o(.ARM.exidx.text.tim_choc_forced_set) refers to cs32f0xx_tim.o(.text.tim_choc_forced_set) for [Anonymous Symbol]
    cs32f0xx_tim.o(.ARM.exidx.text.tim_choc_preload_set) refers to cs32f0xx_tim.o(.text.tim_choc_preload_set) for [Anonymous Symbol]
    cs32f0xx_tim.o(.ARM.exidx.text.tim_choc_fast_set) refers to cs32f0xx_tim.o(.text.tim_choc_fast_set) for [Anonymous Symbol]
    cs32f0xx_tim.o(.ARM.exidx.text.tim_choc_clear_set) refers to cs32f0xx_tim.o(.text.tim_choc_clear_set) for [Anonymous Symbol]
    cs32f0xx_tim.o(.ARM.exidx.text.tim_chcc_polarity_set) refers to cs32f0xx_tim.o(.text.tim_chcc_polarity_set) for [Anonymous Symbol]
    cs32f0xx_tim.o(.ARM.exidx.text.tim_chncc_polarity_set) refers to cs32f0xx_tim.o(.text.tim_chncc_polarity_set) for [Anonymous Symbol]
    cs32f0xx_tim.o(.ARM.exidx.text.tim_chcc_enable_ctrl) refers to cs32f0xx_tim.o(.text.tim_chcc_enable_ctrl) for [Anonymous Symbol]
    cs32f0xx_tim.o(.ARM.exidx.text.tim_chncc_enable_ctrl) refers to cs32f0xx_tim.o(.text.tim_chncc_enable_ctrl) for [Anonymous Symbol]
    cs32f0xx_tim.o(.text.tim_chic_init) refers to cs32f0xx_tim.o(.text.tim_chic_config) for tim_chic_config
    cs32f0xx_tim.o(.text.tim_chic_init) refers to cs32f0xx_tim.o(.text.tim_chic_predivider_set) for tim_chic_predivider_set
    cs32f0xx_tim.o(.ARM.exidx.text.tim_chic_init) refers to cs32f0xx_tim.o(.text.tim_chic_init) for [Anonymous Symbol]
    cs32f0xx_tim.o(.ARM.exidx.text.tim_chic_config) refers to cs32f0xx_tim.o(.text.tim_chic_config) for [Anonymous Symbol]
    cs32f0xx_tim.o(.ARM.exidx.text.tim_chic_predivider_set) refers to cs32f0xx_tim.o(.text.tim_chic_predivider_set) for [Anonymous Symbol]
    cs32f0xx_tim.o(.ARM.exidx.text.tim_chic_struct_init) refers to cs32f0xx_tim.o(.text.tim_chic_struct_init) for [Anonymous Symbol]
    cs32f0xx_tim.o(.text.tim_pwmi_config) refers to cs32f0xx_tim.o(.text.tim_chic_config) for tim_chic_config
    cs32f0xx_tim.o(.text.tim_pwmi_config) refers to cs32f0xx_tim.o(.text.tim_chic_predivider_set) for tim_chic_predivider_set
    cs32f0xx_tim.o(.ARM.exidx.text.tim_pwmi_config) refers to cs32f0xx_tim.o(.text.tim_pwmi_config) for [Anonymous Symbol]
    cs32f0xx_tim.o(.ARM.exidx.text.tim_dma_access_config) refers to cs32f0xx_tim.o(.text.tim_dma_access_config) for [Anonymous Symbol]
    cs32f0xx_tim.o(.ARM.exidx.text.tim_internal_clock_config) refers to cs32f0xx_tim.o(.text.tim_internal_clock_config) for [Anonymous Symbol]
    cs32f0xx_tim.o(.text.tim_internal_trigger_external_clock_config) refers to cs32f0xx_tim.o(.text.tim_input_trigger_set) for tim_input_trigger_set
    cs32f0xx_tim.o(.ARM.exidx.text.tim_internal_trigger_external_clock_config) refers to cs32f0xx_tim.o(.text.tim_internal_trigger_external_clock_config) for [Anonymous Symbol]
    cs32f0xx_tim.o(.ARM.exidx.text.tim_input_trigger_set) refers to cs32f0xx_tim.o(.text.tim_input_trigger_set) for [Anonymous Symbol]
    cs32f0xx_tim.o(.text.tim_ti_external_clock_config) refers to cs32f0xx_tim.o(.text.tim_chic_config) for tim_chic_config
    cs32f0xx_tim.o(.text.tim_ti_external_clock_config) refers to cs32f0xx_tim.o(.text.tim_input_trigger_set) for tim_input_trigger_set
    cs32f0xx_tim.o(.ARM.exidx.text.tim_ti_external_clock_config) refers to cs32f0xx_tim.o(.text.tim_ti_external_clock_config) for [Anonymous Symbol]
    cs32f0xx_tim.o(.text.tim_external_clock_mode1_config) refers to cs32f0xx_tim.o(.text.tim_external_trigger_config) for tim_external_trigger_config
    cs32f0xx_tim.o(.ARM.exidx.text.tim_external_clock_mode1_config) refers to cs32f0xx_tim.o(.text.tim_external_clock_mode1_config) for [Anonymous Symbol]
    cs32f0xx_tim.o(.ARM.exidx.text.tim_external_trigger_config) refers to cs32f0xx_tim.o(.text.tim_external_trigger_config) for [Anonymous Symbol]
    cs32f0xx_tim.o(.text.tim_external_clock_mode2_config) refers to cs32f0xx_tim.o(.text.tim_external_trigger_config) for tim_external_trigger_config
    cs32f0xx_tim.o(.ARM.exidx.text.tim_external_clock_mode2_config) refers to cs32f0xx_tim.o(.text.tim_external_clock_mode2_config) for [Anonymous Symbol]
    cs32f0xx_tim.o(.ARM.exidx.text.tim_trigger_output_set) refers to cs32f0xx_tim.o(.text.tim_trigger_output_set) for [Anonymous Symbol]
    cs32f0xx_tim.o(.ARM.exidx.text.tim_slave_mode_set) refers to cs32f0xx_tim.o(.text.tim_slave_mode_set) for [Anonymous Symbol]
    cs32f0xx_tim.o(.ARM.exidx.text.tim_master_slave_set) refers to cs32f0xx_tim.o(.text.tim_master_slave_set) for [Anonymous Symbol]
    cs32f0xx_tim.o(.ARM.exidx.text.tim_encoder_interface_set) refers to cs32f0xx_tim.o(.text.tim_encoder_interface_set) for [Anonymous Symbol]
    cs32f0xx_usart.o(.text.usart_init) refers to cs32f0xx_rcu.o(.text.rcu_clk_freq_get) for rcu_clk_freq_get
    cs32f0xx_usart.o(.text.usart_init) refers to uidiv.o(.text) for __aeabi_uidiv
    cs32f0xx_usart.o(.ARM.exidx.text.usart_init) refers to cs32f0xx_usart.o(.text.usart_init) for [Anonymous Symbol]
    cs32f0xx_usart.o(.ARM.exidx.text.usart_config_struct_init) refers to cs32f0xx_usart.o(.text.usart_config_struct_init) for [Anonymous Symbol]
    cs32f0xx_usart.o(.ARM.exidx.text.usart_clock_init) refers to cs32f0xx_usart.o(.text.usart_clock_init) for [Anonymous Symbol]
    cs32f0xx_usart.o(.ARM.exidx.text.usart_clock_struct_init) refers to cs32f0xx_usart.o(.text.usart_clock_struct_init) for [Anonymous Symbol]
    cs32f0xx_usart.o(.ARM.exidx.text.usart_prescaler_set) refers to cs32f0xx_usart.o(.text.usart_prescaler_set) for [Anonymous Symbol]
    cs32f0xx_usart.o(.ARM.exidx.text.usart_stop_mode_wakeup_config) refers to cs32f0xx_usart.o(.text.usart_stop_mode_wakeup_config) for [Anonymous Symbol]
    cs32f0xx_usart.o(.ARM.exidx.text.usart_auto_baud_rate_config) refers to cs32f0xx_usart.o(.text.usart_auto_baud_rate_config) for [Anonymous Symbol]
    cs32f0xx_usart.o(.ARM.exidx.text.usart_address_set) refers to cs32f0xx_usart.o(.text.usart_address_set) for [Anonymous Symbol]
    cs32f0xx_usart.o(.ARM.exidx.text.usart_recv_wakeup_config) refers to cs32f0xx_usart.o(.text.usart_recv_wakeup_config) for [Anonymous Symbol]
    cs32f0xx_usart.o(.ARM.exidx.text.usart_addr_detect_set) refers to cs32f0xx_usart.o(.text.usart_addr_detect_set) for [Anonymous Symbol]
    cs32f0xx_usart.o(.ARM.exidx.text.usart_lin_break_detect_set) refers to cs32f0xx_usart.o(.text.usart_lin_break_detect_set) for [Anonymous Symbol]
    cs32f0xx_usart.o(.ARM.exidx.text.usart_guard_time_set) refers to cs32f0xx_usart.o(.text.usart_guard_time_set) for [Anonymous Symbol]
    cs32f0xx_usart.o(.ARM.exidx.text.usart_auto_retry_times_set) refers to cs32f0xx_usart.o(.text.usart_auto_retry_times_set) for [Anonymous Symbol]
    cs32f0xx_usart.o(.ARM.exidx.text.usart_block_value_set) refers to cs32f0xx_usart.o(.text.usart_block_value_set) for [Anonymous Symbol]
    cs32f0xx_usart.o(.ARM.exidx.text.usart_recv_overtime_set) refers to cs32f0xx_usart.o(.text.usart_recv_overtime_set) for [Anonymous Symbol]
    cs32f0xx_usart.o(.ARM.exidx.text.usart_irda_config) refers to cs32f0xx_usart.o(.text.usart_irda_config) for [Anonymous Symbol]
    cs32f0xx_usart.o(.ARM.exidx.text.usart_driver_enable_polarity_config) refers to cs32f0xx_usart.o(.text.usart_driver_enable_polarity_config) for [Anonymous Symbol]
    cs32f0xx_usart.o(.ARM.exidx.text.usart_driver_enable_preactive_time_set) refers to cs32f0xx_usart.o(.text.usart_driver_enable_preactive_time_set) for [Anonymous Symbol]
    cs32f0xx_usart.o(.ARM.exidx.text.usart_driver_enable_posactive_time_set) refers to cs32f0xx_usart.o(.text.usart_driver_enable_posactive_time_set) for [Anonymous Symbol]
    cs32f0xx_wwdt.o(.ARM.exidx.text.wwdt_prescaler_set) refers to cs32f0xx_wwdt.o(.text.wwdt_prescaler_set) for [Anonymous Symbol]
    cs32f0xx_wwdt.o(.ARM.exidx.text.wwdt_window_value_set) refers to cs32f0xx_wwdt.o(.text.wwdt_window_value_set) for [Anonymous Symbol]
    startup_cs32f030.o(RESET) refers to startup_cs32f030.o(STACK) for __initial_sp
    startup_cs32f030.o(RESET) refers to startup_cs32f030.o(.text) for Reset_Handler
    startup_cs32f030.o(RESET) refers to cs32f0xx_int.o(.text.NMI_Handler) for NMI_Handler
    startup_cs32f030.o(RESET) refers to cs32f0xx_int.o(.text.HardFault_Handler) for HardFault_Handler
    startup_cs32f030.o(RESET) refers to cs32f0xx_int.o(.text.SVC_Handler) for SVC_Handler
    startup_cs32f030.o(RESET) refers to cs32f0xx_int.o(.text.PendSV_Handler) for PendSV_Handler
    startup_cs32f030.o(RESET) refers to cs32f0xx_int.o(.text.SysTick_Handler) for SysTick_Handler
    startup_cs32f030.o(.text) refers to system_cs32f0xx.o(.text.SystemInit) for SystemInit
    startup_cs32f030.o(.text) refers to entry.o(.ARM.Collect$$$$00000000) for __main
    system_cs32f0xx.o(.text.SystemInit) refers to system_cs32f0xx.o(.text.SetSysClock) for SetSysClock
    system_cs32f0xx.o(.ARM.exidx.text.SystemInit) refers to system_cs32f0xx.o(.text.SystemInit) for [Anonymous Symbol]
    system_cs32f0xx.o(.ARM.exidx.text.SetSysClock) refers to system_cs32f0xx.o(.text.SetSysClock) for [Anonymous Symbol]
    system_cs32f0xx.o(.text.SystemCoreClockUpdate) refers to uidiv.o(.text) for __aeabi_uidiv
    system_cs32f0xx.o(.text.SystemCoreClockUpdate) refers to system_cs32f0xx.o(.data.SystemCoreClock) for SystemCoreClock
    system_cs32f0xx.o(.text.SystemCoreClockUpdate) refers to system_cs32f0xx.o(.rodata.AHBPrescTable) for [Anonymous Symbol]
    system_cs32f0xx.o(.ARM.exidx.text.SystemCoreClockUpdate) refers to system_cs32f0xx.o(.text.SystemCoreClockUpdate) for [Anonymous Symbol]
    entry.o(.ARM.Collect$$$$00000000) refers (Special) to entry10a.o(.ARM.Collect$$$$0000000D) for __rt_final_cpp
    entry.o(.ARM.Collect$$$$00000000) refers (Special) to entry11a.o(.ARM.Collect$$$$0000000F) for __rt_final_exit
    entry.o(.ARM.Collect$$$$00000000) refers (Special) to entry7b.o(.ARM.Collect$$$$00000008) for _main_clock
    entry.o(.ARM.Collect$$$$00000000) refers (Special) to entry8b.o(.ARM.Collect$$$$0000000A) for _main_cpp_init
    entry.o(.ARM.Collect$$$$00000000) refers (Special) to entry9a.o(.ARM.Collect$$$$0000000B) for _main_init
    entry.o(.ARM.Collect$$$$00000000) refers (Special) to entry5.o(.ARM.Collect$$$$00000004) for _main_scatterload
    entry.o(.ARM.Collect$$$$00000000) refers (Special) to entry2.o(.ARM.Collect$$$$00000001) for _main_stk
    printfa.o(i.__0fprintf) refers (Special) to iusefp.o(.text) for __I$use$fp
    printfa.o(i.__0fprintf) refers to printfa.o(i._printf_core) for _printf_core
    printfa.o(i.__0fprintf) refers to fputc.o(i.fputc) for fputc
    printfa.o(i.__0printf) refers (Special) to iusefp.o(.text) for __I$use$fp
    printfa.o(i.__0printf) refers to printfa.o(i._printf_core) for _printf_core
    printfa.o(i.__0printf) refers to fputc.o(i.fputc) for fputc
    printfa.o(i.__0printf) refers to stdout.o(.data) for __stdout
    printfa.o(i.__0snprintf) refers (Special) to iusefp.o(.text) for __I$use$fp
    printfa.o(i.__0snprintf) refers to printfa.o(i._printf_core) for _printf_core
    printfa.o(i.__0snprintf) refers to printfa.o(i._snputc) for _snputc
    printfa.o(i.__0sprintf) refers (Special) to iusefp.o(.text) for __I$use$fp
    printfa.o(i.__0sprintf) refers to printfa.o(i._printf_core) for _printf_core
    printfa.o(i.__0sprintf) refers to printfa.o(i._sputc) for _sputc
    printfa.o(i.__0vfprintf) refers (Special) to iusefp.o(.text) for __I$use$fp
    printfa.o(i.__0vfprintf) refers to printfa.o(i._printf_core) for _printf_core
    printfa.o(i.__0vfprintf) refers to fputc.o(i.fputc) for fputc
    printfa.o(i.__0vprintf) refers (Special) to iusefp.o(.text) for __I$use$fp
    printfa.o(i.__0vprintf) refers to printfa.o(i._printf_core) for _printf_core
    printfa.o(i.__0vprintf) refers to fputc.o(i.fputc) for fputc
    printfa.o(i.__0vprintf) refers to stdout.o(.data) for __stdout
    printfa.o(i.__0vsnprintf) refers (Special) to iusefp.o(.text) for __I$use$fp
    printfa.o(i.__0vsnprintf) refers to printfa.o(i._printf_core) for _printf_core
    printfa.o(i.__0vsnprintf) refers to printfa.o(i._snputc) for _snputc
    printfa.o(i.__0vsprintf) refers (Special) to iusefp.o(.text) for __I$use$fp
    printfa.o(i.__0vsprintf) refers to printfa.o(i._printf_core) for _printf_core
    printfa.o(i.__0vsprintf) refers to printfa.o(i._sputc) for _sputc
    printfa.o(i._fp_digits) refers (Special) to iusefp.o(.text) for __I$use$fp
    printfa.o(i._fp_digits) refers to dmul.o(.text) for __aeabi_dmul
    printfa.o(i._fp_digits) refers to ddiv.o(.text) for __aeabi_ddiv
    printfa.o(i._fp_digits) refers to cdrcmple.o(.text) for __aeabi_cdrcmple
    printfa.o(i._fp_digits) refers to dadd.o(.text) for __aeabi_dadd
    printfa.o(i._fp_digits) refers to dfixul.o(.text) for __aeabi_d2ulz
    printfa.o(i._fp_digits) refers to uldiv.o(.text) for __aeabi_uldivmod
    printfa.o(i._printf_core) refers (Special) to iusefp.o(.text) for __I$use$fp
    printfa.o(i._printf_core) refers to printfa.o(i._printf_pre_padding) for _printf_pre_padding
    printfa.o(i._printf_core) refers to uldiv.o(.text) for __aeabi_uldivmod
    printfa.o(i._printf_core) refers to printfa.o(i._printf_post_padding) for _printf_post_padding
    printfa.o(i._printf_core) refers to printfa.o(i._fp_digits) for _fp_digits
    printfa.o(i._printf_core) refers to uidiv.o(.text) for __aeabi_uidivmod
    printfa.o(i._printf_post_padding) refers (Special) to iusefp.o(.text) for __I$use$fp
    printfa.o(i._printf_pre_padding) refers (Special) to iusefp.o(.text) for __I$use$fp
    printfa.o(i._snputc) refers (Special) to iusefp.o(.text) for __I$use$fp
    printfa.o(i._sputc) refers (Special) to iusefp.o(.text) for __I$use$fp
    entry2.o(.ARM.Collect$$$$00000001) refers to entry2.o(.ARM.Collect$$$$00002712) for __lit__00000000
    entry2.o(.ARM.Collect$$$$00002712) refers to startup_cs32f030.o(STACK) for __initial_sp
    entry2.o(__vectab_stack_and_reset_area) refers to startup_cs32f030.o(STACK) for __initial_sp
    entry2.o(__vectab_stack_and_reset_area) refers to entry.o(.ARM.Collect$$$$00000000) for __main
    entry5.o(.ARM.Collect$$$$00000004) refers to init.o(.text) for __scatterload
    entry9a.o(.ARM.Collect$$$$0000000B) refers to main.o(.text.main) for main
    entry9b.o(.ARM.Collect$$$$0000000C) refers to main.o(.text.main) for main
    fputc.o(i.fputc) refers (Special) to iusesemip.o(.text) for __I$use$semihosting$fputc
    fputc.o(i.fputc) refers (Special) to semi.o(.text) for __semihosting_library_function
    fputc_h.o(i._fputc$hlt) refers (Special) to iusesemip.o(.text) for __I$use$semihosting$fputc
    fputc_h.o(i._fputc$hlt) refers (Special) to semi.o(.text) for __semihosting_library_function
    uldiv.o(.text) refers to llushr.o(.text) for __aeabi_llsr
    uldiv.o(.text) refers to llshl.o(.text) for __aeabi_llsl
    dadd.o(.text) refers (Special) to iusefp.o(.text) for __I$use$fp
    dadd.o(.text) refers to llshl.o(.text) for __aeabi_llsl
    dadd.o(.text) refers to llsshr.o(.text) for __aeabi_lasr
    dadd.o(.text) refers to depilogue.o(.text) for _double_epilogue
    dmul.o(.text) refers (Special) to iusefp.o(.text) for __I$use$fp
    dmul.o(.text) refers to depilogue.o(.text) for _double_epilogue
    ddiv.o(.text) refers (Special) to iusefp.o(.text) for __I$use$fp
    ddiv.o(.text) refers to depilogue.o(.text) for _double_round
    dfixul.o(.text) refers (Special) to iusefp.o(.text) for __I$use$fp
    dfixul.o(.text) refers to llushr.o(.text) for __aeabi_llsr
    dfixul.o(.text) refers to llshl.o(.text) for __aeabi_llsl
    cdrcmple.o(.text) refers (Special) to iusefp.o(.text) for __I$use$fp
    init.o(.text) refers to entry5.o(.ARM.Collect$$$$00000004) for __main_after_scatterload
    depilogue.o(.text) refers (Special) to iusefp.o(.text) for __I$use$fp
    depilogue.o(.text) refers to depilogue.o(i.__ARM_clz) for __ARM_clz
    depilogue.o(.text) refers to llshl.o(.text) for __aeabi_llsl
    depilogue.o(.text) refers to llushr.o(.text) for __aeabi_llsr
    depilogue.o(i.__ARM_clz) refers (Special) to iusefp.o(.text) for __I$use$fp


==============================================================================

Removing Unused input sections from the image.

    Removing cs32f0xx_int.o(.text), (0 bytes).
    Removing cs32f0xx_int.o(.ARM.exidx.text.NMI_Handler), (8 bytes).
    Removing cs32f0xx_int.o(.ARM.exidx.text.HardFault_Handler), (8 bytes).
    Removing cs32f0xx_int.o(.ARM.exidx.text.SVC_Handler), (8 bytes).
    Removing cs32f0xx_int.o(.ARM.exidx.text.PendSV_Handler), (8 bytes).
    Removing cs32f0xx_int.o(.ARM.exidx.text.SysTick_Handler), (8 bytes).
    Removing main.o(.text), (0 bytes).
    Removing main.o(.ARM.exidx.text.main), (8 bytes).
    Removing main.o(.ARM.exidx.text.set_sys_clock), (8 bytes).
    Removing main.o(.ARM.exidx.text.SysTick_Config), (8 bytes).
    Removing main.o(.ARM.exidx.text.delay), (8 bytes).
    Removing main.o(.ARM.exidx.text.timing_delay_decrement), (8 bytes).
    Removing main.o(.ARM.exidx.text.__NVIC_SetPriority), (8 bytes).
    Removing cs32f0xx_adc.o(.text), (0 bytes).
    Removing cs32f0xx_adc.o(.text.adc_def_init), (96 bytes).
    Removing cs32f0xx_adc.o(.ARM.exidx.text.adc_def_init), (8 bytes).
    Removing cs32f0xx_adc.o(.text.adc_init), (64 bytes).
    Removing cs32f0xx_adc.o(.ARM.exidx.text.adc_init), (8 bytes).
    Removing cs32f0xx_adc.o(.text.adc_config_struct_init), (36 bytes).
    Removing cs32f0xx_adc.o(.ARM.exidx.text.adc_config_struct_init), (8 bytes).
    Removing cs32f0xx_adc.o(.text.adc_watchdog_channel_select), (36 bytes).
    Removing cs32f0xx_adc.o(.ARM.exidx.text.adc_watchdog_channel_select), (8 bytes).
    Removing cs32f0xx_adc.o(.text.adc_channel_config), (42 bytes).
    Removing cs32f0xx_adc.o(.ARM.exidx.text.adc_channel_config), (8 bytes).
    Removing cs32f0xx_adc.o(.text.adc_calibration_value_get), (132 bytes).
    Removing cs32f0xx_adc.o(.ARM.exidx.text.adc_calibration_value_get), (8 bytes).
    Removing cs32f0xx_adc.o(.text.adc_conversion_start), (30 bytes).
    Removing cs32f0xx_adc.o(.ARM.exidx.text.adc_conversion_start), (8 bytes).
    Removing cs32f0xx_adc.o(.text.adc_conversion_stop), (20 bytes).
    Removing cs32f0xx_adc.o(.ARM.exidx.text.adc_conversion_stop), (8 bytes).
    Removing cs32f0xx_adc.o(.text.adc_dma_mode_set), (34 bytes).
    Removing cs32f0xx_adc.o(.ARM.exidx.text.adc_dma_mode_set), (8 bytes).
    Removing cs32f0xx_crc.o(.text), (0 bytes).
    Removing cs32f0xx_crc.o(.text.crc_def_init), (40 bytes).
    Removing cs32f0xx_crc.o(.ARM.exidx.text.crc_def_init), (8 bytes).
    Removing cs32f0xx_crc.o(.text.crc_input_data_reverse), (32 bytes).
    Removing cs32f0xx_crc.o(.ARM.exidx.text.crc_input_data_reverse), (8 bytes).
    Removing cs32f0xx_crc.o(.text.crc_crc32_calc), (24 bytes).
    Removing cs32f0xx_crc.o(.ARM.exidx.text.crc_crc32_calc), (8 bytes).
    Removing cs32f0xx_crc.o(.text.crc_crc16_calc), (24 bytes).
    Removing cs32f0xx_crc.o(.ARM.exidx.text.crc_crc16_calc), (8 bytes).
    Removing cs32f0xx_crc.o(.text.crc_crc8_calc), (24 bytes).
    Removing cs32f0xx_crc.o(.ARM.exidx.text.crc_crc8_calc), (8 bytes).
    Removing cs32f0xx_crc.o(.text.crc_data_buffer_calc), (64 bytes).
    Removing cs32f0xx_crc.o(.ARM.exidx.text.crc_data_buffer_calc), (8 bytes).
    Removing cs32f0xx_debug.o(.text), (0 bytes).
    Removing cs32f0xx_dma.o(.text), (0 bytes).
    Removing cs32f0xx_dma.o(.text.dma_def_init), (80 bytes).
    Removing cs32f0xx_dma.o(.ARM.exidx.text.dma_def_init), (8 bytes).
    Removing cs32f0xx_dma.o(.text.dma_init), (144 bytes).
    Removing cs32f0xx_dma.o(.ARM.exidx.text.dma_init), (8 bytes).
    Removing cs32f0xx_dma.o(.text.dma_transfer_config), (84 bytes).
    Removing cs32f0xx_dma.o(.ARM.exidx.text.dma_transfer_config), (8 bytes).
    Removing cs32f0xx_dma.o(.text.dma_struct_config), (56 bytes).
    Removing cs32f0xx_dma.o(.ARM.exidx.text.dma_struct_config), (8 bytes).
    Removing cs32f0xx_exti.o(.text), (0 bytes).
    Removing cs32f0xx_exti.o(.text.exti_def_init), (52 bytes).
    Removing cs32f0xx_exti.o(.ARM.exidx.text.exti_def_init), (8 bytes).
    Removing cs32f0xx_flash.o(.text), (0 bytes).
    Removing cs32f0xx_flash.o(.text.flash_wait_counter_set), (32 bytes).
    Removing cs32f0xx_flash.o(.ARM.exidx.text.flash_wait_counter_set), (8 bytes).
    Removing cs32f0xx_flash.o(.text.flash_unlock), (44 bytes).
    Removing cs32f0xx_flash.o(.ARM.exidx.text.flash_unlock), (8 bytes).
    Removing cs32f0xx_flash.o(.text.flash_lock), (16 bytes).
    Removing cs32f0xx_flash.o(.ARM.exidx.text.flash_lock), (8 bytes).
    Removing cs32f0xx_flash.o(.text.flash_page_erase), (108 bytes).
    Removing cs32f0xx_flash.o(.ARM.exidx.text.flash_page_erase), (8 bytes).
    Removing cs32f0xx_flash.o(.text.flash_operation_wait), (124 bytes).
    Removing cs32f0xx_flash.o(.ARM.exidx.text.flash_operation_wait), (8 bytes).
    Removing cs32f0xx_flash.o(.text.flash_all_pages_erase), (68 bytes).
    Removing cs32f0xx_flash.o(.ARM.exidx.text.flash_all_pages_erase), (8 bytes).
    Removing cs32f0xx_flash.o(.text.flash_word_program), (88 bytes).
    Removing cs32f0xx_flash.o(.ARM.exidx.text.flash_word_program), (8 bytes).
    Removing cs32f0xx_flash.o(.text.flash_half_word_program), (80 bytes).
    Removing cs32f0xx_flash.o(.ARM.exidx.text.flash_half_word_program), (8 bytes).
    Removing cs32f0xx_flash.o(.text.flash_option_bytes_unlock), (44 bytes).
    Removing cs32f0xx_flash.o(.ARM.exidx.text.flash_option_bytes_unlock), (8 bytes).
    Removing cs32f0xx_flash.o(.text.flash_option_bytes_lock), (20 bytes).
    Removing cs32f0xx_flash.o(.ARM.exidx.text.flash_option_bytes_lock), (8 bytes).
    Removing cs32f0xx_flash.o(.text.flash_option_bytes_erase), (188 bytes).
    Removing cs32f0xx_flash.o(.ARM.exidx.text.flash_option_bytes_erase), (8 bytes).
    Removing cs32f0xx_flash.o(.text.flash_option_bytes_user_set), (48 bytes).
    Removing cs32f0xx_flash.o(.ARM.exidx.text.flash_option_bytes_user_set), (8 bytes).
    Removing cs32f0xx_flash.o(.text.flash_option_bytes_set), (268 bytes).
    Removing cs32f0xx_flash.o(.ARM.exidx.text.flash_option_bytes_set), (8 bytes).
    Removing cs32f0xx_flash.o(.text.flash_option_bytes_write_protect_enable), (104 bytes).
    Removing cs32f0xx_flash.o(.ARM.exidx.text.flash_option_bytes_write_protect_enable), (8 bytes).
    Removing cs32f0xx_flash.o(.text.flash_option_bytes_read_protect_config), (48 bytes).
    Removing cs32f0xx_flash.o(.ARM.exidx.text.flash_option_bytes_read_protect_config), (8 bytes).
    Removing cs32f0xx_fwdt.o(.text), (0 bytes).
    Removing cs32f0xx_gpio.o(.text), (0 bytes).
    Removing cs32f0xx_gpio.o(.ARM.exidx.text.gpio_mode_set), (8 bytes).
    Removing cs32f0xx_gpio.o(.text.gpio_pin_lock_config), (66 bytes).
    Removing cs32f0xx_gpio.o(.ARM.exidx.text.gpio_pin_lock_config), (8 bytes).
    Removing cs32f0xx_gpio.o(.ARM.exidx.text.gpio_mf_config), (8 bytes).
    Removing cs32f0xx_i2c.o(.text), (0 bytes).
    Removing cs32f0xx_i2c.o(.text.i2c_struct_init), (44 bytes).
    Removing cs32f0xx_i2c.o(.ARM.exidx.text.i2c_struct_init), (8 bytes).
    Removing cs32f0xx_i2c.o(.text.i2c_init), (144 bytes).
    Removing cs32f0xx_i2c.o(.ARM.exidx.text.i2c_init), (8 bytes).
    Removing cs32f0xx_i2c.o(.text.i2c_software_reset), (36 bytes).
    Removing cs32f0xx_i2c.o(.ARM.exidx.text.i2c_software_reset), (8 bytes).
    Removing cs32f0xx_i2c.o(.text.i2c_slave_address2_config), (68 bytes).
    Removing cs32f0xx_i2c.o(.ARM.exidx.text.i2c_slave_address2_config), (8 bytes).
    Removing cs32f0xx_i2c.o(.text.i2c_slave_address_config), (48 bytes).
    Removing cs32f0xx_i2c.o(.ARM.exidx.text.i2c_slave_address_config), (8 bytes).
    Removing cs32f0xx_i2c.o(.text.i2c_request_direction_config), (40 bytes).
    Removing cs32f0xx_i2c.o(.ARM.exidx.text.i2c_request_direction_config), (8 bytes).
    Removing cs32f0xx_i2c.o(.text.i2c_bytes_number_config), (42 bytes).
    Removing cs32f0xx_i2c.o(.ARM.exidx.text.i2c_bytes_number_config), (8 bytes).
    Removing cs32f0xx_i2c.o(.text.i2c_transfer_handle), (136 bytes).
    Removing cs32f0xx_i2c.o(.ARM.exidx.text.i2c_transfer_handle), (8 bytes).
    Removing cs32f0xx_i2c.o(.text.i2c_overtime_a_config), (52 bytes).
    Removing cs32f0xx_i2c.o(.ARM.exidx.text.i2c_overtime_a_config), (8 bytes).
    Removing cs32f0xx_i2c.o(.text.i2c_overtime_b_config), (52 bytes).
    Removing cs32f0xx_i2c.o(.ARM.exidx.text.i2c_overtime_b_config), (8 bytes).
    Removing cs32f0xx_i2c.o(.text.i2c_pec_enable_ctrl), (104 bytes).
    Removing cs32f0xx_i2c.o(.ARM.exidx.text.i2c_pec_enable_ctrl), (8 bytes).
    Removing cs32f0xx_misc.o(.text), (0 bytes).
    Removing cs32f0xx_misc.o(.text.nvic_init), (124 bytes).
    Removing cs32f0xx_misc.o(.ARM.exidx.text.nvic_init), (8 bytes).
    Removing cs32f0xx_misc.o(.text.systick_clock_config), (32 bytes).
    Removing cs32f0xx_misc.o(.ARM.exidx.text.systick_clock_config), (8 bytes).
    Removing cs32f0xx_pmu.o(.text), (0 bytes).
    Removing cs32f0xx_pmu.o(.text.pmu_low_vol_detector_config), (32 bytes).
    Removing cs32f0xx_pmu.o(.ARM.exidx.text.pmu_low_vol_detector_config), (8 bytes).
    Removing cs32f0xx_pmu.o(.text.pmu_sleep_mode_set), (52 bytes).
    Removing cs32f0xx_pmu.o(.ARM.exidx.text.pmu_sleep_mode_set), (8 bytes).
    Removing cs32f0xx_pmu.o(.text.pmu_deep_sleep_mode_enter), (116 bytes).
    Removing cs32f0xx_pmu.o(.ARM.exidx.text.pmu_deep_sleep_mode_enter), (8 bytes).
    Removing cs32f0xx_pmu.o(.text.pmu_power_down_enter), (76 bytes).
    Removing cs32f0xx_pmu.o(.ARM.exidx.text.pmu_power_down_enter), (8 bytes).
    Removing cs32f0xx_rcu.o(.text), (0 bytes).
    Removing cs32f0xx_rcu.o(.ARM.exidx.text.rcu_def_init), (8 bytes).
    Removing cs32f0xx_rcu.o(.text.rcu_hxt_stabilization_wait), (116 bytes).
    Removing cs32f0xx_rcu.o(.ARM.exidx.text.rcu_hxt_stabilization_wait), (8 bytes).
    Removing cs32f0xx_rcu.o(.ARM.exidx.text.rcu_hrc_calibration_adjust), (8 bytes).
    Removing cs32f0xx_rcu.o(.text.rcu_hrc14_calibration_adjust), (36 bytes).
    Removing cs32f0xx_rcu.o(.ARM.exidx.text.rcu_hrc14_calibration_adjust), (8 bytes).
    Removing cs32f0xx_rcu.o(.text.rcu_hxt_drive_config), (32 bytes).
    Removing cs32f0xx_rcu.o(.ARM.exidx.text.rcu_hxt_drive_config), (8 bytes).
    Removing cs32f0xx_rcu.o(.text.rcu_lxt_drive_config), (32 bytes).
    Removing cs32f0xx_rcu.o(.ARM.exidx.text.rcu_lxt_drive_config), (8 bytes).
    Removing cs32f0xx_rcu.o(.ARM.exidx.text.rcu_pll_config), (8 bytes).
    Removing cs32f0xx_rcu.o(.ARM.exidx.text.rcu_clkout_config), (8 bytes).
    Removing cs32f0xx_rcu.o(.ARM.exidx.text.rcu_sysclk_config), (8 bytes).
    Removing cs32f0xx_rcu.o(.ARM.exidx.text.rcu_hclk_config), (8 bytes).
    Removing cs32f0xx_rcu.o(.ARM.exidx.text.rcu_pclk_config), (8 bytes).
    Removing cs32f0xx_rcu.o(.text.rcu_i2cclk_config), (32 bytes).
    Removing cs32f0xx_rcu.o(.ARM.exidx.text.rcu_i2cclk_config), (8 bytes).
    Removing cs32f0xx_rcu.o(.text.rcu_usartclk_config), (32 bytes).
    Removing cs32f0xx_rcu.o(.ARM.exidx.text.rcu_usartclk_config), (8 bytes).
    Removing cs32f0xx_rcu.o(.text.rcu_rtcclk_config), (24 bytes).
    Removing cs32f0xx_rcu.o(.ARM.exidx.text.rcu_rtcclk_config), (8 bytes).
    Removing cs32f0xx_rcu.o(.ARM.exidx.text.rcu_clk_freq_get), (8 bytes).
    Removing cs32f0xx_rtc.o(.text), (0 bytes).
    Removing cs32f0xx_rtc.o(.text.rtc_def_init), (164 bytes).
    Removing cs32f0xx_rtc.o(.ARM.exidx.text.rtc_def_init), (8 bytes).
    Removing cs32f0xx_rtc.o(.text.rtc_init_mode_enter), (140 bytes).
    Removing cs32f0xx_rtc.o(.ARM.exidx.text.rtc_init_mode_enter), (8 bytes).
    Removing cs32f0xx_rtc.o(.text.rtc_synchro_wait), (148 bytes).
    Removing cs32f0xx_rtc.o(.ARM.exidx.text.rtc_synchro_wait), (8 bytes).
    Removing cs32f0xx_rtc.o(.text.rtc_init), (104 bytes).
    Removing cs32f0xx_rtc.o(.ARM.exidx.text.rtc_init), (8 bytes).
    Removing cs32f0xx_rtc.o(.text.rtc_struct_init), (28 bytes).
    Removing cs32f0xx_rtc.o(.ARM.exidx.text.rtc_struct_init), (8 bytes).
    Removing cs32f0xx_rtc.o(.text.rtc_outside_clock_enable_ctrl), (104 bytes).
    Removing cs32f0xx_rtc.o(.ARM.exidx.text.rtc_outside_clock_enable_ctrl), (8 bytes).
    Removing cs32f0xx_rtc.o(.text.rtc_time_set), (292 bytes).
    Removing cs32f0xx_rtc.o(.ARM.exidx.text.rtc_time_set), (8 bytes).
    Removing cs32f0xx_rtc.o(.text.rtc_bcd_convert_byte), (44 bytes).
    Removing cs32f0xx_rtc.o(.ARM.exidx.text.rtc_bcd_convert_byte), (8 bytes).
    Removing cs32f0xx_rtc.o(.text.rtc_byte_convert_bcd), (60 bytes).
    Removing cs32f0xx_rtc.o(.ARM.exidx.text.rtc_byte_convert_bcd), (8 bytes).
    Removing cs32f0xx_rtc.o(.text.rtc_time_struct_init), (28 bytes).
    Removing cs32f0xx_rtc.o(.ARM.exidx.text.rtc_time_struct_init), (8 bytes).
    Removing cs32f0xx_rtc.o(.text.rtc_time_get), (140 bytes).
    Removing cs32f0xx_rtc.o(.ARM.exidx.text.rtc_time_get), (8 bytes).
    Removing cs32f0xx_rtc.o(.text.rtc_subsecond_get), (36 bytes).
    Removing cs32f0xx_rtc.o(.ARM.exidx.text.rtc_subsecond_get), (8 bytes).
    Removing cs32f0xx_rtc.o(.text.rtc_date_set), (292 bytes).
    Removing cs32f0xx_rtc.o(.ARM.exidx.text.rtc_date_set), (8 bytes).
    Removing cs32f0xx_rtc.o(.text.rtc_date_struct_init), (30 bytes).
    Removing cs32f0xx_rtc.o(.ARM.exidx.text.rtc_date_struct_init), (8 bytes).
    Removing cs32f0xx_rtc.o(.text.rtc_date_get), (140 bytes).
    Removing cs32f0xx_rtc.o(.ARM.exidx.text.rtc_date_get), (8 bytes).
    Removing cs32f0xx_rtc.o(.text.rtc_alarm_set), (280 bytes).
    Removing cs32f0xx_rtc.o(.ARM.exidx.text.rtc_alarm_set), (8 bytes).
    Removing cs32f0xx_rtc.o(.text.rtc_alarm_struct_init), (42 bytes).
    Removing cs32f0xx_rtc.o(.ARM.exidx.text.rtc_alarm_struct_init), (8 bytes).
    Removing cs32f0xx_rtc.o(.text.rtc_alarm_get), (172 bytes).
    Removing cs32f0xx_rtc.o(.ARM.exidx.text.rtc_alarm_get), (8 bytes).
    Removing cs32f0xx_rtc.o(.text.rtc_alarm_enable_ctrl), (164 bytes).
    Removing cs32f0xx_rtc.o(.ARM.exidx.text.rtc_alarm_enable_ctrl), (8 bytes).
    Removing cs32f0xx_rtc.o(.text.rtc_daylight_saving_config), (44 bytes).
    Removing cs32f0xx_rtc.o(.ARM.exidx.text.rtc_daylight_saving_config), (8 bytes).
    Removing cs32f0xx_rtc.o(.text.rtc_output_config), (44 bytes).
    Removing cs32f0xx_rtc.o(.ARM.exidx.text.rtc_output_config), (8 bytes).
    Removing cs32f0xx_rtc.o(.text.rtc_cali_output_config), (32 bytes).
    Removing cs32f0xx_rtc.o(.ARM.exidx.text.rtc_cali_output_config), (8 bytes).
    Removing cs32f0xx_rtc.o(.text.rtc_swallow_config), (164 bytes).
    Removing cs32f0xx_rtc.o(.ARM.exidx.text.rtc_swallow_config), (8 bytes).
    Removing cs32f0xx_rtc.o(.text.rtc_time_recording_config), (80 bytes).
    Removing cs32f0xx_rtc.o(.ARM.exidx.text.rtc_time_recording_config), (8 bytes).
    Removing cs32f0xx_rtc.o(.text.rtc_time_recording_get), (240 bytes).
    Removing cs32f0xx_rtc.o(.ARM.exidx.text.rtc_time_recording_get), (8 bytes).
    Removing cs32f0xx_rtc.o(.text.rtc_inbreak_filter_config), (32 bytes).
    Removing cs32f0xx_rtc.o(.ARM.exidx.text.rtc_inbreak_filter_config), (8 bytes).
    Removing cs32f0xx_rtc.o(.text.rtc_inbreak_sample_freq_config), (32 bytes).
    Removing cs32f0xx_rtc.o(.ARM.exidx.text.rtc_inbreak_sample_freq_config), (8 bytes).
    Removing cs32f0xx_rtc.o(.text.rtc_inbreak_precharge_duration), (32 bytes).
    Removing cs32f0xx_rtc.o(.ARM.exidx.text.rtc_inbreak_precharge_duration), (8 bytes).
    Removing cs32f0xx_rtc.o(.text.rtc_output_type_config), (32 bytes).
    Removing cs32f0xx_rtc.o(.ARM.exidx.text.rtc_output_type_config), (8 bytes).
    Removing cs32f0xx_rtc.o(.text.rtc_adj_register_config), (196 bytes).
    Removing cs32f0xx_rtc.o(.ARM.exidx.text.rtc_adj_register_config), (8 bytes).
    Removing cs32f0xx_spi.o(.text), (0 bytes).
    Removing cs32f0xx_spi.o(.text.spi_config_struct_init), (54 bytes).
    Removing cs32f0xx_spi.o(.ARM.exidx.text.spi_config_struct_init), (8 bytes).
    Removing cs32f0xx_spi.o(.text.spi_init), (128 bytes).
    Removing cs32f0xx_spi.o(.ARM.exidx.text.spi_init), (8 bytes).
    Removing cs32f0xx_spi.o(.text.i2s_config_struct_init), (38 bytes).
    Removing cs32f0xx_spi.o(.ARM.exidx.text.i2s_config_struct_init), (8 bytes).
    Removing cs32f0xx_spi.o(.text.i2s_init), (328 bytes).
    Removing cs32f0xx_spi.o(.ARM.exidx.text.i2s_init), (8 bytes).
    Removing cs32f0xx_spi.o(.text.spi_data_width_set), (40 bytes).
    Removing cs32f0xx_spi.o(.ARM.exidx.text.spi_data_width_set), (8 bytes).
    Removing cs32f0xx_spi.o(.text.spi_fifo_recv_threshold_set), (40 bytes).
    Removing cs32f0xx_spi.o(.ARM.exidx.text.spi_fifo_recv_threshold_set), (8 bytes).
    Removing cs32f0xx_spi.o(.text.spi_transmit_direct_set), (40 bytes).
    Removing cs32f0xx_spi.o(.ARM.exidx.text.spi_transmit_direct_set), (8 bytes).
    Removing cs32f0xx_spi.o(.text.spi_software_nss_config), (40 bytes).
    Removing cs32f0xx_spi.o(.ARM.exidx.text.spi_software_nss_config), (8 bytes).
    Removing cs32f0xx_spi.o(.text.spi_crc_length_set), (40 bytes).
    Removing cs32f0xx_spi.o(.ARM.exidx.text.spi_crc_length_set), (8 bytes).
    Removing cs32f0xx_spi.o(.text.spi_dma_odd_even_set), (40 bytes).
    Removing cs32f0xx_spi.o(.ARM.exidx.text.spi_dma_odd_even_set), (8 bytes).
    Removing cs32f0xx_syscfg.o(.text), (0 bytes).
    Removing cs32f0xx_syscfg.o(.text.syscfg_def_init), (68 bytes).
    Removing cs32f0xx_syscfg.o(.ARM.exidx.text.syscfg_def_init), (8 bytes).
    Removing cs32f0xx_syscfg.o(.text.syscfg_memory_remap_set), (32 bytes).
    Removing cs32f0xx_syscfg.o(.ARM.exidx.text.syscfg_memory_remap_set), (8 bytes).
    Removing cs32f0xx_syscfg.o(.text.syscfg_exti_line_config), (84 bytes).
    Removing cs32f0xx_syscfg.o(.ARM.exidx.text.syscfg_exti_line_config), (8 bytes).
    Removing cs32f0xx_syscfg.o(.text.syscfg_gpio_vth_config), (76 bytes).
    Removing cs32f0xx_syscfg.o(.ARM.exidx.text.syscfg_gpio_vth_config), (8 bytes).
    Removing cs32f0xx_tim.o(.text), (0 bytes).
    Removing cs32f0xx_tim.o(.text.tim_base_init), (224 bytes).
    Removing cs32f0xx_tim.o(.ARM.exidx.text.tim_base_init), (8 bytes).
    Removing cs32f0xx_tim.o(.text.tim_base_struct_init), (34 bytes).
    Removing cs32f0xx_tim.o(.ARM.exidx.text.tim_base_struct_init), (8 bytes).
    Removing cs32f0xx_tim.o(.text.tim_prescaler_set), (42 bytes).
    Removing cs32f0xx_tim.o(.ARM.exidx.text.tim_prescaler_set), (8 bytes).
    Removing cs32f0xx_tim.o(.text.tim_count_pattern_set), (38 bytes).
    Removing cs32f0xx_tim.o(.ARM.exidx.text.tim_count_pattern_set), (8 bytes).
    Removing cs32f0xx_tim.o(.text.tim_update_request_set), (38 bytes).
    Removing cs32f0xx_tim.o(.ARM.exidx.text.tim_update_request_set), (8 bytes).
    Removing cs32f0xx_tim.o(.text.tim_pulse_mode_set), (38 bytes).
    Removing cs32f0xx_tim.o(.ARM.exidx.text.tim_pulse_mode_set), (8 bytes).
    Removing cs32f0xx_tim.o(.text.tim_clock_division_set), (40 bytes).
    Removing cs32f0xx_tim.o(.ARM.exidx.text.tim_clock_division_set), (8 bytes).
    Removing cs32f0xx_tim.o(.text.tim_protect_config), (52 bytes).
    Removing cs32f0xx_tim.o(.ARM.exidx.text.tim_protect_config), (8 bytes).
    Removing cs32f0xx_tim.o(.text.tim_protect_struct_init), (40 bytes).
    Removing cs32f0xx_tim.o(.ARM.exidx.text.tim_protect_struct_init), (8 bytes).
    Removing cs32f0xx_tim.o(.text.tim_choc_init), (312 bytes).
    Removing cs32f0xx_tim.o(.ARM.exidx.text.tim_choc_init), (8 bytes).
    Removing cs32f0xx_tim.o(.text.tim_choc_struct_init), (44 bytes).
    Removing cs32f0xx_tim.o(.ARM.exidx.text.tim_choc_struct_init), (8 bytes).
    Removing cs32f0xx_tim.o(.text.tim_choc_mode_set), (108 bytes).
    Removing cs32f0xx_tim.o(.ARM.exidx.text.tim_choc_mode_set), (8 bytes).
    Removing cs32f0xx_tim.o(.text.tim_choc_forced_set), (80 bytes).
    Removing cs32f0xx_tim.o(.ARM.exidx.text.tim_choc_forced_set), (8 bytes).
    Removing cs32f0xx_tim.o(.text.tim_choc_preload_set), (80 bytes).
    Removing cs32f0xx_tim.o(.ARM.exidx.text.tim_choc_preload_set), (8 bytes).
    Removing cs32f0xx_tim.o(.text.tim_choc_fast_set), (80 bytes).
    Removing cs32f0xx_tim.o(.ARM.exidx.text.tim_choc_fast_set), (8 bytes).
    Removing cs32f0xx_tim.o(.text.tim_choc_clear_set), (80 bytes).
    Removing cs32f0xx_tim.o(.ARM.exidx.text.tim_choc_clear_set), (8 bytes).
    Removing cs32f0xx_tim.o(.text.tim_chcc_polarity_set), (54 bytes).
    Removing cs32f0xx_tim.o(.ARM.exidx.text.tim_chcc_polarity_set), (8 bytes).
    Removing cs32f0xx_tim.o(.text.tim_chncc_polarity_set), (54 bytes).
    Removing cs32f0xx_tim.o(.ARM.exidx.text.tim_chncc_polarity_set), (8 bytes).
    Removing cs32f0xx_tim.o(.text.tim_chcc_enable_ctrl), (54 bytes).
    Removing cs32f0xx_tim.o(.ARM.exidx.text.tim_chcc_enable_ctrl), (8 bytes).
    Removing cs32f0xx_tim.o(.text.tim_chncc_enable_ctrl), (54 bytes).
    Removing cs32f0xx_tim.o(.ARM.exidx.text.tim_chncc_enable_ctrl), (8 bytes).
    Removing cs32f0xx_tim.o(.text.tim_chic_init), (56 bytes).
    Removing cs32f0xx_tim.o(.ARM.exidx.text.tim_chic_init), (8 bytes).
    Removing cs32f0xx_tim.o(.text.tim_chic_config), (200 bytes).
    Removing cs32f0xx_tim.o(.ARM.exidx.text.tim_chic_config), (8 bytes).
    Removing cs32f0xx_tim.o(.text.tim_chic_predivider_set), (80 bytes).
    Removing cs32f0xx_tim.o(.ARM.exidx.text.tim_chic_predivider_set), (8 bytes).
    Removing cs32f0xx_tim.o(.text.tim_chic_struct_init), (34 bytes).
    Removing cs32f0xx_tim.o(.ARM.exidx.text.tim_chic_struct_init), (8 bytes).
    Removing cs32f0xx_tim.o(.text.tim_pwmi_config), (242 bytes).
    Removing cs32f0xx_tim.o(.ARM.exidx.text.tim_pwmi_config), (8 bytes).
    Removing cs32f0xx_tim.o(.text.tim_dma_access_config), (40 bytes).
    Removing cs32f0xx_tim.o(.ARM.exidx.text.tim_dma_access_config), (8 bytes).
    Removing cs32f0xx_tim.o(.text.tim_internal_clock_config), (20 bytes).
    Removing cs32f0xx_tim.o(.ARM.exidx.text.tim_internal_clock_config), (8 bytes).
    Removing cs32f0xx_tim.o(.text.tim_internal_trigger_external_clock_config), (46 bytes).
    Removing cs32f0xx_tim.o(.ARM.exidx.text.tim_internal_trigger_external_clock_config), (8 bytes).
    Removing cs32f0xx_tim.o(.text.tim_input_trigger_set), (38 bytes).
    Removing cs32f0xx_tim.o(.ARM.exidx.text.tim_input_trigger_set), (8 bytes).
    Removing cs32f0xx_tim.o(.text.tim_ti_external_clock_config), (116 bytes).
    Removing cs32f0xx_tim.o(.ARM.exidx.text.tim_ti_external_clock_config), (8 bytes).
    Removing cs32f0xx_tim.o(.text.tim_external_clock_mode1_config), (80 bytes).
    Removing cs32f0xx_tim.o(.ARM.exidx.text.tim_external_clock_mode1_config), (8 bytes).
    Removing cs32f0xx_tim.o(.text.tim_external_trigger_config), (68 bytes).
    Removing cs32f0xx_tim.o(.ARM.exidx.text.tim_external_trigger_config), (8 bytes).
    Removing cs32f0xx_tim.o(.text.tim_external_clock_mode2_config), (80 bytes).
    Removing cs32f0xx_tim.o(.ARM.exidx.text.tim_external_clock_mode2_config), (8 bytes).
    Removing cs32f0xx_tim.o(.text.tim_trigger_output_set), (38 bytes).
    Removing cs32f0xx_tim.o(.ARM.exidx.text.tim_trigger_output_set), (8 bytes).
    Removing cs32f0xx_tim.o(.text.tim_slave_mode_set), (38 bytes).
    Removing cs32f0xx_tim.o(.ARM.exidx.text.tim_slave_mode_set), (8 bytes).
    Removing cs32f0xx_tim.o(.text.tim_master_slave_set), (38 bytes).
    Removing cs32f0xx_tim.o(.ARM.exidx.text.tim_master_slave_set), (8 bytes).
    Removing cs32f0xx_tim.o(.text.tim_encoder_interface_set), (104 bytes).
    Removing cs32f0xx_tim.o(.ARM.exidx.text.tim_encoder_interface_set), (8 bytes).
    Removing cs32f0xx_usart.o(.text), (0 bytes).
    Removing cs32f0xx_usart.o(.text.usart_init), (280 bytes).
    Removing cs32f0xx_usart.o(.ARM.exidx.text.usart_init), (8 bytes).
    Removing cs32f0xx_usart.o(.text.usart_config_struct_init), (42 bytes).
    Removing cs32f0xx_usart.o(.ARM.exidx.text.usart_config_struct_init), (8 bytes).
    Removing cs32f0xx_usart.o(.text.usart_clock_init), (52 bytes).
    Removing cs32f0xx_usart.o(.ARM.exidx.text.usart_clock_init), (8 bytes).
    Removing cs32f0xx_usart.o(.text.usart_clock_struct_init), (28 bytes).
    Removing cs32f0xx_usart.o(.ARM.exidx.text.usart_clock_struct_init), (8 bytes).
    Removing cs32f0xx_usart.o(.text.usart_prescaler_set), (40 bytes).
    Removing cs32f0xx_usart.o(.ARM.exidx.text.usart_prescaler_set), (8 bytes).
    Removing cs32f0xx_usart.o(.text.usart_stop_mode_wakeup_config), (36 bytes).
    Removing cs32f0xx_usart.o(.ARM.exidx.text.usart_stop_mode_wakeup_config), (8 bytes).
    Removing cs32f0xx_usart.o(.text.usart_auto_baud_rate_config), (36 bytes).
    Removing cs32f0xx_usart.o(.ARM.exidx.text.usart_auto_baud_rate_config), (8 bytes).
    Removing cs32f0xx_usart.o(.text.usart_address_set), (40 bytes).
    Removing cs32f0xx_usart.o(.ARM.exidx.text.usart_address_set), (8 bytes).
    Removing cs32f0xx_usart.o(.text.usart_recv_wakeup_config), (36 bytes).
    Removing cs32f0xx_usart.o(.ARM.exidx.text.usart_recv_wakeup_config), (8 bytes).
    Removing cs32f0xx_usart.o(.text.usart_addr_detect_set), (34 bytes).
    Removing cs32f0xx_usart.o(.ARM.exidx.text.usart_addr_detect_set), (8 bytes).
    Removing cs32f0xx_usart.o(.text.usart_lin_break_detect_set), (34 bytes).
    Removing cs32f0xx_usart.o(.ARM.exidx.text.usart_lin_break_detect_set), (8 bytes).
    Removing cs32f0xx_usart.o(.text.usart_guard_time_set), (36 bytes).
    Removing cs32f0xx_usart.o(.ARM.exidx.text.usart_guard_time_set), (8 bytes).
    Removing cs32f0xx_usart.o(.text.usart_auto_retry_times_set), (42 bytes).
    Removing cs32f0xx_usart.o(.ARM.exidx.text.usart_auto_retry_times_set), (8 bytes).
    Removing cs32f0xx_usart.o(.text.usart_block_value_set), (40 bytes).
    Removing cs32f0xx_usart.o(.ARM.exidx.text.usart_block_value_set), (8 bytes).
    Removing cs32f0xx_usart.o(.text.usart_recv_overtime_set), (36 bytes).
    Removing cs32f0xx_usart.o(.ARM.exidx.text.usart_recv_overtime_set), (8 bytes).
    Removing cs32f0xx_usart.o(.text.usart_irda_config), (34 bytes).
    Removing cs32f0xx_usart.o(.ARM.exidx.text.usart_irda_config), (8 bytes).
    Removing cs32f0xx_usart.o(.text.usart_driver_enable_polarity_config), (36 bytes).
    Removing cs32f0xx_usart.o(.ARM.exidx.text.usart_driver_enable_polarity_config), (8 bytes).
    Removing cs32f0xx_usart.o(.text.usart_driver_enable_preactive_time_set), (42 bytes).
    Removing cs32f0xx_usart.o(.ARM.exidx.text.usart_driver_enable_preactive_time_set), (8 bytes).
    Removing cs32f0xx_usart.o(.text.usart_driver_enable_posactive_time_set), (42 bytes).
    Removing cs32f0xx_usart.o(.ARM.exidx.text.usart_driver_enable_posactive_time_set), (8 bytes).
    Removing cs32f0xx_wwdt.o(.text), (0 bytes).
    Removing cs32f0xx_wwdt.o(.text.wwdt_prescaler_set), (32 bytes).
    Removing cs32f0xx_wwdt.o(.ARM.exidx.text.wwdt_prescaler_set), (8 bytes).
    Removing cs32f0xx_wwdt.o(.text.wwdt_window_value_set), (36 bytes).
    Removing cs32f0xx_wwdt.o(.ARM.exidx.text.wwdt_window_value_set), (8 bytes).
    Removing startup_cs32f030.o(HEAP), (512 bytes).
    Removing system_cs32f0xx.o(.text), (0 bytes).
    Removing system_cs32f0xx.o(.ARM.exidx.text.SystemInit), (8 bytes).
    Removing system_cs32f0xx.o(.ARM.exidx.text.SetSysClock), (8 bytes).
    Removing system_cs32f0xx.o(.text.SystemCoreClockUpdate), (212 bytes).
    Removing system_cs32f0xx.o(.ARM.exidx.text.SystemCoreClockUpdate), (8 bytes).
    Removing system_cs32f0xx.o(.rodata.AHBPrescTable), (16 bytes).

372 unused section(s) (total 14472 bytes) removed from the image.

==============================================================================

Image Symbol Table

    Local Symbols

    Symbol Name                              Value     Ov Type        Size  Object(Section)

    ../User/Src/cs32f0xx_int.c               0x00000000   Number         0  cs32f0xx_int.o ABSOLUTE
    ../User/Src/main.c                       0x00000000   Number         0  main.o ABSOLUTE
    ../clib/microlib/division.c              0x00000000   Number         0  uidiv.o ABSOLUTE
    ../clib/microlib/division.c              0x00000000   Number         0  uldiv.o ABSOLUTE
    ../clib/microlib/init/entry.s            0x00000000   Number         0  entry8a.o ABSOLUTE
    ../clib/microlib/init/entry.s            0x00000000   Number         0  entry8b.o ABSOLUTE
    ../clib/microlib/init/entry.s            0x00000000   Number         0  entry9a.o ABSOLUTE
    ../clib/microlib/init/entry.s            0x00000000   Number         0  entry5.o ABSOLUTE
    ../clib/microlib/init/entry.s            0x00000000   Number         0  entry7a.o ABSOLUTE
    ../clib/microlib/init/entry.s            0x00000000   Number         0  entry.o ABSOLUTE
    ../clib/microlib/init/entry.s            0x00000000   Number         0  entry2.o ABSOLUTE
    ../clib/microlib/init/entry.s            0x00000000   Number         0  entry9b.o ABSOLUTE
    ../clib/microlib/init/entry.s            0x00000000   Number         0  entry10a.o ABSOLUTE
    ../clib/microlib/init/entry.s            0x00000000   Number         0  entry10b.o ABSOLUTE
    ../clib/microlib/init/entry.s            0x00000000   Number         0  entry11a.o ABSOLUTE
    ../clib/microlib/init/entry.s            0x00000000   Number         0  entry11b.o ABSOLUTE
    ../clib/microlib/init/entry.s            0x00000000   Number         0  entry7b.o ABSOLUTE
    ../clib/microlib/longlong.c              0x00000000   Number         0  llsshr.o ABSOLUTE
    ../clib/microlib/longlong.c              0x00000000   Number         0  llushr.o ABSOLUTE
    ../clib/microlib/longlong.c              0x00000000   Number         0  llshl.o ABSOLUTE
    ../clib/microlib/printf/printf.c         0x00000000   Number         0  printfa.o ABSOLUTE
    ../clib/microlib/stdio/fputc.c           0x00000000   Number         0  fputc_h.o ABSOLUTE
    ../clib/microlib/stdio/fputc.c           0x00000000   Number         0  fputc.o ABSOLUTE
    ../clib/microlib/stdio/semi.s            0x00000000   Number         0  semi.o ABSOLUTE
    ../clib/microlib/stdio/streams.c         0x00000000   Number         0  stdout.o ABSOLUTE
    ../clib/microlib/stubs.s                 0x00000000   Number         0  iusesemip.o ABSOLUTE
    ../clib/microlib/stubs.s                 0x00000000   Number         0  iusefp.o ABSOLUTE
    ../fplib/microlib/fpadd.c                0x00000000   Number         0  dadd.o ABSOLUTE
    ../fplib/microlib/fpdiv.c                0x00000000   Number         0  ddiv.o ABSOLUTE
    ../fplib/microlib/fpepilogue.c           0x00000000   Number         0  depilogue.o ABSOLUTE
    ../fplib/microlib/fpfix.c                0x00000000   Number         0  dfixul.o ABSOLUTE
    ../fplib/microlib/fpmul.c                0x00000000   Number         0  dmul.o ABSOLUTE
    D:/Keil_v5.23/ARM/PACK/Chipsea/CS32F03x_DFP/2.0.5/Device/HAL_Driver/src/cs32f0xx_adc.c 0x00000000   Number         0  cs32f0xx_adc.o ABSOLUTE
    D:/Keil_v5.23/ARM/PACK/Chipsea/CS32F03x_DFP/2.0.5/Device/HAL_Driver/src/cs32f0xx_crc.c 0x00000000   Number         0  cs32f0xx_crc.o ABSOLUTE
    D:/Keil_v5.23/ARM/PACK/Chipsea/CS32F03x_DFP/2.0.5/Device/HAL_Driver/src/cs32f0xx_debug.c 0x00000000   Number         0  cs32f0xx_debug.o ABSOLUTE
    D:/Keil_v5.23/ARM/PACK/Chipsea/CS32F03x_DFP/2.0.5/Device/HAL_Driver/src/cs32f0xx_dma.c 0x00000000   Number         0  cs32f0xx_dma.o ABSOLUTE
    D:/Keil_v5.23/ARM/PACK/Chipsea/CS32F03x_DFP/2.0.5/Device/HAL_Driver/src/cs32f0xx_exti.c 0x00000000   Number         0  cs32f0xx_exti.o ABSOLUTE
    D:/Keil_v5.23/ARM/PACK/Chipsea/CS32F03x_DFP/2.0.5/Device/HAL_Driver/src/cs32f0xx_flash.c 0x00000000   Number         0  cs32f0xx_flash.o ABSOLUTE
    D:/Keil_v5.23/ARM/PACK/Chipsea/CS32F03x_DFP/2.0.5/Device/HAL_Driver/src/cs32f0xx_fwdt.c 0x00000000   Number         0  cs32f0xx_fwdt.o ABSOLUTE
    D:/Keil_v5.23/ARM/PACK/Chipsea/CS32F03x_DFP/2.0.5/Device/HAL_Driver/src/cs32f0xx_gpio.c 0x00000000   Number         0  cs32f0xx_gpio.o ABSOLUTE
    D:/Keil_v5.23/ARM/PACK/Chipsea/CS32F03x_DFP/2.0.5/Device/HAL_Driver/src/cs32f0xx_i2c.c 0x00000000   Number         0  cs32f0xx_i2c.o ABSOLUTE
    D:/Keil_v5.23/ARM/PACK/Chipsea/CS32F03x_DFP/2.0.5/Device/HAL_Driver/src/cs32f0xx_misc.c 0x00000000   Number         0  cs32f0xx_misc.o ABSOLUTE
    D:/Keil_v5.23/ARM/PACK/Chipsea/CS32F03x_DFP/2.0.5/Device/HAL_Driver/src/cs32f0xx_pmu.c 0x00000000   Number         0  cs32f0xx_pmu.o ABSOLUTE
    D:/Keil_v5.23/ARM/PACK/Chipsea/CS32F03x_DFP/2.0.5/Device/HAL_Driver/src/cs32f0xx_rcu.c 0x00000000   Number         0  cs32f0xx_rcu.o ABSOLUTE
    D:/Keil_v5.23/ARM/PACK/Chipsea/CS32F03x_DFP/2.0.5/Device/HAL_Driver/src/cs32f0xx_rtc.c 0x00000000   Number         0  cs32f0xx_rtc.o ABSOLUTE
    D:/Keil_v5.23/ARM/PACK/Chipsea/CS32F03x_DFP/2.0.5/Device/HAL_Driver/src/cs32f0xx_spi.c 0x00000000   Number         0  cs32f0xx_spi.o ABSOLUTE
    D:/Keil_v5.23/ARM/PACK/Chipsea/CS32F03x_DFP/2.0.5/Device/HAL_Driver/src/cs32f0xx_syscfg.c 0x00000000   Number         0  cs32f0xx_syscfg.o ABSOLUTE
    D:/Keil_v5.23/ARM/PACK/Chipsea/CS32F03x_DFP/2.0.5/Device/HAL_Driver/src/cs32f0xx_tim.c 0x00000000   Number         0  cs32f0xx_tim.o ABSOLUTE
    D:/Keil_v5.23/ARM/PACK/Chipsea/CS32F03x_DFP/2.0.5/Device/HAL_Driver/src/cs32f0xx_usart.c 0x00000000   Number         0  cs32f0xx_usart.o ABSOLUTE
    D:/Keil_v5.23/ARM/PACK/Chipsea/CS32F03x_DFP/2.0.5/Device/HAL_Driver/src/cs32f0xx_wwdt.c 0x00000000   Number         0  cs32f0xx_wwdt.o ABSOLUTE
    RTE/Device/CS32F030C8T6/system_cs32f0xx.c 0x00000000   Number         0  system_cs32f0xx.o ABSOLUTE
    RTE\Device\CS32F030C8T6\startup_cs32f030.S 0x00000000   Number         0  startup_cs32f030.o ABSOLUTE
    cdrcmple.s                               0x00000000   Number         0  cdrcmple.o ABSOLUTE
    dc.s                                     0x00000000   Number         0  dc.o ABSOLUTE
    handlers.s                               0x00000000   Number         0  handlers.o ABSOLUTE
    init.s                                   0x00000000   Number         0  init.o ABSOLUTE
    RESET                                    0x08000000   Section      184  startup_cs32f030.o(RESET)
    .ARM.Collect$$$$00000000                 0x080000b8   Section        0  entry.o(.ARM.Collect$$$$00000000)
    .ARM.Collect$$$$00000001                 0x080000b8   Section        4  entry2.o(.ARM.Collect$$$$00000001)
    .ARM.Collect$$$$00000004                 0x080000bc   Section        4  entry5.o(.ARM.Collect$$$$00000004)
    .ARM.Collect$$$$00000008                 0x080000c0   Section        0  entry7b.o(.ARM.Collect$$$$00000008)
    .ARM.Collect$$$$0000000A                 0x080000c0   Section        0  entry8b.o(.ARM.Collect$$$$0000000A)
    .ARM.Collect$$$$0000000B                 0x080000c0   Section        8  entry9a.o(.ARM.Collect$$$$0000000B)
    .ARM.Collect$$$$0000000D                 0x080000c8   Section        0  entry10a.o(.ARM.Collect$$$$0000000D)
    .ARM.Collect$$$$0000000F                 0x080000c8   Section        0  entry11a.o(.ARM.Collect$$$$0000000F)
    .ARM.Collect$$$$00002712                 0x080000c8   Section        4  entry2.o(.ARM.Collect$$$$00002712)
    __lit__00000000                          0x080000c8   Data           4  entry2.o(.ARM.Collect$$$$00002712)
    .text                                    0x080000cc   Section       28  startup_cs32f030.o(.text)
    .text                                    0x080000e8   Section        0  uidiv.o(.text)
    .text                                    0x08000114   Section        0  uldiv.o(.text)
    .text                                    0x08000174   Section        0  iusefp.o(.text)
    .text                                    0x08000174   Section        0  dadd.o(.text)
    .text                                    0x080002d8   Section        0  dmul.o(.text)
    .text                                    0x080003a8   Section        0  ddiv.o(.text)
    .text                                    0x08000498   Section        0  dfixul.o(.text)
    .text                                    0x080004d8   Section       40  cdrcmple.o(.text)
    .text                                    0x08000500   Section       36  init.o(.text)
    .text                                    0x08000524   Section        0  semi.o(.text)
    .text                                    0x08000524   Section        0  llshl.o(.text)
    .text                                    0x08000544   Section        0  llushr.o(.text)
    .text                                    0x08000566   Section        0  llsshr.o(.text)
    .text                                    0x0800058c   Section        0  iusesemip.o(.text)
    .text                                    0x0800058c   Section        0  depilogue.o(.text)
    [Anonymous Symbol]                       0x0800064a   Section        0  cs32f0xx_int.o(.text.HardFault_Handler)
    [Anonymous Symbol]                       0x08000650   Section        0  cs32f0xx_int.o(.text.NMI_Handler)
    [Anonymous Symbol]                       0x08000694   Section        0  cs32f0xx_int.o(.text.PendSV_Handler)
    [Anonymous Symbol]                       0x08000696   Section        0  cs32f0xx_int.o(.text.SVC_Handler)
    [Anonymous Symbol]                       0x08000698   Section        0  system_cs32f0xx.o(.text.SetSysClock)
    SetSysClock                              0x08000699   Thumb Code   116  system_cs32f0xx.o(.text.SetSysClock)
    __arm_cp.1_0                             0x08000700   Number         4  system_cs32f0xx.o(.text.SetSysClock)
    [Anonymous Symbol]                       0x08000704   Section        0  main.o(.text.SysTick_Config)
    SysTick_Config                           0x08000705   Thumb Code    84  main.o(.text.SysTick_Config)
    __arm_cp.2_0                             0x0800074c   Number         4  main.o(.text.SysTick_Config)
    __arm_cp.2_1                             0x08000750   Number         4  main.o(.text.SysTick_Config)
    __arm_cp.2_2                             0x08000754   Number         4  main.o(.text.SysTick_Config)
    [Anonymous Symbol]                       0x08000758   Section        0  cs32f0xx_int.o(.text.SysTick_Handler)
    [Anonymous Symbol]                       0x08000760   Section        0  system_cs32f0xx.o(.text.SystemInit)
    __arm_cp.0_0                             0x080007bc   Number         4  system_cs32f0xx.o(.text.SystemInit)
    __arm_cp.0_1                             0x080007c0   Number         4  system_cs32f0xx.o(.text.SystemInit)
    __arm_cp.0_2                             0x080007c4   Number         4  system_cs32f0xx.o(.text.SystemInit)
    __arm_cp.0_3                             0x080007c8   Number         4  system_cs32f0xx.o(.text.SystemInit)
    __arm_cp.0_4                             0x080007cc   Number         4  system_cs32f0xx.o(.text.SystemInit)
    __arm_cp.0_5                             0x080007d0   Number         4  system_cs32f0xx.o(.text.SystemInit)
    __arm_cp.0_6                             0x080007d4   Number         4  system_cs32f0xx.o(.text.SystemInit)
    __arm_cp.0_7                             0x080007d8   Number         4  system_cs32f0xx.o(.text.SystemInit)
    [Anonymous Symbol]                       0x080007dc   Section        0  main.o(.text.__NVIC_SetPriority)
    __NVIC_SetPriority                       0x080007dd   Thumb Code   144  main.o(.text.__NVIC_SetPriority)
    __arm_cp.5_0                             0x08000864   Number         4  main.o(.text.__NVIC_SetPriority)
    __arm_cp.5_1                             0x08000868   Number         4  main.o(.text.__NVIC_SetPriority)
    [Anonymous Symbol]                       0x0800086c   Section        0  main.o(.text.delay)
    __arm_cp.3_0                             0x0800088c   Number         4  main.o(.text.delay)
    [Anonymous Symbol]                       0x08000890   Section        0  cs32f0xx_gpio.o(.text.gpio_mf_config)
    [Anonymous Symbol]                       0x08000932   Section        0  cs32f0xx_gpio.o(.text.gpio_mode_set)
    [Anonymous Symbol]                       0x08000a3c   Section        0  main.o(.text.main)
    __arm_cp.0_0                             0x08000ac0   Number         4  main.o(.text.main)
    __arm_cp.0_1                             0x08000ac4   Number         4  main.o(.text.main)
    __arm_cp.0_2                             0x08000ac8   Number         4  main.o(.text.main)
    __arm_cp.0_3                             0x08000acc   Number         4  main.o(.text.main)
    [Anonymous Symbol]                       0x08000ad0   Section        0  cs32f0xx_rcu.o(.text.rcu_clk_freq_get)
    __arm_cp.14_2                            0x08000c30   Number         4  cs32f0xx_rcu.o(.text.rcu_clk_freq_get)
    __arm_cp.14_3                            0x08000c34   Number         4  cs32f0xx_rcu.o(.text.rcu_clk_freq_get)
    __arm_cp.14_4                            0x08000c38   Number         4  cs32f0xx_rcu.o(.text.rcu_clk_freq_get)
    [Anonymous Symbol]                       0x08000c3c   Section        0  cs32f0xx_rcu.o(.text.rcu_clkout_config)
    [Anonymous Symbol]                       0x08000c68   Section        0  cs32f0xx_rcu.o(.text.rcu_def_init)
    __arm_cp.0_2                             0x08000cbc   Number         4  cs32f0xx_rcu.o(.text.rcu_def_init)
    __arm_cp.0_3                             0x08000cc0   Number         4  cs32f0xx_rcu.o(.text.rcu_def_init)
    __arm_cp.0_5                             0x08000cc4   Number         4  cs32f0xx_rcu.o(.text.rcu_def_init)
    __arm_cp.0_6                             0x08000cc8   Number         4  cs32f0xx_rcu.o(.text.rcu_def_init)
    __arm_cp.0_7                             0x08000ccc   Number         4  cs32f0xx_rcu.o(.text.rcu_def_init)
    [Anonymous Symbol]                       0x08000cd0   Section        0  cs32f0xx_rcu.o(.text.rcu_hclk_config)
    [Anonymous Symbol]                       0x08000cec   Section        0  cs32f0xx_rcu.o(.text.rcu_hrc_calibration_adjust)
    [Anonymous Symbol]                       0x08000d0c   Section        0  cs32f0xx_rcu.o(.text.rcu_pclk_config)
    [Anonymous Symbol]                       0x08000d28   Section        0  cs32f0xx_rcu.o(.text.rcu_pll_config)
    __arm_cp.6_0                             0x08000d68   Number         4  cs32f0xx_rcu.o(.text.rcu_pll_config)
    [Anonymous Symbol]                       0x08000d6c   Section        0  cs32f0xx_rcu.o(.text.rcu_sysclk_config)
    [Anonymous Symbol]                       0x08000d88   Section        0  main.o(.text.set_sys_clock)
    set_sys_clock                            0x08000d89   Thumb Code   168  main.o(.text.set_sys_clock)
    __arm_cp.1_0                             0x08000e24   Number         4  main.o(.text.set_sys_clock)
    __arm_cp.1_1                             0x08000e28   Number         4  main.o(.text.set_sys_clock)
    __arm_cp.1_2                             0x08000e2c   Number         4  main.o(.text.set_sys_clock)
    [Anonymous Symbol]                       0x08000e30   Section        0  main.o(.text.timing_delay_decrement)
    __arm_cp.4_0                             0x08000e48   Number         4  main.o(.text.timing_delay_decrement)
    i.__0printf                              0x08000e4c   Section        0  printfa.o(i.__0printf)
    i.__ARM_clz                              0x08000e6c   Section        0  depilogue.o(i.__ARM_clz)
    i.__scatterload_copy                     0x08000e9a   Section       14  handlers.o(i.__scatterload_copy)
    i.__scatterload_null                     0x08000ea8   Section        2  handlers.o(i.__scatterload_null)
    i.__scatterload_zeroinit                 0x08000eaa   Section       14  handlers.o(i.__scatterload_zeroinit)
    i._fp_digits                             0x08000eb8   Section        0  printfa.o(i._fp_digits)
    _fp_digits                               0x08000eb9   Thumb Code   344  printfa.o(i._fp_digits)
    i._printf_core                           0x0800102c   Section        0  printfa.o(i._printf_core)
    _printf_core                             0x0800102d   Thumb Code  1754  printfa.o(i._printf_core)
    i._printf_post_padding                   0x08001718   Section        0  printfa.o(i._printf_post_padding)
    _printf_post_padding                     0x08001719   Thumb Code    32  printfa.o(i._printf_post_padding)
    i._printf_pre_padding                    0x08001738   Section        0  printfa.o(i._printf_pre_padding)
    _printf_pre_padding                      0x08001739   Thumb Code    44  printfa.o(i._printf_pre_padding)
    i.fputc                                  0x08001764   Section        0  fputc.o(i.fputc)
    [Anonymous Symbol]                       0x08001776   Section        0  cs32f0xx_rcu.o(.rodata.APBAHBPrescTable)
    APBAHBPrescTable                         0x08001776   Data          16  cs32f0xx_rcu.o(.rodata.APBAHBPrescTable)
    [Anonymous Symbol]                       0x08001786   Section        0  main.o(.rodata.str1.1)
    .L.str.1                                 0x08001786   Data          12  main.o(.rodata.str1.1)
    .L.str                                   0x08001792   Data          18  main.o(.rodata.str1.1)
    .data                                    0x20000000   Section        4  stdout.o(.data)
    [Anonymous Symbol]                       0x20000008   Section        0  main.o(.bss.timing_delay)
    timing_delay                             0x20000008   Data           4  main.o(.bss.timing_delay)
    STACK                                    0x20000010   Section     1024  startup_cs32f030.o(STACK)

    Global Symbols

    Symbol Name                              Value     Ov Type        Size  Object(Section)

    BuildAttributes$$THM_ISAv3M$S$PE$A:L22$X:L11$S22$IEEE1$IW$~IW$USESV6$~STKCKD$USESV7$~SHL$OSPACE$ROPI$EBA8$MICROLIB$REQ8$PRES8$EABIv2 0x00000000   Number         0  anon$$obj.o ABSOLUTE
    __cpp_initialize__aeabi_                  - Undefined Weak Reference
    __cxa_finalize                            - Undefined Weak Reference
    __decompress                              - Undefined Weak Reference
    _clock_init                               - Undefined Weak Reference
    _microlib_exit                            - Undefined Weak Reference
    __Vectors_Size                           0x000000b8   Number         0  startup_cs32f030.o ABSOLUTE
    __Vectors                                0x08000000   Data           4  startup_cs32f030.o(RESET)
    __Vectors_End                            0x080000b8   Data           0  startup_cs32f030.o(RESET)
    __main                                   0x080000b9   Thumb Code     0  entry.o(.ARM.Collect$$$$00000000)
    _main_stk                                0x080000b9   Thumb Code     0  entry2.o(.ARM.Collect$$$$00000001)
    _main_scatterload                        0x080000bd   Thumb Code     0  entry5.o(.ARM.Collect$$$$00000004)
    __main_after_scatterload                 0x080000c1   Thumb Code     0  entry5.o(.ARM.Collect$$$$00000004)
    _main_clock                              0x080000c1   Thumb Code     0  entry7b.o(.ARM.Collect$$$$00000008)
    _main_cpp_init                           0x080000c1   Thumb Code     0  entry8b.o(.ARM.Collect$$$$0000000A)
    _main_init                               0x080000c1   Thumb Code     0  entry9a.o(.ARM.Collect$$$$0000000B)
    __rt_final_cpp                           0x080000c9   Thumb Code     0  entry10a.o(.ARM.Collect$$$$0000000D)
    __rt_final_exit                          0x080000c9   Thumb Code     0  entry11a.o(.ARM.Collect$$$$0000000F)
    Reset_Handler                            0x080000cd   Thumb Code     8  startup_cs32f030.o(.text)
    ADC1_IRQHandler                          0x080000df   Thumb Code     0  startup_cs32f030.o(.text)
    DMA1_Channel1_IRQHandler                 0x080000df   Thumb Code     0  startup_cs32f030.o(.text)
    DMA1_Channel2_3_IRQHandler               0x080000df   Thumb Code     0  startup_cs32f030.o(.text)
    DMA1_Channel4_5_IRQHandler               0x080000df   Thumb Code     0  startup_cs32f030.o(.text)
    EXTI0_1_IRQHandler                       0x080000df   Thumb Code     0  startup_cs32f030.o(.text)
    EXTI2_3_IRQHandler                       0x080000df   Thumb Code     0  startup_cs32f030.o(.text)
    EXTI4_15_IRQHandler                      0x080000df   Thumb Code     0  startup_cs32f030.o(.text)
    FLASH_IRQHandler                         0x080000df   Thumb Code     0  startup_cs32f030.o(.text)
    I2C1_IRQHandler                          0x080000df   Thumb Code     0  startup_cs32f030.o(.text)
    I2C2_IRQHandler                          0x080000df   Thumb Code     0  startup_cs32f030.o(.text)
    RCU_IRQHandler                           0x080000df   Thumb Code     0  startup_cs32f030.o(.text)
    RTC_IRQHandler                           0x080000df   Thumb Code     0  startup_cs32f030.o(.text)
    SPI1_IRQHandler                          0x080000df   Thumb Code     0  startup_cs32f030.o(.text)
    SPI2_IRQHandler                          0x080000df   Thumb Code     0  startup_cs32f030.o(.text)
    TIM14_IRQHandler                         0x080000df   Thumb Code     0  startup_cs32f030.o(.text)
    TIM15_IRQHandler                         0x080000df   Thumb Code     0  startup_cs32f030.o(.text)
    TIM16_IRQHandler                         0x080000df   Thumb Code     0  startup_cs32f030.o(.text)
    TIM17_IRQHandler                         0x080000df   Thumb Code     0  startup_cs32f030.o(.text)
    TIM1_BRK_UP_TRG_COM_IRQHandler           0x080000df   Thumb Code     0  startup_cs32f030.o(.text)
    TIM1_CC_IRQHandler                       0x080000df   Thumb Code     0  startup_cs32f030.o(.text)
    TIM3_IRQHandler                          0x080000df   Thumb Code     0  startup_cs32f030.o(.text)
    TIM6_IRQHandler                          0x080000df   Thumb Code     0  startup_cs32f030.o(.text)
    USART1_IRQHandler                        0x080000df   Thumb Code     0  startup_cs32f030.o(.text)
    USART2_IRQHandler                        0x080000df   Thumb Code     0  startup_cs32f030.o(.text)
    USART6_8_IRQHandler                      0x080000df   Thumb Code     0  startup_cs32f030.o(.text)
    WWDT_IRQHandler                          0x080000df   Thumb Code     0  startup_cs32f030.o(.text)
    __aeabi_uidiv                            0x080000e9   Thumb Code     0  uidiv.o(.text)
    __aeabi_uidivmod                         0x080000e9   Thumb Code    44  uidiv.o(.text)
    __aeabi_uldivmod                         0x08000115   Thumb Code    96  uldiv.o(.text)
    __I$use$fp                               0x08000175   Thumb Code     0  iusefp.o(.text)
    __aeabi_dadd                             0x08000175   Thumb Code   328  dadd.o(.text)
    __aeabi_dsub                             0x080002bd   Thumb Code    12  dadd.o(.text)
    __aeabi_drsub                            0x080002c9   Thumb Code    12  dadd.o(.text)
    __aeabi_dmul                             0x080002d9   Thumb Code   202  dmul.o(.text)
    __aeabi_ddiv                             0x080003a9   Thumb Code   234  ddiv.o(.text)
    __aeabi_d2ulz                            0x08000499   Thumb Code    54  dfixul.o(.text)
    __aeabi_cdrcmple                         0x080004d9   Thumb Code    38  cdrcmple.o(.text)
    __scatterload                            0x08000501   Thumb Code    28  init.o(.text)
    __scatterload_rt2                        0x08000501   Thumb Code     0  init.o(.text)
    __aeabi_llsl                             0x08000525   Thumb Code    32  llshl.o(.text)
    __semihosting_library_function           0x08000525   Thumb Code     0  semi.o(.text)
    _ll_shift_l                              0x08000525   Thumb Code     0  llshl.o(.text)
    __aeabi_llsr                             0x08000545   Thumb Code    34  llushr.o(.text)
    _ll_ushift_r                             0x08000545   Thumb Code     0  llushr.o(.text)
    __aeabi_lasr                             0x08000567   Thumb Code    38  llsshr.o(.text)
    _ll_sshift_r                             0x08000567   Thumb Code     0  llsshr.o(.text)
    __I$use$semihosting$fputc                0x0800058d   Thumb Code     0  iusesemip.o(.text)
    _double_round                            0x0800058d   Thumb Code    26  depilogue.o(.text)
    _double_epilogue                         0x080005a7   Thumb Code   164  depilogue.o(.text)
    HardFault_Handler                        0x0800064b   Thumb Code     4  cs32f0xx_int.o(.text.HardFault_Handler)
    NMI_Handler                              0x08000651   Thumb Code    76  cs32f0xx_int.o(.text.NMI_Handler)
    PendSV_Handler                           0x08000695   Thumb Code     2  cs32f0xx_int.o(.text.PendSV_Handler)
    SVC_Handler                              0x08000697   Thumb Code     2  cs32f0xx_int.o(.text.SVC_Handler)
    SysTick_Handler                          0x08000759   Thumb Code     8  cs32f0xx_int.o(.text.SysTick_Handler)
    SystemInit                               0x08000761   Thumb Code   124  system_cs32f0xx.o(.text.SystemInit)
    delay                                    0x0800086d   Thumb Code    36  main.o(.text.delay)
    gpio_mf_config                           0x08000891   Thumb Code   162  cs32f0xx_gpio.o(.text.gpio_mf_config)
    gpio_mode_set                            0x08000933   Thumb Code   264  cs32f0xx_gpio.o(.text.gpio_mode_set)
    main                                     0x08000a3d   Thumb Code   148  main.o(.text.main)
    rcu_clk_freq_get                         0x08000ad1   Thumb Code   376  cs32f0xx_rcu.o(.text.rcu_clk_freq_get)
    rcu_clkout_config                        0x08000c3d   Thumb Code    48  cs32f0xx_rcu.o(.text.rcu_clkout_config)
    rcu_def_init                             0x08000c69   Thumb Code   116  cs32f0xx_rcu.o(.text.rcu_def_init)
    rcu_hclk_config                          0x08000cd1   Thumb Code    32  cs32f0xx_rcu.o(.text.rcu_hclk_config)
    rcu_hrc_calibration_adjust               0x08000ced   Thumb Code    36  cs32f0xx_rcu.o(.text.rcu_hrc_calibration_adjust)
    rcu_pclk_config                          0x08000d0d   Thumb Code    32  cs32f0xx_rcu.o(.text.rcu_pclk_config)
    rcu_pll_config                           0x08000d29   Thumb Code    72  cs32f0xx_rcu.o(.text.rcu_pll_config)
    rcu_sysclk_config                        0x08000d6d   Thumb Code    32  cs32f0xx_rcu.o(.text.rcu_sysclk_config)
    timing_delay_decrement                   0x08000e31   Thumb Code    28  main.o(.text.timing_delay_decrement)
    __0printf                                0x08000e4d   Thumb Code    24  printfa.o(i.__0printf)
    __1printf                                0x08000e4d   Thumb Code     0  printfa.o(i.__0printf)
    __2printf                                0x08000e4d   Thumb Code     0  printfa.o(i.__0printf)
    __c89printf                              0x08000e4d   Thumb Code     0  printfa.o(i.__0printf)
    printf                                   0x08000e4d   Thumb Code     0  printfa.o(i.__0printf)
    __ARM_clz                                0x08000e6d   Thumb Code    46  depilogue.o(i.__ARM_clz)
    __scatterload_copy                       0x08000e9b   Thumb Code    14  handlers.o(i.__scatterload_copy)
    __scatterload_null                       0x08000ea9   Thumb Code     2  handlers.o(i.__scatterload_null)
    __scatterload_zeroinit                   0x08000eab   Thumb Code    14  handlers.o(i.__scatterload_zeroinit)
    fputc                                    0x08001765   Thumb Code    18  fputc.o(i.fputc)
    Region$$Table$$Base                      0x080017a4   Number         0  anon$$obj.o(Region$$Table)
    Region$$Table$$Limit                     0x080017c4   Number         0  anon$$obj.o(Region$$Table)
    __stdout                                 0x20000000   Data           4  stdout.o(.data)
    SystemCoreClock                          0x20000004   Data           4  system_cs32f0xx.o(.data.SystemCoreClock)
    __initial_sp                             0x20000410   Data           0  startup_cs32f030.o(STACK)



==============================================================================

Memory Map of the image

  Image Entry point : 0x080000b9

  Load Region LR_IROM1 (Base: 0x08000000, Size: 0x000017d0, Max: 0x00010000, ABSOLUTE)

    Execution Region ER_IROM1 (Exec base: 0x08000000, Load base: 0x08000000, Size: 0x000017c4, Max: 0x00010000, ABSOLUTE)

    Exec Addr    Load Addr    Size         Type   Attr      Idx    E Section Name        Object

    0x08000000   0x08000000   0x000000b8   Data   RO          586    RESET               startup_cs32f030.o
    0x080000b8   0x080000b8   0x00000000   Code   RO          612  * .ARM.Collect$$$$00000000  mc_p.l(entry.o)
    0x080000b8   0x080000b8   0x00000004   Code   RO          645    .ARM.Collect$$$$00000001  mc_p.l(entry2.o)
    0x080000bc   0x080000bc   0x00000004   Code   RO          648    .ARM.Collect$$$$00000004  mc_p.l(entry5.o)
    0x080000c0   0x080000c0   0x00000000   Code   RO          650    .ARM.Collect$$$$00000008  mc_p.l(entry7b.o)
    0x080000c0   0x080000c0   0x00000000   Code   RO          652    .ARM.Collect$$$$0000000A  mc_p.l(entry8b.o)
    0x080000c0   0x080000c0   0x00000008   Code   RO          653    .ARM.Collect$$$$0000000B  mc_p.l(entry9a.o)
    0x080000c8   0x080000c8   0x00000000   Code   RO          655    .ARM.Collect$$$$0000000D  mc_p.l(entry10a.o)
    0x080000c8   0x080000c8   0x00000000   Code   RO          657    .ARM.Collect$$$$0000000F  mc_p.l(entry11a.o)
    0x080000c8   0x080000c8   0x00000004   Code   RO          646    .ARM.Collect$$$$00002712  mc_p.l(entry2.o)
    0x080000cc   0x080000cc   0x0000001c   Code   RO          587    .text               startup_cs32f030.o
    0x080000e8   0x080000e8   0x0000002c   Code   RO          615    .text               mc_p.l(uidiv.o)
    0x08000114   0x08000114   0x00000060   Code   RO          664    .text               mc_p.l(uldiv.o)
    0x08000174   0x08000174   0x00000000   Code   RO          666    .text               mc_p.l(iusefp.o)
    0x08000174   0x08000174   0x00000164   Code   RO          667    .text               mf_p.l(dadd.o)
    0x080002d8   0x080002d8   0x000000d0   Code   RO          669    .text               mf_p.l(dmul.o)
    0x080003a8   0x080003a8   0x000000f0   Code   RO          671    .text               mf_p.l(ddiv.o)
    0x08000498   0x08000498   0x00000040   Code   RO          673    .text               mf_p.l(dfixul.o)
    0x080004d8   0x080004d8   0x00000028   Code   RO          675    .text               mf_p.l(cdrcmple.o)
    0x08000500   0x08000500   0x00000024   Code   RO          677    .text               mc_p.l(init.o)
    0x08000524   0x08000524   0x00000000   Code   RO          679    .text               mc_p.l(semi.o)
    0x08000524   0x08000524   0x00000020   Code   RO          680    .text               mc_p.l(llshl.o)
    0x08000544   0x08000544   0x00000022   Code   RO          682    .text               mc_p.l(llushr.o)
    0x08000566   0x08000566   0x00000026   Code   RO          684    .text               mc_p.l(llsshr.o)
    0x0800058c   0x0800058c   0x00000000   Code   RO          686    .text               mc_p.l(iusesemip.o)
    0x0800058c   0x0800058c   0x000000be   Code   RO          687    .text               mf_p.l(depilogue.o)
    0x0800064a   0x0800064a   0x00000004   Code   RO            4    .text.HardFault_Handler  cs32f0xx_int.o
    0x0800064e   0x0800064e   0x00000002   PAD
    0x08000650   0x08000650   0x00000044   Code   RO            2    .text.NMI_Handler   cs32f0xx_int.o
    0x08000694   0x08000694   0x00000002   Code   RO            8    .text.PendSV_Handler  cs32f0xx_int.o
    0x08000696   0x08000696   0x00000002   Code   RO            6    .text.SVC_Handler   cs32f0xx_int.o
    0x08000698   0x08000698   0x0000006c   Code   RO          596    .text.SetSysClock   system_cs32f0xx.o
    0x08000704   0x08000704   0x00000054   Code   RO           27    .text.SysTick_Config  main.o
    0x08000758   0x08000758   0x00000008   Code   RO           10    .text.SysTick_Handler  cs32f0xx_int.o
    0x08000760   0x08000760   0x0000007c   Code   RO          594    .text.SystemInit    system_cs32f0xx.o
    0x080007dc   0x080007dc   0x00000090   Code   RO           33    .text.__NVIC_SetPriority  main.o
    0x0800086c   0x0800086c   0x00000024   Code   RO           29    .text.delay         main.o
    0x08000890   0x08000890   0x000000a2   Code   RO          193    .text.gpio_mf_config  cs32f0xx_gpio.o
    0x08000932   0x08000932   0x00000108   Code   RO          189    .text.gpio_mode_set  cs32f0xx_gpio.o
    0x08000a3a   0x08000a3a   0x00000002   PAD
    0x08000a3c   0x08000a3c   0x00000094   Code   RO           23    .text.main          main.o
    0x08000ad0   0x08000ad0   0x0000016c   Code   RO          301    .text.rcu_clk_freq_get  cs32f0xx_rcu.o
    0x08000c3c   0x08000c3c   0x0000002c   Code   RO          287    .text.rcu_clkout_config  cs32f0xx_rcu.o
    0x08000c68   0x08000c68   0x00000068   Code   RO          273    .text.rcu_def_init  cs32f0xx_rcu.o
    0x08000cd0   0x08000cd0   0x0000001c   Code   RO          291    .text.rcu_hclk_config  cs32f0xx_rcu.o
    0x08000cec   0x08000cec   0x00000020   Code   RO          277    .text.rcu_hrc_calibration_adjust  cs32f0xx_rcu.o
    0x08000d0c   0x08000d0c   0x0000001c   Code   RO          293    .text.rcu_pclk_config  cs32f0xx_rcu.o
    0x08000d28   0x08000d28   0x00000044   Code   RO          285    .text.rcu_pll_config  cs32f0xx_rcu.o
    0x08000d6c   0x08000d6c   0x0000001c   Code   RO          289    .text.rcu_sysclk_config  cs32f0xx_rcu.o
    0x08000d88   0x08000d88   0x000000a8   Code   RO           25    .text.set_sys_clock  main.o
    0x08000e30   0x08000e30   0x0000001c   Code   RO           31    .text.timing_delay_decrement  main.o
    0x08000e4c   0x08000e4c   0x00000020   Code   RO          618    i.__0printf         mc_p.l(printfa.o)
    0x08000e6c   0x08000e6c   0x0000002e   Code   RO          689    i.__ARM_clz         mf_p.l(depilogue.o)
    0x08000e9a   0x08000e9a   0x0000000e   Code   RO          693    i.__scatterload_copy  mc_p.l(handlers.o)
    0x08000ea8   0x08000ea8   0x00000002   Code   RO          694    i.__scatterload_null  mc_p.l(handlers.o)
    0x08000eaa   0x08000eaa   0x0000000e   Code   RO          695    i.__scatterload_zeroinit  mc_p.l(handlers.o)
    0x08000eb8   0x08000eb8   0x00000174   Code   RO          625    i._fp_digits        mc_p.l(printfa.o)
    0x0800102c   0x0800102c   0x000006ec   Code   RO          626    i._printf_core      mc_p.l(printfa.o)
    0x08001718   0x08001718   0x00000020   Code   RO          627    i._printf_post_padding  mc_p.l(printfa.o)
    0x08001738   0x08001738   0x0000002c   Code   RO          628    i._printf_pre_padding  mc_p.l(printfa.o)
    0x08001764   0x08001764   0x00000012   Code   RO          659    i.fputc             mc_p.l(fputc.o)
    0x08001776   0x08001776   0x00000010   Data   RO          303    .rodata.APBAHBPrescTable  cs32f0xx_rcu.o
    0x08001786   0x08001786   0x0000001e   Data   RO           35    .rodata.str1.1      main.o
    0x080017a4   0x080017a4   0x00000020   Data   RO          691    Region$$Table       anon$$obj.o


    Execution Region RW_IRAM1 (Exec base: 0x20000000, Load base: 0x080017c8, Size: 0x00000410, Max: 0x00002000, ABSOLUTE)

    Exec Addr    Load Addr    Size         Type   Attr      Idx    E Section Name        Object

    0x20000000   0x080017c8   0x00000004   Data   RW          663    .data               mc_p.l(stdout.o)
    0x20000004   0x080017cc   0x00000004   Data   RW          600    .data.SystemCoreClock  system_cs32f0xx.o
    0x20000008        -       0x00000004   Zero   RW           36    .bss.timing_delay   main.o
    0x2000000c   0x080017d0   0x00000004   PAD
    0x20000010        -       0x00000400   Zero   RW          584    STACK               startup_cs32f030.o


==============================================================================

Image component sizes


      Code (inc. data)   RO Data    RW Data    ZI Data      Debug   Object Name

       426          0          0          0          0       2356   cs32f0xx_gpio.o
        84          0          0          0          0       1474   cs32f0xx_int.o
       696         36         16          0          0       4458   cs32f0xx_rcu.o
       608         56         30          0          4       4623   main.o
        28          8        184          0       1024        648   startup_cs32f030.o
       232         36          0          4          0       2108   system_cs32f0xx.o

    ----------------------------------------------------------------------
      2078        136        262          4       1032      15667   Object Totals
         0          0         32          0          0          0   (incl. Generated)
         4          0          0          0          4          0   (incl. Padding)

    ----------------------------------------------------------------------

      Code (inc. data)   RO Data    RW Data    ZI Data      Debug   Library Member Name

         0          0          0          0          0          0   entry.o
         0          0          0          0          0          0   entry10a.o
         0          0          0          0          0          0   entry11a.o
         8          4          0          0          0          0   entry2.o
         4          0          0          0          0          0   entry5.o
         0          0          0          0          0          0   entry7b.o
         0          0          0          0          0          0   entry8b.o
         8          4          0          0          0          0   entry9a.o
        18          0          0          0          0         72   fputc.o
        30          0          0          0          0          0   handlers.o
        36          8          0          0          0         68   init.o
         0          0          0          0          0          0   iusefp.o
         0          0          0          0          0          0   iusesemip.o
        32          0          0          0          0         68   llshl.o
        38          0          0          0          0         68   llsshr.o
        34          0          0          0          0         68   llushr.o
      2252         98          0          0          0        412   printfa.o
         0          0          0          0          0          0   semi.o
         0          0          0          4          0          0   stdout.o
        44          0          0          0          0         72   uidiv.o
        96          0          0          0          0         84   uldiv.o
        40          2          0          0          0         68   cdrcmple.o
       356          4          0          0          0        140   dadd.o
       240          6          0          0          0         84   ddiv.o
       236          0          0          0          0        216   depilogue.o
        64         10          0          0          0         68   dfixul.o
       208          6          0          0          0         88   dmul.o

    ----------------------------------------------------------------------
      3744        142          0          4          0       1576   Library Totals
         0          0          0          0          0          0   (incl. Padding)

    ----------------------------------------------------------------------

      Code (inc. data)   RO Data    RW Data    ZI Data      Debug   Library Name

      2600        114          0          4          0        912   mc_p.l
      1144         28          0          0          0        664   mf_p.l

    ----------------------------------------------------------------------
      3744        142          0          4          0       1576   Library Totals

    ----------------------------------------------------------------------

==============================================================================


      Code (inc. data)   RO Data    RW Data    ZI Data      Debug   

      5822        278        262          8       1032      16575   Grand Totals
      5822        278        262          8       1032      16575   ELF Image Totals
      5822        278        262          8          0          0   ROM Totals

==============================================================================

    Total RO  Size (Code + RO Data)                 6084 (   5.94kB)
    Total RW  Size (RW Data + ZI Data)              1040 (   1.02kB)
    Total ROM Size (Code + RO Data + RW Data)       6092 (   5.95kB)

==============================================================================

